[2021-08-12T19:29:05.567+0000][1][gc] Using G1
[2021-08-12T19:29:05.576+0000][1][gc,init] Version: 16.0.1+9 (release)
[2021-08-12T19:29:05.576+0000][1][gc,init] CPUs: 12 total, 12 available
[2021-08-12T19:29:05.576+0000][1][gc,init] Memory: 15867M
[2021-08-12T19:29:05.576+0000][1][gc,init] Large Page Support: Disabled
[2021-08-12T19:29:05.576+0000][1][gc,init] NUMA Support: Disabled
[2021-08-12T19:29:05.576+0000][1][gc,init] Compressed Oops: Enabled (32-bit)
[2021-08-12T19:29:05.576+0000][1][gc,init] Heap Region Size: 1M
[2021-08-12T19:29:05.576+0000][1][gc,init] Heap Min Capacity: 2G
[2021-08-12T19:29:05.576+0000][1][gc,init] Heap Initial Capacity: 2G
[2021-08-12T19:29:05.576+0000][1][gc,init] Heap Max Capacity: 2G
[2021-08-12T19:29:05.576+0000][1][gc,init] Pre-touch: Disabled
[2021-08-12T19:29:05.576+0000][1][gc,init] Parallel Workers: 10
[2021-08-12T19:29:05.576+0000][1][gc,init] Concurrent Workers: 3
[2021-08-12T19:29:05.576+0000][1][gc,init] Concurrent Refinement Workers: 10
[2021-08-12T19:29:05.576+0000][1][gc,init] Periodic GC: Disabled
[2021-08-12T19:29:05.576+0000][1][gc,metaspace] CDS archive(s) mapped at: [0x0000000800000000-0x0000000800bea000-0x0000000800bea000), size 12492800, SharedBaseAddress: 0x0000000800000000, ArchiveRelocationMode: 0.
[2021-08-12T19:29:05.576+0000][1][gc,metaspace] Compressed class space mapped at: 0x0000000800c00000-0x0000000840c00000, reserved size: 1073741824
[2021-08-12T19:29:05.576+0000][1][gc,metaspace] Narrow klass base: 0x0000000800000000, Narrow klass shift: 3, Narrow klass range: 0x100000000
[2021-08-12T19:29:06.361+0000][1][safepoint   ] Safepoint "ICBufferFull", Time since last: 745080801 ns, Reaching safepoint: 106552 ns, At safepoint: 3547 ns, Total: 110099 ns
[2021-08-12T19:29:06.952+0000][1][safepoint   ] Safepoint "ICBufferFull", Time since last: 590647531 ns, Reaching safepoint: 110178 ns, At safepoint: 5227 ns, Total: 115405 ns
[2021-08-12T19:29:07.024+0000][1][gc,start    ] GC(0) Pause Young (Normal) (G1 Evacuation Pause)
[2021-08-12T19:29:07.024+0000][1][gc,task     ] GC(0) Using 10 workers of 10 for evacuation
[2021-08-12T19:29:07.024+0000][1][gc,age      ] GC(0) Desired survivor size 6815744 bytes, new threshold 15 (max threshold 15)
[2021-08-12T19:29:07.031+0000][1][gc,age      ] GC(0) Age table with threshold 15 (max threshold 15)
[2021-08-12T19:29:07.031+0000][1][gc,age      ] GC(0) - age   1:    9815384 bytes,    9815384 total
[2021-08-12T19:29:07.031+0000][1][gc,phases   ] GC(0)   Pre Evacuate Collection Set: 0.2ms
[2021-08-12T19:29:07.031+0000][1][gc,phases   ] GC(0)   Merge Heap Roots: 0.0ms
[2021-08-12T19:29:07.031+0000][1][gc,phases   ] GC(0)   Evacuate Collection Set: 4.7ms
[2021-08-12T19:29:07.031+0000][1][gc,phases   ] GC(0)   Post Evacuate Collection Set: 2.4ms
[2021-08-12T19:29:07.031+0000][1][gc,phases   ] GC(0)   Other: 0.5ms
[2021-08-12T19:29:07.031+0000][1][gc,heap     ] GC(0) Eden regions: 102->0(98)
[2021-08-12T19:29:07.031+0000][1][gc,heap     ] GC(0) Survivor regions: 0->10(13)
[2021-08-12T19:29:07.031+0000][1][gc,heap     ] GC(0) Old regions: 0->0
[2021-08-12T19:29:07.031+0000][1][gc,heap     ] GC(0) Archive regions: 2->2
[2021-08-12T19:29:07.031+0000][1][gc,heap     ] GC(0) Humongous regions: 1->1
[2021-08-12T19:29:07.031+0000][1][gc,metaspace] GC(0) Metaspace: 14322K(14592K)->14322K(14592K) NonClass: 12685K(12800K)->12685K(12800K) Class: 1636K(1792K)->1636K(1792K)
[2021-08-12T19:29:07.032+0000][1][gc          ] GC(0) Pause Young (Normal) (G1 Evacuation Pause) 103M->11M(2048M) 7.882ms
[2021-08-12T19:29:07.032+0000][1][gc,cpu      ] GC(0) User=0.04s Sys=0.00s Real=0.00s
[2021-08-12T19:29:07.032+0000][1][safepoint   ] Safepoint "G1CollectForAllocation", Time since last: 71533010 ns, Reaching safepoint: 44077 ns, At safepoint: 7960800 ns, Total: 8004877 ns
[2021-08-12T19:29:07.137+0000][1][gc,start    ] GC(1) Pause Young (Normal) (G1 Evacuation Pause)
[2021-08-12T19:29:07.138+0000][1][gc,task     ] GC(1) Using 10 workers of 10 for evacuation
[2021-08-12T19:29:07.138+0000][1][gc,age      ] GC(1) Desired survivor size 7340032 bytes, new threshold 1 (max threshold 15)
[2021-08-12T19:29:07.142+0000][1][gc,age      ] GC(1) Age table with threshold 1 (max threshold 15)
[2021-08-12T19:29:07.142+0000][1][gc,age      ] GC(1) - age   1:    1984088 bytes,    1984088 total
[2021-08-12T19:29:07.142+0000][1][gc,phases   ] GC(1)   Pre Evacuate Collection Set: 0.2ms
[2021-08-12T19:29:07.142+0000][1][gc,phases   ] GC(1)   Merge Heap Roots: 0.0ms
[2021-08-12T19:29:07.142+0000][1][gc,phases   ] GC(1)   Evacuate Collection Set: 3.4ms
[2021-08-12T19:29:07.142+0000][1][gc,phases   ] GC(1)   Post Evacuate Collection Set: 0.4ms
[2021-08-12T19:29:07.142+0000][1][gc,phases   ] GC(1)   Other: 0.2ms
[2021-08-12T19:29:07.142+0000][1][gc,heap     ] GC(1) Eden regions: 98->0(124)
[2021-08-12T19:29:07.142+0000][1][gc,heap     ] GC(1) Survivor regions: 10->3(14)
[2021-08-12T19:29:07.142+0000][1][gc,heap     ] GC(1) Old regions: 0->9
[2021-08-12T19:29:07.142+0000][1][gc,heap     ] GC(1) Archive regions: 2->2
[2021-08-12T19:29:07.142+0000][1][gc,heap     ] GC(1) Humongous regions: 1->1
[2021-08-12T19:29:07.142+0000][1][gc,metaspace] GC(1) Metaspace: 14502K(14784K)->14502K(14784K) NonClass: 12858K(12992K)->12858K(12992K) Class: 1644K(1792K)->1644K(1792K)
[2021-08-12T19:29:07.142+0000][1][gc          ] GC(1) Pause Young (Normal) (G1 Evacuation Pause) 109M->12M(2048M) 4.202ms
[2021-08-12T19:29:07.142+0000][1][gc,cpu      ] GC(1) User=0.02s Sys=0.00s Real=0.00s
[2021-08-12T19:29:07.142+0000][1][safepoint   ] Safepoint "G1CollectForAllocation", Time since last: 105888805 ns, Reaching safepoint: 44044 ns, At safepoint: 4258831 ns, Total: 4302875 ns
[2021-08-12T19:29:07.369+0000][1][gc,start    ] GC(2) Pause Young (Concurrent Start) (Metadata GC Threshold)
[2021-08-12T19:29:07.369+0000][1][gc,task     ] GC(2) Using 10 workers of 10 for evacuation
[2021-08-12T19:29:07.369+0000][1][gc,age      ] GC(2) Desired survivor size 8388608 bytes, new threshold 15 (max threshold 15)
[2021-08-12T19:29:07.371+0000][1][gc,age      ] GC(2) Age table with threshold 15 (max threshold 15)
[2021-08-12T19:29:07.371+0000][1][gc,age      ] GC(2) - age   1:    1696200 bytes,    1696200 total
[2021-08-12T19:29:07.371+0000][1][gc,age      ] GC(2) - age   2:      27288 bytes,    1723488 total
[2021-08-12T19:29:07.371+0000][1][gc,phases   ] GC(2)   Pre Evacuate Collection Set: 0.2ms
[2021-08-12T19:29:07.371+0000][1][gc,phases   ] GC(2)   Merge Heap Roots: 0.0ms
[2021-08-12T19:29:07.371+0000][1][gc,phases   ] GC(2)   Evacuate Collection Set: 0.9ms
[2021-08-12T19:29:07.371+0000][1][gc,phases   ] GC(2)   Post Evacuate Collection Set: 0.3ms
[2021-08-12T19:29:07.371+0000][1][gc,phases   ] GC(2)   Other: 0.3ms
[2021-08-12T19:29:07.371+0000][1][gc,heap     ] GC(2) Eden regions: 37->0(168)
[2021-08-12T19:29:07.371+0000][1][gc,heap     ] GC(2) Survivor regions: 3->2(16)
[2021-08-12T19:29:07.371+0000][1][gc,heap     ] GC(2) Old regions: 9->9
[2021-08-12T19:29:07.371+0000][1][gc,heap     ] GC(2) Archive regions: 2->2
[2021-08-12T19:29:07.371+0000][1][gc,heap     ] GC(2) Humongous regions: 1->1
[2021-08-12T19:29:07.371+0000][1][gc,metaspace] GC(2) Metaspace: 20980K(21248K)->20980K(21248K) NonClass: 18411K(18560K)->18411K(18560K) Class: 2569K(2688K)->2569K(2688K)
[2021-08-12T19:29:07.371+0000][1][gc          ] GC(2) Pause Young (Concurrent Start) (Metadata GC Threshold) 49M->12M(2048M) 1.734ms
[2021-08-12T19:29:07.371+0000][1][gc,cpu      ] GC(2) User=0.01s Sys=0.00s Real=0.00s
[2021-08-12T19:29:07.371+0000][1][safepoint   ] Safepoint "CollectForMetadataAllocation", Time since last: 227377124 ns, Reaching safepoint: 54673 ns, At safepoint: 1797666 ns, Total: 1852339 ns
[2021-08-12T19:29:07.371+0000][1][gc          ] GC(3) Concurrent Mark Cycle
[2021-08-12T19:29:07.371+0000][1][gc,marking  ] GC(3) Concurrent Clear Claimed Marks
[2021-08-12T19:29:07.371+0000][1][gc,marking  ] GC(3) Concurrent Clear Claimed Marks 0.012ms
[2021-08-12T19:29:07.371+0000][1][gc,marking  ] GC(3) Concurrent Scan Root Regions
[2021-08-12T19:29:07.372+0000][1][gc,marking  ] GC(3) Concurrent Scan Root Regions 0.843ms
[2021-08-12T19:29:07.372+0000][1][gc,marking  ] GC(3) Concurrent Mark
[2021-08-12T19:29:07.372+0000][1][gc,marking  ] GC(3) Concurrent Mark From Roots
[2021-08-12T19:29:07.372+0000][1][gc,task     ] GC(3) Using 3 workers of 3 for marking
[2021-08-12T19:29:07.375+0000][1][gc,marking  ] GC(3) Concurrent Mark From Roots 3.470ms
[2021-08-12T19:29:07.375+0000][1][gc,marking  ] GC(3) Concurrent Preclean
[2021-08-12T19:29:07.375+0000][1][gc,marking  ] GC(3) Concurrent Preclean 0.070ms
[2021-08-12T19:29:07.378+0000][1][gc,start    ] GC(3) Pause Remark
[2021-08-12T19:29:07.379+0000][1][gc          ] GC(3) Pause Remark 12M->12M(2048M) 1.361ms
[2021-08-12T19:29:07.379+0000][1][gc,cpu      ] GC(3) User=0.01s Sys=0.00s Real=0.00s
[2021-08-12T19:29:07.379+0000][1][safepoint   ] Safepoint "G1Concurrent", Time since last: 4510400 ns, Reaching safepoint: 2191031 ns, At safepoint: 1418386 ns, Total: 3609417 ns
[2021-08-12T19:29:07.379+0000][1][gc,marking  ] GC(3) Concurrent Mark 7.235ms
[2021-08-12T19:29:07.379+0000][1][gc,marking  ] GC(3) Concurrent Rebuild Remembered Sets
[2021-08-12T19:29:07.381+0000][1][gc,marking  ] GC(3) Concurrent Rebuild Remembered Sets 1.553ms
[2021-08-12T19:29:07.381+0000][1][gc,start    ] GC(3) Pause Cleanup
[2021-08-12T19:29:07.381+0000][1][gc          ] GC(3) Pause Cleanup 12M->12M(2048M) 0.224ms
[2021-08-12T19:29:07.381+0000][1][gc,cpu      ] GC(3) User=0.01s Sys=0.00s Real=0.00s
[2021-08-12T19:29:07.381+0000][1][safepoint   ] Safepoint "G1Concurrent", Time since last: 1607498 ns, Reaching safepoint: 339287 ns, At safepoint: 248919 ns, Total: 588206 ns
[2021-08-12T19:29:07.381+0000][1][gc,marking  ] GC(3) Concurrent Cleanup for Next Mark
[2021-08-12T19:29:07.385+0000][1][gc,marking  ] GC(3) Concurrent Cleanup for Next Mark 3.354ms
[2021-08-12T19:29:07.385+0000][1][gc          ] GC(3) Concurrent Mark Cycle 13.733ms
[2021-08-12T19:29:07.524+0000][1][safepoint   ] Safepoint "ICBufferFull", Time since last: 142577472 ns, Reaching safepoint: 86811 ns, At safepoint: 2632 ns, Total: 89443 ns
[2021-08-12T19:29:07.526+0000][1][safepoint   ] Safepoint "ICBufferFull", Time since last: 1999802 ns, Reaching safepoint: 30863 ns, At safepoint: 2051 ns, Total: 32914 ns
[2021-08-12T19:29:07.528+0000][1][safepoint   ] Safepoint "ICBufferFull", Time since last: 1866028 ns, Reaching safepoint: 29218 ns, At safepoint: 2621 ns, Total: 31839 ns
[2021-08-12T19:29:07.529+0000][1][safepoint   ] Safepoint "ICBufferFull", Time since last: 1588456 ns, Reaching safepoint: 28532 ns, At safepoint: 2366 ns, Total: 30898 ns
[2021-08-12T19:29:07.532+0000][1][safepoint   ] Safepoint "ICBufferFull", Time since last: 1995661 ns, Reaching safepoint: 31034 ns, At safepoint: 2548 ns, Total: 33582 ns
[2021-08-12T19:29:07.533+0000][1][safepoint   ] Safepoint "ICBufferFull", Time since last: 1509074 ns, Reaching safepoint: 25875 ns, At safepoint: 1968 ns, Total: 27843 ns
[2021-08-12T19:29:07.534+0000][1][safepoint   ] Safepoint "ICBufferFull", Time since last: 1255525 ns, Reaching safepoint: 25609 ns, At safepoint: 2898 ns, Total: 28507 ns
[2021-08-12T19:29:07.536+0000][1][safepoint   ] Safepoint "ICBufferFull", Time since last: 1319450 ns, Reaching safepoint: 93713 ns, At safepoint: 6447 ns, Total: 100160 ns
[2021-08-12T19:29:07.538+0000][1][safepoint   ] Safepoint "ICBufferFull", Time since last: 2338902 ns, Reaching safepoint: 31032 ns, At safepoint: 2187 ns, Total: 33219 ns
[2021-08-12T19:29:07.540+0000][1][safepoint   ] Safepoint "ICBufferFull", Time since last: 1994445 ns, Reaching safepoint: 32230 ns, At safepoint: 2230 ns, Total: 34460 ns
[2021-08-12T19:29:07.542+0000][1][safepoint   ] Safepoint "ICBufferFull", Time since last: 1649053 ns, Reaching safepoint: 30316 ns, At safepoint: 2061 ns, Total: 32377 ns
[2021-08-12T19:29:07.544+0000][1][safepoint   ] Safepoint "ICBufferFull", Time since last: 1732935 ns, Reaching safepoint: 30533 ns, At safepoint: 2590 ns, Total: 33123 ns
[2021-08-12T19:29:07.546+0000][1][safepoint   ] Safepoint "ICBufferFull", Time since last: 1967526 ns, Reaching safepoint: 26626 ns, At safepoint: 2361 ns, Total: 28987 ns
[2021-08-12T19:29:07.547+0000][1][safepoint   ] Safepoint "ICBufferFull", Time since last: 1686341 ns, Reaching safepoint: 27668 ns, At safepoint: 2121 ns, Total: 29789 ns
[2021-08-12T19:29:07.549+0000][1][safepoint   ] Safepoint "ICBufferFull", Time since last: 1301776 ns, Reaching safepoint: 24927 ns, At safepoint: 1728 ns, Total: 26655 ns
[2021-08-12T19:29:07.550+0000][1][safepoint   ] Safepoint "ICBufferFull", Time since last: 1397728 ns, Reaching safepoint: 23548 ns, At safepoint: 1682 ns, Total: 25230 ns
[2021-08-12T19:29:07.551+0000][1][safepoint   ] Safepoint "ICBufferFull", Time since last: 1346544 ns, Reaching safepoint: 26844 ns, At safepoint: 1755 ns, Total: 28599 ns
[2021-08-12T19:29:07.554+0000][1][safepoint   ] Safepoint "ICBufferFull", Time since last: 2209530 ns, Reaching safepoint: 33850 ns, At safepoint: 2987 ns, Total: 36837 ns
[2021-08-12T19:29:07.830+0000][1][safepoint   ] Safepoint "ICBufferFull", Time since last: 276143981 ns, Reaching safepoint: 74699 ns, At safepoint: 2237 ns, Total: 76936 ns
[2021-08-12T19:29:08.085+0000][1][gc,start    ] GC(4) Pause Young (Concurrent Start) (Metadata GC Threshold)
[2021-08-12T19:29:08.085+0000][1][gc,task     ] GC(4) Using 10 workers of 10 for evacuation
[2021-08-12T19:29:08.085+0000][1][gc,age      ] GC(4) Desired survivor size 12058624 bytes, new threshold 15 (max threshold 15)
[2021-08-12T19:29:08.087+0000][1][gc,age      ] GC(4) Age table with threshold 15 (max threshold 15)
[2021-08-12T19:29:08.088+0000][1][gc,age      ] GC(4) - age   1:    5572176 bytes,    5572176 total
[2021-08-12T19:29:08.088+0000][1][gc,age      ] GC(4) - age   2:    1636104 bytes,    7208280 total
[2021-08-12T19:29:08.088+0000][1][gc,age      ] GC(4) - age   3:      26968 bytes,    7235248 total
[2021-08-12T19:29:08.088+0000][1][gc,phases   ] GC(4)   Pre Evacuate Collection Set: 0.1ms
[2021-08-12T19:29:08.088+0000][1][gc,phases   ] GC(4)   Merge Heap Roots: 0.0ms
[2021-08-12T19:29:08.088+0000][1][gc,phases   ] GC(4)   Evacuate Collection Set: 2.2ms
[2021-08-12T19:29:08.088+0000][1][gc,phases   ] GC(4)   Post Evacuate Collection Set: 0.3ms
[2021-08-12T19:29:08.088+0000][1][gc,phases   ] GC(4)   Other: 0.2ms
[2021-08-12T19:29:08.088+0000][1][gc,heap     ] GC(4) Eden regions: 119->0(676)
[2021-08-12T19:29:08.088+0000][1][gc,heap     ] GC(4) Survivor regions: 2->8(23)
[2021-08-12T19:29:08.088+0000][1][gc,heap     ] GC(4) Old regions: 9->9
[2021-08-12T19:29:08.088+0000][1][gc,heap     ] GC(4) Archive regions: 2->2
[2021-08-12T19:29:08.088+0000][1][gc,heap     ] GC(4) Humongous regions: 2->1
[2021-08-12T19:29:08.088+0000][1][gc,metaspace] GC(4) Metaspace: 35236K(35520K)->35236K(35520K) NonClass: 30659K(30784K)->30659K(30784K) Class: 4576K(4736K)->4576K(4736K)
[2021-08-12T19:29:08.088+0000][1][gc          ] GC(4) Pause Young (Concurrent Start) (Metadata GC Threshold) 131M->17M(2048M) 2.926ms
[2021-08-12T19:29:08.088+0000][1][gc,cpu      ] GC(4) User=0.01s Sys=0.00s Real=0.00s
[2021-08-12T19:29:08.088+0000][1][gc          ] GC(5) Concurrent Mark Cycle
[2021-08-12T19:29:08.088+0000][1][safepoint   ] Safepoint "CollectForMetadataAllocation", Time since last: 254613420 ns, Reaching safepoint: 112261 ns, At safepoint: 2977373 ns, Total: 3089634 ns
[2021-08-12T19:29:08.088+0000][1][gc,marking  ] GC(5) Concurrent Clear Claimed Marks
[2021-08-12T19:29:08.088+0000][1][gc,marking  ] GC(5) Concurrent Clear Claimed Marks 0.027ms
[2021-08-12T19:29:08.088+0000][1][gc,marking  ] GC(5) Concurrent Scan Root Regions
[2021-08-12T19:29:08.089+0000][1][gc,marking  ] GC(5) Concurrent Scan Root Regions 1.141ms
[2021-08-12T19:29:08.089+0000][1][gc,marking  ] GC(5) Concurrent Mark
[2021-08-12T19:29:08.089+0000][1][gc,marking  ] GC(5) Concurrent Mark From Roots
[2021-08-12T19:29:08.089+0000][1][gc,task     ] GC(5) Using 3 workers of 3 for marking
[2021-08-12T19:29:08.092+0000][1][gc,marking  ] GC(5) Concurrent Mark From Roots 2.766ms
[2021-08-12T19:29:08.092+0000][1][gc,marking  ] GC(5) Concurrent Preclean
[2021-08-12T19:29:08.092+0000][1][gc,marking  ] GC(5) Concurrent Preclean 0.058ms
[2021-08-12T19:29:08.092+0000][1][gc,start    ] GC(5) Pause Remark
[2021-08-12T19:29:08.093+0000][1][gc          ] GC(5) Pause Remark 18M->18M(2048M) 0.743ms
[2021-08-12T19:29:08.093+0000][1][gc,cpu      ] GC(5) User=0.01s Sys=0.00s Real=0.00s
[2021-08-12T19:29:08.093+0000][1][safepoint   ] Safepoint "G1Concurrent", Time since last: 4060841 ns, Reaching safepoint: 82363 ns, At safepoint: 792215 ns, Total: 874578 ns
[2021-08-12T19:29:08.093+0000][1][gc,marking  ] GC(5) Concurrent Mark 3.744ms
[2021-08-12T19:29:08.093+0000][1][gc,marking  ] GC(5) Concurrent Rebuild Remembered Sets
[2021-08-12T19:29:08.094+0000][1][gc,marking  ] GC(5) Concurrent Rebuild Remembered Sets 1.131ms
[2021-08-12T19:29:08.094+0000][1][gc,start    ] GC(5) Pause Cleanup
[2021-08-12T19:29:08.094+0000][1][gc          ] GC(5) Pause Cleanup 18M->18M(2048M) 0.125ms
[2021-08-12T19:29:08.094+0000][1][gc,cpu      ] GC(5) User=0.00s Sys=0.00s Real=0.00s
[2021-08-12T19:29:08.094+0000][1][safepoint   ] Safepoint "G1Concurrent", Time since last: 1178738 ns, Reaching safepoint: 154435 ns, At safepoint: 158251 ns, Total: 312686 ns
[2021-08-12T19:29:08.094+0000][1][gc,marking  ] GC(5) Concurrent Cleanup for Next Mark
[2021-08-12T19:29:08.097+0000][1][gc,marking  ] GC(5) Concurrent Cleanup for Next Mark 2.942ms
[2021-08-12T19:29:08.097+0000][1][gc          ] GC(5) Concurrent Mark Cycle 9.421ms
[2021-08-12T19:29:08.299+0000][1][safepoint   ] Safepoint "ICBufferFull", Time since last: 204499060 ns, Reaching safepoint: 856021 ns, At safepoint: 7148 ns, Total: 863169 ns
[2021-08-12T19:29:08.574+0000][1][safepoint   ] Safepoint "ICBufferFull", Time since last: 274652833 ns, Reaching safepoint: 94097 ns, At safepoint: 4107 ns, Total: 98204 ns
[2021-08-12T19:29:08.873+0000][1][safepoint   ] Safepoint "ICBufferFull", Time since last: 298262673 ns, Reaching safepoint: 96243 ns, At safepoint: 3216 ns, Total: 99459 ns
[2021-08-12T19:29:09.115+0000][1][gc,start    ] GC(6) Pause Young (Concurrent Start) (Metadata GC Threshold)
[2021-08-12T19:29:09.115+0000][1][gc,task     ] GC(6) Using 10 workers of 10 for evacuation
[2021-08-12T19:29:09.115+0000][1][gc,age      ] GC(6) Desired survivor size 49807360 bytes, new threshold 15 (max threshold 15)
[2021-08-12T19:29:09.120+0000][1][gc,age      ] GC(6) Age table with threshold 15 (max threshold 15)
[2021-08-12T19:29:09.120+0000][1][gc,age      ] GC(6) - age   1:    8467648 bytes,    8467648 total
[2021-08-12T19:29:09.120+0000][1][gc,age      ] GC(6) - age   2:    5297264 bytes,   13764912 total
[2021-08-12T19:29:09.120+0000][1][gc,age      ] GC(6) - age   3:    1615808 bytes,   15380720 total
[2021-08-12T19:29:09.120+0000][1][gc,age      ] GC(6) - age   4:      26616 bytes,   15407336 total
[2021-08-12T19:29:09.120+0000][1][gc,phases   ] GC(6)   Pre Evacuate Collection Set: 0.1ms
[2021-08-12T19:29:09.120+0000][1][gc,phases   ] GC(6)   Merge Heap Roots: 0.0ms
[2021-08-12T19:29:09.120+0000][1][gc,phases   ] GC(6)   Evacuate Collection Set: 4.7ms
[2021-08-12T19:29:09.120+0000][1][gc,phases   ] GC(6)   Post Evacuate Collection Set: 0.5ms
[2021-08-12T19:29:09.120+0000][1][gc,phases   ] GC(6)   Other: 0.2ms
[2021-08-12T19:29:09.120+0000][1][gc,heap     ] GC(6) Eden regions: 109->0(812)
[2021-08-12T19:29:09.120+0000][1][gc,heap     ] GC(6) Survivor regions: 8->16(95)
[2021-08-12T19:29:09.120+0000][1][gc,heap     ] GC(6) Old regions: 9->9
[2021-08-12T19:29:09.120+0000][1][gc,heap     ] GC(6) Archive regions: 2->2
[2021-08-12T19:29:09.120+0000][1][gc,heap     ] GC(6) Humongous regions: 1->1
[2021-08-12T19:29:09.120+0000][1][gc,metaspace] GC(6) Metaspace: 59003K(59520K)->59003K(59520K) NonClass: 50991K(51264K)->50991K(51264K) Class: 8012K(8256K)->8012K(8256K)
[2021-08-12T19:29:09.120+0000][1][gc          ] GC(6) Pause Young (Concurrent Start) (Metadata GC Threshold) 126M->25M(2048M) 5.591ms
[2021-08-12T19:29:09.120+0000][1][gc,cpu      ] GC(6) User=0.05s Sys=0.00s Real=0.01s
[2021-08-12T19:29:09.120+0000][1][gc          ] GC(7) Concurrent Mark Cycle
[2021-08-12T19:29:09.120+0000][1][gc,marking  ] GC(7) Concurrent Clear Claimed Marks
[2021-08-12T19:29:09.120+0000][1][safepoint   ] Safepoint "CollectForMetadataAllocation", Time since last: 242065526 ns, Reaching safepoint: 75599 ns, At safepoint: 5655681 ns, Total: 5731280 ns
[2021-08-12T19:29:09.120+0000][1][gc,marking  ] GC(7) Concurrent Clear Claimed Marks 0.055ms
[2021-08-12T19:29:09.120+0000][1][gc,marking  ] GC(7) Concurrent Scan Root Regions
[2021-08-12T19:29:09.123+0000][1][gc,marking  ] GC(7) Concurrent Scan Root Regions 2.991ms
[2021-08-12T19:29:09.123+0000][1][gc,marking  ] GC(7) Concurrent Mark
[2021-08-12T19:29:09.123+0000][1][gc,marking  ] GC(7) Concurrent Mark From Roots
[2021-08-12T19:29:09.123+0000][1][gc,task     ] GC(7) Using 3 workers of 3 for marking
[2021-08-12T19:29:09.127+0000][1][gc,marking  ] GC(7) Concurrent Mark From Roots 3.386ms
[2021-08-12T19:29:09.127+0000][1][gc,marking  ] GC(7) Concurrent Preclean
[2021-08-12T19:29:09.127+0000][1][gc,marking  ] GC(7) Concurrent Preclean 0.060ms
[2021-08-12T19:29:09.127+0000][1][gc,start    ] GC(7) Pause Remark
[2021-08-12T19:29:09.128+0000][1][gc          ] GC(7) Pause Remark 27M->27M(2048M) 1.080ms
[2021-08-12T19:29:09.128+0000][1][gc,cpu      ] GC(7) User=0.01s Sys=0.00s Real=0.00s
[2021-08-12T19:29:09.128+0000][1][safepoint   ] Safepoint "G1Concurrent", Time since last: 6567655 ns, Reaching safepoint: 88508 ns, At safepoint: 1133694 ns, Total: 1222202 ns
[2021-08-12T19:29:09.128+0000][1][gc,marking  ] GC(7) Concurrent Mark 4.722ms
[2021-08-12T19:29:09.128+0000][1][gc,marking  ] GC(7) Concurrent Rebuild Remembered Sets
[2021-08-12T19:29:09.129+0000][1][gc,marking  ] GC(7) Concurrent Rebuild Remembered Sets 1.362ms
[2021-08-12T19:29:09.130+0000][1][gc,start    ] GC(7) Pause Cleanup
[2021-08-12T19:29:09.130+0000][1][gc          ] GC(7) Pause Cleanup 27M->27M(2048M) 0.127ms
[2021-08-12T19:29:09.130+0000][1][gc,cpu      ] GC(7) User=0.00s Sys=0.00s Real=0.00s
[2021-08-12T19:29:09.130+0000][1][safepoint   ] Safepoint "G1Concurrent", Time since last: 1415604 ns, Reaching safepoint: 580990 ns, At safepoint: 156987 ns, Total: 737977 ns
[2021-08-12T19:29:09.130+0000][1][gc,marking  ] GC(7) Concurrent Cleanup for Next Mark
[2021-08-12T19:29:09.132+0000][1][gc,marking  ] GC(7) Concurrent Cleanup for Next Mark 2.068ms
[2021-08-12T19:29:09.132+0000][1][gc          ] GC(7) Concurrent Mark Cycle 12.060ms
[2021-08-12T19:29:10.131+0000][1][safepoint   ] Safepoint "Cleanup", Time since last: 1000145473 ns, Reaching safepoint: 148942 ns, At safepoint: 12809 ns, Total: 161751 ns
[2021-08-12T19:29:12.131+0000][1][safepoint   ] Safepoint "Cleanup", Time since last: 2000341876 ns, Reaching safepoint: 133298 ns, At safepoint: 11965 ns, Total: 145263 ns
[2021-08-12T19:29:13.182+0000][1][safepoint   ] Safepoint "Cleanup", Time since last: 1050464716 ns, Reaching safepoint: 23011 ns, At safepoint: 1405 ns, Total: 24416 ns
[2021-08-12T19:29:13.262+0000][1][safepoint   ] Safepoint "ICBufferFull", Time since last: 79857886 ns, Reaching safepoint: 152023 ns, At safepoint: 9725 ns, Total: 161748 ns
[2021-08-12T19:29:14.262+0000][1][safepoint   ] Safepoint "Cleanup", Time since last: 1000178827 ns, Reaching safepoint: 196968 ns, At safepoint: 9759 ns, Total: 206727 ns
[2021-08-12T19:29:16.262+0000][1][safepoint   ] Safepoint "Cleanup", Time since last: 2000289262 ns, Reaching safepoint: 100117 ns, At safepoint: 11492 ns, Total: 111609 ns
[2021-08-12T19:29:19.263+0000][1][safepoint   ] Safepoint "Cleanup", Time since last: 3000478489 ns, Reaching safepoint: 183703 ns, At safepoint: 20720 ns, Total: 204423 ns
[2021-08-12T19:29:23.264+0000][1][safepoint   ] Safepoint "Cleanup", Time since last: 4000529650 ns, Reaching safepoint: 133458 ns, At safepoint: 12444 ns, Total: 145902 ns
[2021-08-12T19:29:24.264+0000][1][safepoint   ] Safepoint "Cleanup", Time since last: 1000224664 ns, Reaching safepoint: 196034 ns, At safepoint: 21475 ns, Total: 217509 ns
[2021-08-12T19:29:26.150+0000][1][safepoint   ] Safepoint "Cleanup", Time since last: 1885478144 ns, Reaching safepoint: 270815 ns, At safepoint: 42208 ns, Total: 313023 ns
[2021-08-12T19:29:27.179+0000][1][safepoint   ] Safepoint "Cleanup", Time since last: 1028629319 ns, Reaching safepoint: 289224 ns, At safepoint: 21424 ns, Total: 310648 ns
[2021-08-12T19:29:29.179+0000][1][safepoint   ] Safepoint "Cleanup", Time since last: 2000265960 ns, Reaching safepoint: 36976 ns, At safepoint: 4408 ns, Total: 41384 ns
[2021-08-12T19:29:34.180+0000][1][safepoint   ] Safepoint "Cleanup", Time since last: 5000550633 ns, Reaching safepoint: 94113 ns, At safepoint: 13702 ns, Total: 107815 ns
[2021-08-12T19:29:37.180+0000][1][safepoint   ] Safepoint "Cleanup", Time since last: 3000405159 ns, Reaching safepoint: 116552 ns, At safepoint: 11243 ns, Total: 127795 ns
[2021-08-12T19:29:39.181+0000][1][safepoint   ] Safepoint "Cleanup", Time since last: 2000344384 ns, Reaching safepoint: 112464 ns, At safepoint: 12459 ns, Total: 124923 ns
[2021-08-12T19:29:42.181+0000][1][safepoint   ] Safepoint "Cleanup", Time since last: 3000485237 ns, Reaching safepoint: 81929 ns, At safepoint: 12382 ns, Total: 94311 ns
[2021-08-12T19:30:02.184+0000][1][safepoint   ] Safepoint "Cleanup", Time since last: 20002455950 ns, Reaching safepoint: 171498 ns, At safepoint: 14551 ns, Total: 186049 ns
[2021-08-12T19:30:07.185+0000][1][safepoint   ] Safepoint "Cleanup", Time since last: 5000717619 ns, Reaching safepoint: 118501 ns, At safepoint: 11410 ns, Total: 129911 ns
[2021-08-12T19:30:09.185+0000][1][safepoint   ] Safepoint "Cleanup", Time since last: 2000345581 ns, Reaching safepoint: 139371 ns, At safepoint: 15465 ns, Total: 154836 ns
[2021-08-12T19:30:13.159+0000][1][safepoint   ] Safepoint "Cleanup", Time since last: 3973639484 ns, Reaching safepoint: 104032 ns, At safepoint: 8877 ns, Total: 112909 ns
[2021-08-12T19:30:14.159+0000][1][safepoint   ] Safepoint "Cleanup", Time since last: 1000125780 ns, Reaching safepoint: 143918 ns, At safepoint: 14447 ns, Total: 158365 ns
[2021-08-12T19:30:27.161+0000][1][safepoint   ] Safepoint "Cleanup", Time since last: 13001316393 ns, Reaching safepoint: 170029 ns, At safepoint: 15851 ns, Total: 185880 ns
[2021-08-12T19:30:28.161+0000][1][safepoint   ] Safepoint "Cleanup", Time since last: 1000215500 ns, Reaching safepoint: 100994 ns, At safepoint: 12048 ns, Total: 113042 ns
[2021-08-12T19:30:34.162+0000][1][safepoint   ] Safepoint "Cleanup", Time since last: 6000731967 ns, Reaching safepoint: 117332 ns, At safepoint: 10521 ns, Total: 127853 ns
[2021-08-12T19:30:39.163+0000][1][safepoint   ] Safepoint "Cleanup", Time since last: 5000686401 ns, Reaching safepoint: 96140 ns, At safepoint: 9456 ns, Total: 105596 ns
[2021-08-12T19:30:40.163+0000][1][safepoint   ] Safepoint "Cleanup", Time since last: 1000267951 ns, Reaching safepoint: 108796 ns, At safepoint: 11046 ns, Total: 119842 ns
[2021-08-12T19:30:44.164+0000][1][safepoint   ] Safepoint "Cleanup", Time since last: 4000505658 ns, Reaching safepoint: 135949 ns, At safepoint: 10955 ns, Total: 146904 ns
[2021-08-12T19:30:49.165+0000][1][safepoint   ] Safepoint "Cleanup", Time since last: 5000554951 ns, Reaching safepoint: 30519 ns, At safepoint: 2430 ns, Total: 32949 ns
[2021-08-12T19:30:51.165+0000][1][safepoint   ] Safepoint "Cleanup", Time since last: 2000175660 ns, Reaching safepoint: 36759 ns, At safepoint: 3017 ns, Total: 39776 ns
[2021-08-12T19:30:54.165+0000][1][safepoint   ] Safepoint "Cleanup", Time since last: 3000351090 ns, Reaching safepoint: 153894 ns, At safepoint: 12999 ns, Total: 166893 ns
[2021-08-12T19:31:03.167+0000][1][safepoint   ] Safepoint "Cleanup", Time since last: 9001193635 ns, Reaching safepoint: 88772 ns, At safepoint: 11487 ns, Total: 100259 ns
[2021-08-12T19:31:09.167+0000][1][safepoint   ] Safepoint "Cleanup", Time since last: 6000774643 ns, Reaching safepoint: 88008 ns, At safepoint: 11566 ns, Total: 99574 ns
[2021-08-12T19:31:10.168+0000][1][safepoint   ] Safepoint "Cleanup", Time since last: 1000234994 ns, Reaching safepoint: 108361 ns, At safepoint: 12140 ns, Total: 120501 ns
[2021-08-12T19:31:13.168+0000][1][safepoint   ] Safepoint "Cleanup", Time since last: 3000355646 ns, Reaching safepoint: 46713 ns, At safepoint: 3303 ns, Total: 50016 ns
[2021-08-12T19:31:24.170+0000][1][safepoint   ] Safepoint "Cleanup", Time since last: 11001334101 ns, Reaching safepoint: 214714 ns, At safepoint: 14716 ns, Total: 229430 ns
[2021-08-12T19:31:25.170+0000][1][safepoint   ] Safepoint "Cleanup", Time since last: 1000259117 ns, Reaching safepoint: 96155 ns, At safepoint: 9825 ns, Total: 105980 ns
[2021-08-12T19:31:26.171+0000][1][safepoint   ] Safepoint "Cleanup", Time since last: 1000223592 ns, Reaching safepoint: 197960 ns, At safepoint: 20254 ns, Total: 218214 ns
[2021-08-12T19:31:28.171+0000][1][safepoint   ] Safepoint "Cleanup", Time since last: 2000246636 ns, Reaching safepoint: 47280 ns, At safepoint: 15410 ns, Total: 62690 ns
[2021-08-12T19:31:29.171+0000][1][safepoint   ] Safepoint "Cleanup", Time since last: 1000082155 ns, Reaching safepoint: 181292 ns, At safepoint: 20487 ns, Total: 201779 ns
[2021-08-12T19:31:35.172+0000][1][safepoint   ] Safepoint "Cleanup", Time since last: 6000652867 ns, Reaching safepoint: 122594 ns, At safepoint: 9144 ns, Total: 131738 ns
[2021-08-12T19:31:37.172+0000][1][safepoint   ] Safepoint "Cleanup", Time since last: 2000330665 ns, Reaching safepoint: 118478 ns, At safepoint: 10554 ns, Total: 129032 ns
[2021-08-12T19:31:38.173+0000][1][safepoint   ] Safepoint "Cleanup", Time since last: 1000169335 ns, Reaching safepoint: 96173 ns, At safepoint: 10447 ns, Total: 106620 ns
[2021-08-12T19:31:39.173+0000][1][safepoint   ] Safepoint "Cleanup", Time since last: 1000223458 ns, Reaching safepoint: 130878 ns, At safepoint: 15633 ns, Total: 146511 ns
[2021-08-12T19:31:52.175+0000][1][safepoint   ] Safepoint "Cleanup", Time since last: 13001423205 ns, Reaching safepoint: 122830 ns, At safepoint: 14774 ns, Total: 137604 ns
[2021-08-12T19:32:05.176+0000][1][safepoint   ] Safepoint "Cleanup", Time since last: 13001275396 ns, Reaching safepoint: 141595 ns, At safepoint: 12688 ns, Total: 154283 ns
[2021-08-12T19:32:06.176+0000][1][safepoint   ] Safepoint "Cleanup", Time since last: 1000147651 ns, Reaching safepoint: 54844 ns, At safepoint: 3347 ns, Total: 58191 ns
[2021-08-12T19:32:09.177+0000][1][safepoint   ] Safepoint "Cleanup", Time since last: 3000235997 ns, Reaching safepoint: 36097 ns, At safepoint: 3332 ns, Total: 39429 ns
[2021-08-12T19:32:13.177+0000][1][safepoint   ] Safepoint "Cleanup", Time since last: 4000572432 ns, Reaching safepoint: 84233 ns, At safepoint: 5214 ns, Total: 89447 ns
[2021-08-12T19:32:27.179+0000][1][safepoint   ] Safepoint "Cleanup", Time since last: 14001304756 ns, Reaching safepoint: 47993 ns, At safepoint: 3088 ns, Total: 51081 ns
[2021-08-12T19:32:29.179+0000][1][safepoint   ] Safepoint "Cleanup", Time since last: 2000215512 ns, Reaching safepoint: 52027 ns, At safepoint: 3919 ns, Total: 55946 ns
[2021-08-12T19:32:31.179+0000][1][safepoint   ] Safepoint "Cleanup", Time since last: 2000287070 ns, Reaching safepoint: 46653 ns, At safepoint: 3620 ns, Total: 50273 ns
[2021-08-12T19:32:36.180+0000][1][safepoint   ] Safepoint "Cleanup", Time since last: 5000522135 ns, Reaching safepoint: 155753 ns, At safepoint: 14787 ns, Total: 170540 ns
[2021-08-12T19:32:43.181+0000][1][safepoint   ] Safepoint "Cleanup", Time since last: 7000890668 ns, Reaching safepoint: 47598 ns, At safepoint: 2849 ns, Total: 50447 ns
[2021-08-12T19:32:44.181+0000][1][safepoint   ] Safepoint "Cleanup", Time since last: 1000174706 ns, Reaching safepoint: 110516 ns, At safepoint: 11586 ns, Total: 122102 ns
[2021-08-12T19:32:58.183+0000][1][safepoint   ] Safepoint "Cleanup", Time since last: 14001958035 ns, Reaching safepoint: 133925 ns, At safepoint: 11412 ns, Total: 145337 ns
[2021-08-12T19:33:13.185+0000][1][safepoint   ] Safepoint "Cleanup", Time since last: 15001916854 ns, Reaching safepoint: 85220 ns, At safepoint: 27437 ns, Total: 112657 ns
[2021-08-12T19:33:14.186+0000][1][safepoint   ] Safepoint "Cleanup", Time since last: 1000207593 ns, Reaching safepoint: 138853 ns, At safepoint: 12326 ns, Total: 151179 ns
[2021-08-12T19:33:15.186+0000][1][safepoint   ] Safepoint "Cleanup", Time since last: 1000207154 ns, Reaching safepoint: 93975 ns, At safepoint: 11627 ns, Total: 105602 ns
[2021-08-12T19:33:18.187+0000][1][safepoint   ] Safepoint "Cleanup", Time since last: 3000490771 ns, Reaching safepoint: 104861 ns, At safepoint: 10072 ns, Total: 114933 ns
[2021-08-12T19:33:26.188+0000][1][safepoint   ] Safepoint "Cleanup", Time since last: 8000941071 ns, Reaching safepoint: 129132 ns, At safepoint: 14927 ns, Total: 144059 ns
[2021-08-12T19:33:30.188+0000][1][safepoint   ] Safepoint "Cleanup", Time since last: 4000380472 ns, Reaching safepoint: 78808 ns, At safepoint: 5176 ns, Total: 83984 ns
[2021-08-12T19:33:33.189+0000][1][safepoint   ] Safepoint "Cleanup", Time since last: 3000423965 ns, Reaching safepoint: 182021 ns, At safepoint: 20782 ns, Total: 202803 ns
[2021-08-12T19:33:35.189+0000][1][safepoint   ] Safepoint "Cleanup", Time since last: 2000298882 ns, Reaching safepoint: 164371 ns, At safepoint: 10399 ns, Total: 174770 ns
[2021-08-12T19:33:39.190+0000][1][safepoint   ] Safepoint "Cleanup", Time since last: 4000614510 ns, Reaching safepoint: 114667 ns, At safepoint: 12342 ns, Total: 127009 ns
[2021-08-12T19:33:55.192+0000][1][safepoint   ] Safepoint "Cleanup", Time since last: 16001932387 ns, Reaching safepoint: 167114 ns, At safepoint: 13327 ns, Total: 180441 ns
[2021-08-12T19:34:09.194+0000][1][safepoint   ] Safepoint "Cleanup", Time since last: 14001848150 ns, Reaching safepoint: 119312 ns, At safepoint: 15217 ns, Total: 134529 ns
[2021-08-12T19:34:13.195+0000][1][safepoint   ] Safepoint "Cleanup", Time since last: 4000598951 ns, Reaching safepoint: 125653 ns, At safepoint: 16658 ns, Total: 142311 ns
[2021-08-12T19:34:31.197+0000][1][safepoint   ] Safepoint "Cleanup", Time since last: 18002051302 ns, Reaching safepoint: 133740 ns, At safepoint: 13924 ns, Total: 147664 ns
[2021-08-12T19:34:39.198+0000][1][safepoint   ] Safepoint "Cleanup", Time since last: 8001023632 ns, Reaching safepoint: 75782 ns, At safepoint: 4242 ns, Total: 80024 ns
[2021-08-12T19:35:13.202+0000][1][safepoint   ] Safepoint "Cleanup", Time since last: 34003962521 ns, Reaching safepoint: 165026 ns, At safepoint: 29703 ns, Total: 194729 ns
[2021-08-12T19:35:18.203+0000][1][safepoint   ] Safepoint "Cleanup", Time since last: 5000608535 ns, Reaching safepoint: 94186 ns, At safepoint: 11691 ns, Total: 105877 ns
[2021-08-12T19:35:32.205+0000][1][safepoint   ] Safepoint "Cleanup", Time since last: 14001885472 ns, Reaching safepoint: 166827 ns, At safepoint: 16081 ns, Total: 182908 ns
[2021-08-12T19:35:34.205+0000][1][safepoint   ] Safepoint "Cleanup", Time since last: 2000277675 ns, Reaching safepoint: 109490 ns, At safepoint: 12624 ns, Total: 122114 ns
[2021-08-12T19:35:39.206+0000][1][safepoint   ] Safepoint "Cleanup", Time since last: 5000731094 ns, Reaching safepoint: 120103 ns, At safepoint: 10391 ns, Total: 130494 ns
[2021-08-12T19:35:59.209+0000][1][safepoint   ] Safepoint "Cleanup", Time since last: 20002299500 ns, Reaching safepoint: 116676 ns, At safepoint: 11347 ns, Total: 128023 ns
[2021-08-12T19:36:09.210+0000][1][safepoint   ] Safepoint "Cleanup", Time since last: 10001251686 ns, Reaching safepoint: 97944 ns, At safepoint: 11612 ns, Total: 109556 ns
[2021-08-12T19:36:13.211+0000][1][safepoint   ] Safepoint "Cleanup", Time since last: 4000614177 ns, Reaching safepoint: 162351 ns, At safepoint: 21333 ns, Total: 183684 ns
[2021-08-12T19:36:33.213+0000][1][safepoint   ] Safepoint "Cleanup", Time since last: 20002590885 ns, Reaching safepoint: 35407 ns, At safepoint: 3157 ns, Total: 38564 ns
[2021-08-12T19:36:40.214+0000][1][safepoint   ] Safepoint "Cleanup", Time since last: 7000909951 ns, Reaching safepoint: 77571 ns, At safepoint: 10915 ns, Total: 88486 ns
[2021-08-12T19:36:58.217+0000][1][safepoint   ] Safepoint "Cleanup", Time since last: 18002149267 ns, Reaching safepoint: 114904 ns, At safepoint: 10320 ns, Total: 125224 ns
[2021-08-12T19:37:13.219+0000][1][safepoint   ] Safepoint "Cleanup", Time since last: 15002002276 ns, Reaching safepoint: 37081 ns, At safepoint: 2872 ns, Total: 39953 ns
[2021-08-12T19:37:29.221+0000][1][safepoint   ] Safepoint "Cleanup", Time since last: 16001774999 ns, Reaching safepoint: 48459 ns, At safepoint: 16094 ns, Total: 64553 ns
[2021-08-12T19:37:34.221+0000][1][safepoint   ] Safepoint "Cleanup", Time since last: 5000554517 ns, Reaching safepoint: 65028 ns, At safepoint: 4601 ns, Total: 69629 ns
[2021-08-12T19:37:53.223+0000][1][safepoint   ] Safepoint "Cleanup", Time since last: 19002092919 ns, Reaching safepoint: 57799 ns, At safepoint: 3411 ns, Total: 61210 ns
[2021-08-12T19:37:59.224+0000][1][safepoint   ] Safepoint "Cleanup", Time since last: 6000738790 ns, Reaching safepoint: 100301 ns, At safepoint: 12228 ns, Total: 112529 ns
[2021-08-12T19:38:03.225+0000][1][safepoint   ] Safepoint "Cleanup", Time since last: 4000553311 ns, Reaching safepoint: 78353 ns, At safepoint: 11115 ns, Total: 89468 ns
[2021-08-12T19:38:13.226+0000][1][safepoint   ] Safepoint "Cleanup", Time since last: 10001120561 ns, Reaching safepoint: 41510 ns, At safepoint: 10573 ns, Total: 52083 ns
[2021-08-12T19:38:34.228+0000][1][safepoint   ] Safepoint "Cleanup", Time since last: 21002074750 ns, Reaching safepoint: 134791 ns, At safepoint: 14637 ns, Total: 149428 ns
[2021-08-12T19:38:35.229+0000][1][safepoint   ] Safepoint "Cleanup", Time since last: 1000231675 ns, Reaching safepoint: 102610 ns, At safepoint: 11508 ns, Total: 114118 ns
[2021-08-12T19:38:36.229+0000][1][safepoint   ] Safepoint "Cleanup", Time since last: 1000228366 ns, Reaching safepoint: 77986 ns, At safepoint: 11568 ns, Total: 89554 ns
[2021-08-12T19:39:08.817+0000][1][safepoint   ] Safepoint "Cleanup", Time since last: 32587839152 ns, Reaching safepoint: 47561 ns, At safepoint: 3432 ns, Total: 50993 ns
[2021-08-12T19:39:09.817+0000][1][safepoint   ] Safepoint "Cleanup", Time since last: 1000166439 ns, Reaching safepoint: 194671 ns, At safepoint: 17333 ns, Total: 212004 ns
[2021-08-12T19:39:13.835+0000][1][safepoint   ] Safepoint "Cleanup", Time since last: 4017981284 ns, Reaching safepoint: 187762 ns, At safepoint: 13061 ns, Total: 200823 ns
[2021-08-12T19:39:36.838+0000][1][safepoint   ] Safepoint "Cleanup", Time since last: 23002478940 ns, Reaching safepoint: 120172 ns, At safepoint: 14850 ns, Total: 135022 ns
[2021-08-12T19:39:39.839+0000][1][safepoint   ] Safepoint "Cleanup", Time since last: 3000391663 ns, Reaching safepoint: 137138 ns, At safepoint: 12813 ns, Total: 149951 ns
[2021-08-12T19:40:00.841+0000][1][safepoint   ] Safepoint "Cleanup", Time since last: 21002451324 ns, Reaching safepoint: 112933 ns, At safepoint: 11269 ns, Total: 124202 ns
[2021-08-12T19:40:04.842+0000][1][safepoint   ] Safepoint "Cleanup", Time since last: 4000571991 ns, Reaching safepoint: 104302 ns, At safepoint: 12395 ns, Total: 116697 ns
[2021-08-12T19:40:09.843+0000][1][safepoint   ] Safepoint "Cleanup", Time since last: 5000670129 ns, Reaching safepoint: 102345 ns, At safepoint: 13184 ns, Total: 115529 ns
[2021-08-12T19:40:13.843+0000][1][safepoint   ] Safepoint "Cleanup", Time since last: 4000390456 ns, Reaching safepoint: 95373 ns, At safepoint: 11532 ns, Total: 106905 ns
[2021-08-12T19:40:37.846+0000][1][safepoint   ] Safepoint "Cleanup", Time since last: 24002694200 ns, Reaching safepoint: 93327 ns, At safepoint: 11432 ns, Total: 104759 ns
[2021-08-12T19:40:38.846+0000][1][safepoint   ] Safepoint "Cleanup", Time since last: 1000235030 ns, Reaching safepoint: 103172 ns, At safepoint: 11423 ns, Total: 114595 ns
[2021-08-12T19:40:39.847+0000][1][safepoint   ] Safepoint "Cleanup", Time since last: 1000220537 ns, Reaching safepoint: 109978 ns, At safepoint: 12924 ns, Total: 122902 ns
[2021-08-12T19:41:09.850+0000][1][safepoint   ] Safepoint "Cleanup", Time since last: 30003699266 ns, Reaching safepoint: 49427 ns, At safepoint: 3409 ns, Total: 52836 ns
[2021-08-12T19:41:13.851+0000][1][safepoint   ] Safepoint "Cleanup", Time since last: 4000476403 ns, Reaching safepoint: 41937 ns, At safepoint: 3495 ns, Total: 45432 ns
[2021-08-12T19:41:38.854+0000][1][safepoint   ] Safepoint "Cleanup", Time since last: 25002973181 ns, Reaching safepoint: 160118 ns, At safepoint: 14941 ns, Total: 175059 ns
[2021-08-12T19:42:13.859+0000][1][safepoint   ] Safepoint "Cleanup", Time since last: 35004424889 ns, Reaching safepoint: 150830 ns, At safepoint: 14920 ns, Total: 165750 ns
[2021-08-12T19:42:39.862+0000][1][safepoint   ] Safepoint "Cleanup", Time since last: 26003243448 ns, Reaching safepoint: 148260 ns, At safepoint: 10670 ns, Total: 158930 ns
[2021-08-12T19:43:13.866+0000][1][safepoint   ] Safepoint "Cleanup", Time since last: 34003939594 ns, Reaching safepoint: 131115 ns, At safepoint: 14594 ns, Total: 145709 ns
[2021-08-12T19:43:23.868+0000][1][safepoint   ] Safepoint "Cleanup", Time since last: 10001420258 ns, Reaching safepoint: 119512 ns, At safepoint: 10721 ns, Total: 130233 ns
[2021-08-12T19:43:39.870+0000][1][safepoint   ] Safepoint "Cleanup", Time since last: 16002181579 ns, Reaching safepoint: 119008 ns, At safepoint: 11444 ns, Total: 130452 ns
[2021-08-12T19:43:40.870+0000][1][safepoint   ] Safepoint "Cleanup", Time since last: 1000220017 ns, Reaching safepoint: 124266 ns, At safepoint: 15804 ns, Total: 140070 ns
[2021-08-12T19:44:09.874+0000][1][safepoint   ] Safepoint "Cleanup", Time since last: 29003918220 ns, Reaching safepoint: 152584 ns, At safepoint: 12074 ns, Total: 164658 ns
[2021-08-12T19:44:13.875+0000][1][safepoint   ] Safepoint "Cleanup", Time since last: 4000608489 ns, Reaching safepoint: 134047 ns, At safepoint: 15318 ns, Total: 149365 ns
[2021-08-12T19:44:41.879+0000][1][safepoint   ] Safepoint "Cleanup", Time since last: 28003436287 ns, Reaching safepoint: 152760 ns, At safepoint: 9703 ns, Total: 162463 ns
[2021-08-12T19:45:13.883+0000][1][safepoint   ] Safepoint "Cleanup", Time since last: 32004302841 ns, Reaching safepoint: 154192 ns, At safepoint: 11949 ns, Total: 166141 ns
[2021-08-12T19:45:42.887+0000][1][safepoint   ] Safepoint "Cleanup", Time since last: 29003754350 ns, Reaching safepoint: 165775 ns, At safepoint: 14969 ns, Total: 180744 ns
[2021-08-12T19:46:03.890+0000][1][safepoint   ] Safepoint "Cleanup", Time since last: 21002618214 ns, Reaching safepoint: 168245 ns, At safepoint: 15425 ns, Total: 183670 ns
[2021-08-12T19:46:13.891+0000][1][safepoint   ] Safepoint "Cleanup", Time since last: 10001352541 ns, Reaching safepoint: 127996 ns, At safepoint: 16100 ns, Total: 144096 ns
[2021-08-12T19:46:28.894+0000][1][safepoint   ] Safepoint "Cleanup", Time since last: 15001958004 ns, Reaching safepoint: 152785 ns, At safepoint: 14884 ns, Total: 167669 ns
[2021-08-12T19:46:43.896+0000][1][safepoint   ] Safepoint "Cleanup", Time since last: 15001949278 ns, Reaching safepoint: 127981 ns, At safepoint: 15386 ns, Total: 143367 ns
[2021-08-12T19:47:13.900+0000][1][safepoint   ] Safepoint "Cleanup", Time since last: 30003858811 ns, Reaching safepoint: 142025 ns, At safepoint: 16480 ns, Total: 158505 ns
[2021-08-12T19:47:44.904+0000][1][safepoint   ] Safepoint "Cleanup", Time since last: 31003751903 ns, Reaching safepoint: 146682 ns, At safepoint: 11334 ns, Total: 158016 ns
[2021-08-12T19:48:09.907+0000][1][safepoint   ] Safepoint "Cleanup", Time since last: 25003151736 ns, Reaching safepoint: 144187 ns, At safepoint: 11635 ns, Total: 155822 ns
[2021-08-12T19:48:13.908+0000][1][safepoint   ] Safepoint "Cleanup", Time since last: 4000531889 ns, Reaching safepoint: 161786 ns, At safepoint: 14776 ns, Total: 176562 ns
[2021-08-12T19:48:45.911+0000][1][safepoint   ] Safepoint "Cleanup", Time since last: 32003568547 ns, Reaching safepoint: 164079 ns, At safepoint: 14987 ns, Total: 179066 ns
[2021-08-12T19:49:09.914+0000][1][safepoint   ] Safepoint "Cleanup", Time since last: 24002319020 ns, Reaching safepoint: 116953 ns, At safepoint: 14935 ns, Total: 131888 ns
[2021-08-12T19:49:13.915+0000][1][safepoint   ] Safepoint "Cleanup", Time since last: 4000559789 ns, Reaching safepoint: 153748 ns, At safepoint: 12418 ns, Total: 166166 ns
[2021-08-12T19:49:39.917+0000][1][safepoint   ] Safepoint "Cleanup", Time since last: 26002684444 ns, Reaching safepoint: 90920 ns, At safepoint: 12490 ns, Total: 103410 ns
[2021-08-12T19:49:46.919+0000][1][safepoint   ] Safepoint "Cleanup", Time since last: 7001008354 ns, Reaching safepoint: 140887 ns, At safepoint: 12216 ns, Total: 153103 ns
[2021-08-12T19:50:13.922+0000][1][safepoint   ] Safepoint "Cleanup", Time since last: 27002941406 ns, Reaching safepoint: 178617 ns, At safepoint: 15954 ns, Total: 194571 ns
[2021-08-12T19:50:33.924+0000][1][safepoint   ] Safepoint "Cleanup", Time since last: 20002030371 ns, Reaching safepoint: 53152 ns, At safepoint: 4979 ns, Total: 58131 ns
[2021-08-12T19:50:47.925+0000][1][safepoint   ] Safepoint "Cleanup", Time since last: 14001370928 ns, Reaching safepoint: 87146 ns, At safepoint: 4761 ns, Total: 91907 ns
[2021-08-12T19:50:53.926+0000][1][safepoint   ] Safepoint "Cleanup", Time since last: 6000776429 ns, Reaching safepoint: 169274 ns, At safepoint: 20862 ns, Total: 190136 ns
[2021-08-12T19:51:06.928+0000][1][safepoint   ] Safepoint "Cleanup", Time since last: 13001535898 ns, Reaching safepoint: 145771 ns, At safepoint: 11639 ns, Total: 157410 ns
[2021-08-12T19:51:13.929+0000][1][safepoint   ] Safepoint "Cleanup", Time since last: 7000945344 ns, Reaching safepoint: 172556 ns, At safepoint: 14316 ns, Total: 186872 ns
[2021-08-12T19:51:36.932+0000][1][safepoint   ] Safepoint "Cleanup", Time since last: 23002856745 ns, Reaching safepoint: 146470 ns, At safepoint: 11093 ns, Total: 157563 ns
[2021-08-12T19:51:37.932+0000][1][safepoint   ] Safepoint "Cleanup", Time since last: 1000211878 ns, Reaching safepoint: 76381 ns, At safepoint: 11140 ns, Total: 87521 ns
[2021-08-12T19:51:39.933+0000][1][safepoint   ] Safepoint "Cleanup", Time since last: 2000352551 ns, Reaching safepoint: 107596 ns, At safepoint: 17598 ns, Total: 125194 ns
[2021-08-12T19:51:48.934+0000][1][safepoint   ] Safepoint "Cleanup", Time since last: 9001200340 ns, Reaching safepoint: 145380 ns, At safepoint: 11472 ns, Total: 156852 ns
[2021-08-12T19:52:13.937+0000][1][safepoint   ] Safepoint "Cleanup", Time since last: 25003094352 ns, Reaching safepoint: 180118 ns, At safepoint: 16782 ns, Total: 196900 ns
[2021-08-12T19:52:49.941+0000][1][safepoint   ] Safepoint "Cleanup", Time since last: 36003665648 ns, Reaching safepoint: 170670 ns, At safepoint: 13722 ns, Total: 184392 ns
[2021-08-12T19:53:09.943+0000][1][safepoint   ] Safepoint "Cleanup", Time since last: 20001917500 ns, Reaching safepoint: 135714 ns, At safepoint: 10255 ns, Total: 145969 ns
[2021-08-12T19:53:13.944+0000][1][safepoint   ] Safepoint "Cleanup", Time since last: 4000372357 ns, Reaching safepoint: 197519 ns, At safepoint: 12504 ns, Total: 210023 ns
[2021-08-12T19:53:39.947+0000][1][safepoint   ] Safepoint "Cleanup", Time since last: 26002409275 ns, Reaching safepoint: 176120 ns, At safepoint: 18368 ns, Total: 194488 ns
[2021-08-12T19:53:50.948+0000][1][safepoint   ] Safepoint "Cleanup", Time since last: 11001215556 ns, Reaching safepoint: 217143 ns, At safepoint: 20254 ns, Total: 237397 ns
[2021-08-12T19:54:13.184+0000][1][safepoint   ] Safepoint "Cleanup", Time since last: 22235747502 ns, Reaching safepoint: 48210 ns, At safepoint: 3282 ns, Total: 51492 ns
[2021-08-12T19:54:14.184+0000][1][safepoint   ] Safepoint "Cleanup", Time since last: 1000123888 ns, Reaching safepoint: 188733 ns, At safepoint: 16456 ns, Total: 205189 ns
[2021-08-12T19:54:39.187+0000][1][safepoint   ] Safepoint "Cleanup", Time since last: 25002559978 ns, Reaching safepoint: 138861 ns, At safepoint: 11497 ns, Total: 150358 ns
[2021-08-12T19:54:51.188+0000][1][safepoint   ] Safepoint "Cleanup", Time since last: 12000986505 ns, Reaching safepoint: 137278 ns, At safepoint: 11013 ns, Total: 148291 ns
[2021-08-12T19:55:13.190+0000][1][safepoint   ] Safepoint "Cleanup", Time since last: 22001983819 ns, Reaching safepoint: 116267 ns, At safepoint: 14278 ns, Total: 130545 ns
[2021-08-12T19:55:52.194+0000][1][safepoint   ] Safepoint "Cleanup", Time since last: 39003730930 ns, Reaching safepoint: 47786 ns, At safepoint: 3045 ns, Total: 50831 ns
[2021-08-12T19:56:09.195+0000][1][safepoint   ] Safepoint "Cleanup", Time since last: 17001296449 ns, Reaching safepoint: 82215 ns, At safepoint: 10312 ns, Total: 92527 ns
[2021-08-12T19:56:13.196+0000][1][safepoint   ] Safepoint "Cleanup", Time since last: 4000397377 ns, Reaching safepoint: 119379 ns, At safepoint: 18525 ns, Total: 137904 ns
[2021-08-12T19:56:53.200+0000][1][safepoint   ] Safepoint "Cleanup", Time since last: 40003898908 ns, Reaching safepoint: 245610 ns, At safepoint: 11625 ns, Total: 257235 ns
[2021-08-12T19:57:09.202+0000][1][safepoint   ] Safepoint "Cleanup", Time since last: 16001998415 ns, Reaching safepoint: 31204 ns, At safepoint: 3133 ns, Total: 34337 ns
[2021-08-12T19:57:13.203+0000][1][safepoint   ] Safepoint "Cleanup", Time since last: 4000481320 ns, Reaching safepoint: 160545 ns, At safepoint: 10527 ns, Total: 171072 ns
[2021-08-12T19:57:54.206+0000][1][safepoint   ] Safepoint "Cleanup", Time since last: 41003830878 ns, Reaching safepoint: 43745 ns, At safepoint: 2702 ns, Total: 46447 ns
[2021-08-12T19:58:13.208+0000][1][safepoint   ] Safepoint "Cleanup", Time since last: 19001664753 ns, Reaching safepoint: 177872 ns, At safepoint: 12279 ns, Total: 190151 ns
[2021-08-12T19:58:28.210+0000][1][safepoint   ] Safepoint "Cleanup", Time since last: 15001485894 ns, Reaching safepoint: 143889 ns, At safepoint: 18754 ns, Total: 162643 ns
[2021-08-12T19:58:55.213+0000][1][safepoint   ] Safepoint "Cleanup", Time since last: 27002696024 ns, Reaching safepoint: 153683 ns, At safepoint: 29720 ns, Total: 183403 ns
[2021-08-12T19:59:09.215+0000][1][safepoint   ] Safepoint "Cleanup", Time since last: 14001487689 ns, Reaching safepoint: 155127 ns, At safepoint: 13024 ns, Total: 168151 ns
[2021-08-12T19:59:10.215+0000][1][safepoint   ] Safepoint "Cleanup", Time since last: 1000177642 ns, Reaching safepoint: 96436 ns, At safepoint: 10290 ns, Total: 106726 ns
[2021-08-12T19:59:13.215+0000][1][safepoint   ] Safepoint "Cleanup", Time since last: 3000404945 ns, Reaching safepoint: 131628 ns, At safepoint: 14595 ns, Total: 146223 ns
[2021-08-12T19:59:56.219+0000][1][safepoint   ] Safepoint "Cleanup", Time since last: 43004019818 ns, Reaching safepoint: 38100 ns, At safepoint: 4247 ns, Total: 42347 ns
[2021-08-12T20:00:09.221+0000][1][safepoint   ] Safepoint "Cleanup", Time since last: 13001130494 ns, Reaching safepoint: 61220 ns, At safepoint: 2933 ns, Total: 64153 ns
[2021-08-12T20:00:13.221+0000][1][safepoint   ] Safepoint "Cleanup", Time since last: 4000424979 ns, Reaching safepoint: 58314 ns, At safepoint: 3459 ns, Total: 61773 ns
[2021-08-12T20:00:19.222+0000][1][safepoint   ] Safepoint "Cleanup", Time since last: 6000532715 ns, Reaching safepoint: 26921 ns, At safepoint: 3188 ns, Total: 30109 ns
[2021-08-12T20:00:57.225+0000][1][safepoint   ] Safepoint "Cleanup", Time since last: 38003031114 ns, Reaching safepoint: 47489 ns, At safepoint: 3094 ns, Total: 50583 ns
[2021-08-12T20:01:13.226+0000][1][safepoint   ] Safepoint "Cleanup", Time since last: 16001364596 ns, Reaching safepoint: 36313 ns, At safepoint: 2801 ns, Total: 39114 ns
[2021-08-12T20:01:58.230+0000][1][safepoint   ] Safepoint "Cleanup", Time since last: 45003817819 ns, Reaching safepoint: 116931 ns, At safepoint: 14765 ns, Total: 131696 ns
[2021-08-12T20:02:13.231+0000][1][safepoint   ] Safepoint "Cleanup", Time since last: 15001273078 ns, Reaching safepoint: 83829 ns, At safepoint: 3800 ns, Total: 87629 ns
[2021-08-12T20:02:39.234+0000][1][safepoint   ] Safepoint "Cleanup", Time since last: 26002201906 ns, Reaching safepoint: 78959 ns, At safepoint: 10962 ns, Total: 89921 ns
[2021-08-12T20:02:59.236+0000][1][safepoint   ] Safepoint "Cleanup", Time since last: 20001685521 ns, Reaching safepoint: 74241 ns, At safepoint: 2969 ns, Total: 77210 ns
[2021-08-12T20:03:13.237+0000][1][safepoint   ] Safepoint "Cleanup", Time since last: 14000981763 ns, Reaching safepoint: 43099 ns, At safepoint: 4050 ns, Total: 47149 ns
[2021-08-12T20:04:00.240+0000][1][safepoint   ] Safepoint "Cleanup", Time since last: 47003845420 ns, Reaching safepoint: 71676 ns, At safepoint: 5170 ns, Total: 76846 ns
[2021-08-12T20:04:04.241+0000][1][safepoint   ] Safepoint "Cleanup", Time since last: 4000416696 ns, Reaching safepoint: 129710 ns, At safepoint: 12498 ns, Total: 142208 ns
[2021-08-12T20:04:13.242+0000][1][safepoint   ] Safepoint "Cleanup", Time since last: 9001073466 ns, Reaching safepoint: 100529 ns, At safepoint: 9010 ns, Total: 109539 ns
[2021-08-12T20:04:45.245+0000][1][safepoint   ] Safepoint "Cleanup", Time since last: 32002793467 ns, Reaching safepoint: 38790 ns, At safepoint: 2907 ns, Total: 41697 ns
[2021-08-12T20:05:01.247+0000][1][safepoint   ] Safepoint "Cleanup", Time since last: 16001541444 ns, Reaching safepoint: 40509 ns, At safepoint: 3287 ns, Total: 43796 ns
[2021-08-12T20:05:13.248+0000][1][safepoint   ] Safepoint "Cleanup", Time since last: 12001038134 ns, Reaching safepoint: 199514 ns, At safepoint: 20649 ns, Total: 220163 ns
[2021-08-12T20:06:02.252+0000][1][safepoint   ] Safepoint "Cleanup", Time since last: 49003936516 ns, Reaching safepoint: 172527 ns, At safepoint: 11481 ns, Total: 184008 ns
[2021-08-12T20:06:13.253+0000][1][safepoint   ] Safepoint "Cleanup", Time since last: 11000956356 ns, Reaching safepoint: 172323 ns, At safepoint: 11711 ns, Total: 184034 ns
[2021-08-12T20:06:38.255+0000][1][safepoint   ] Safepoint "Cleanup", Time since last: 25001949865 ns, Reaching safepoint: 43571 ns, At safepoint: 2551 ns, Total: 46122 ns
[2021-08-12T20:07:03.257+0000][1][safepoint   ] Safepoint "Cleanup", Time since last: 25001870108 ns, Reaching safepoint: 159401 ns, At safepoint: 11708 ns, Total: 171109 ns
[2021-08-12T20:07:13.258+0000][1][safepoint   ] Safepoint "Cleanup", Time since last: 10000923490 ns, Reaching safepoint: 25749 ns, At safepoint: 3345 ns, Total: 29094 ns
[2021-08-12T20:07:28.259+0000][1][safepoint   ] Safepoint "Cleanup", Time since last: 15001158415 ns, Reaching safepoint: 43539 ns, At safepoint: 2946 ns, Total: 46485 ns
[2021-08-12T20:07:39.260+0000][1][safepoint   ] Safepoint "Cleanup", Time since last: 11000845212 ns, Reaching safepoint: 114095 ns, At safepoint: 15602 ns, Total: 129697 ns
[2021-08-12T20:08:04.263+0000][1][safepoint   ] Safepoint "Cleanup", Time since last: 25002310046 ns, Reaching safepoint: 59783 ns, At safepoint: 3855 ns, Total: 63638 ns
[2021-08-12T20:08:13.264+0000][1][safepoint   ] Safepoint "Cleanup", Time since last: 9000749447 ns, Reaching safepoint: 120419 ns, At safepoint: 12556 ns, Total: 132975 ns
[2021-08-12T20:09:05.268+0000][1][safepoint   ] Safepoint "Cleanup", Time since last: 52004395021 ns, Reaching safepoint: 125312 ns, At safepoint: 11306 ns, Total: 136618 ns
[2021-08-12T20:09:09.269+0000][1][safepoint   ] Safepoint "Cleanup", Time since last: 4000423343 ns, Reaching safepoint: 100864 ns, At safepoint: 14035 ns, Total: 114899 ns
[2021-08-12T20:09:13.269+0000][1][safepoint   ] Safepoint "Cleanup", Time since last: 4000434894 ns, Reaching safepoint: 100386 ns, At safepoint: 4633 ns, Total: 105019 ns
[2021-08-12T20:09:39.272+0000][1][safepoint   ] Safepoint "Cleanup", Time since last: 26002575155 ns, Reaching safepoint: 165394 ns, At safepoint: 25578 ns, Total: 190972 ns
[2021-08-12T20:10:06.275+0000][1][safepoint   ] Safepoint "Cleanup", Time since last: 27002620228 ns, Reaching safepoint: 33970 ns, At safepoint: 2720 ns, Total: 36690 ns
[2021-08-12T20:10:13.275+0000][1][safepoint   ] Safepoint "Cleanup", Time since last: 7000565958 ns, Reaching safepoint: 152795 ns, At safepoint: 11743 ns, Total: 164538 ns
[2021-08-12T20:11:07.280+0000][1][safepoint   ] Safepoint "Cleanup", Time since last: 54004406898 ns, Reaching safepoint: 152637 ns, At safepoint: 11560 ns, Total: 164197 ns
[2021-08-12T20:11:13.280+0000][1][safepoint   ] Safepoint "Cleanup", Time since last: 6000525363 ns, Reaching safepoint: 49448 ns, At safepoint: 2679 ns, Total: 52127 ns
[2021-08-12T20:12:08.285+0000][1][safepoint   ] Safepoint "Cleanup", Time since last: 55004387815 ns, Reaching safepoint: 64408 ns, At safepoint: 14837 ns, Total: 79245 ns
[2021-08-12T20:12:13.286+0000][1][safepoint   ] Safepoint "Cleanup", Time since last: 5000494521 ns, Reaching safepoint: 67009 ns, At safepoint: 4414 ns, Total: 71423 ns
[2021-08-12T20:12:39.288+0000][1][safepoint   ] Safepoint "Cleanup", Time since last: 26001996720 ns, Reaching safepoint: 155431 ns, At safepoint: 10975 ns, Total: 166406 ns
[2021-08-12T20:13:06.290+0000][1][safepoint   ] Safepoint "Cleanup", Time since last: 27002080270 ns, Reaching safepoint: 124400 ns, At safepoint: 8047 ns, Total: 132447 ns
[2021-08-12T20:13:09.290+0000][1][safepoint   ] Safepoint "Cleanup", Time since last: 3000349209 ns, Reaching safepoint: 77813 ns, At safepoint: 6179 ns, Total: 83992 ns
[2021-08-12T20:13:13.291+0000][1][safepoint   ] Safepoint "Cleanup", Time since last: 4000434757 ns, Reaching safepoint: 36252 ns, At safepoint: 2803 ns, Total: 39055 ns
[2021-08-12T20:14:09.295+0000][1][safepoint   ] Safepoint "Cleanup", Time since last: 56004402856 ns, Reaching safepoint: 53107 ns, At safepoint: 15840 ns, Total: 68947 ns
[2021-08-12T20:14:10.295+0000][1][safepoint   ] Safepoint "Cleanup", Time since last: 1000089826 ns, Reaching safepoint: 93706 ns, At safepoint: 5032 ns, Total: 98738 ns
[2021-08-12T20:14:13.296+0000][1][safepoint   ] Safepoint "Cleanup", Time since last: 3000383505 ns, Reaching safepoint: 85738 ns, At safepoint: 12149 ns, Total: 97887 ns
[2021-08-12T20:15:11.301+0000][1][safepoint   ] Safepoint "Cleanup", Time since last: 58005169811 ns, Reaching safepoint: 47003 ns, At safepoint: 3781 ns, Total: 50784 ns
[2021-08-12T20:15:13.301+0000][1][safepoint   ] Safepoint "Cleanup", Time since last: 2000207909 ns, Reaching safepoint: 38135 ns, At safepoint: 16499 ns, Total: 54634 ns
[2021-08-12T20:15:39.303+0000][1][safepoint   ] Safepoint "Cleanup", Time since last: 26001821606 ns, Reaching safepoint: 32391 ns, At safepoint: 3264 ns, Total: 35655 ns
[2021-08-12T20:16:12.306+0000][1][safepoint   ] Safepoint "Cleanup", Time since last: 33002650037 ns, Reaching safepoint: 49932 ns, At safepoint: 4636 ns, Total: 54568 ns
[2021-08-12T20:16:13.306+0000][1][safepoint   ] Safepoint "Cleanup", Time since last: 1000138763 ns, Reaching safepoint: 154220 ns, At safepoint: 12478 ns, Total: 166698 ns
[2021-08-12T20:17:13.312+0000][1][safepoint   ] Safepoint "Cleanup", Time since last: 60005060864 ns, Reaching safepoint: 197600 ns, At safepoint: 30643 ns, Total: 228243 ns
[2021-08-12T20:17:39.314+0000][1][safepoint   ] Safepoint "Cleanup", Time since last: 26002065767 ns, Reaching safepoint: 187407 ns, At safepoint: 20418 ns, Total: 207825 ns
[2021-08-12T20:18:13.317+0000][1][safepoint   ] Safepoint "Cleanup", Time since last: 34002719640 ns, Reaching safepoint: 194742 ns, At safepoint: 10807 ns, Total: 205549 ns
[2021-08-12T20:18:14.317+0000][1][safepoint   ] Safepoint "Cleanup", Time since last: 1000177885 ns, Reaching safepoint: 116630 ns, At safepoint: 11489 ns, Total: 128119 ns
[2021-08-12T20:19:13.321+0000][1][safepoint   ] Safepoint "Cleanup", Time since last: 59004341152 ns, Reaching safepoint: 52081 ns, At safepoint: 5053 ns, Total: 57134 ns
[2021-08-12T20:19:15.322+0000][1][safepoint   ] Safepoint "Cleanup", Time since last: 2000154374 ns, Reaching safepoint: 47483 ns, At safepoint: 3738 ns, Total: 51221 ns
[2021-08-12T20:19:39.324+0000][1][safepoint   ] Safepoint "Cleanup", Time since last: 24001923090 ns, Reaching safepoint: 46539 ns, At safepoint: 5024 ns, Total: 51563 ns
[2021-08-12T20:20:13.327+0000][1][safepoint   ] Safepoint "Cleanup", Time since last: 34002783529 ns, Reaching safepoint: 50150 ns, At safepoint: 2543 ns, Total: 52693 ns
[2021-08-12T20:20:16.327+0000][1][safepoint   ] Safepoint "Cleanup", Time since last: 3000372546 ns, Reaching safepoint: 112141 ns, At safepoint: 12875 ns, Total: 125016 ns
[2021-08-12T20:21:13.332+0000][1][safepoint   ] Safepoint "Cleanup", Time since last: 57004464253 ns, Reaching safepoint: 154263 ns, At safepoint: 11850 ns, Total: 166113 ns
[2021-08-12T20:21:17.332+0000][1][safepoint   ] Safepoint "Cleanup", Time since last: 4000393724 ns, Reaching safepoint: 78442 ns, At safepoint: 10061 ns, Total: 88503 ns
[2021-08-12T20:22:13.337+0000][1][safepoint   ] Safepoint "Cleanup", Time since last: 56004614456 ns, Reaching safepoint: 102987 ns, At safepoint: 4920 ns, Total: 107907 ns
[2021-08-12T20:22:18.337+0000][1][safepoint   ] Safepoint "Cleanup", Time since last: 5000427777 ns, Reaching safepoint: 31651 ns, At safepoint: 3446 ns, Total: 35097 ns
[2021-08-12T20:23:13.343+0000][1][safepoint   ] Safepoint "Cleanup", Time since last: 55005888182 ns, Reaching safepoint: 104055 ns, At safepoint: 11365 ns, Total: 115420 ns
[2021-08-12T20:23:19.344+0000][1][safepoint   ] Safepoint "Cleanup", Time since last: 6000788343 ns, Reaching safepoint: 180390 ns, At safepoint: 14905 ns, Total: 195295 ns
[2021-08-12T20:23:44.347+0000][1][safepoint   ] Safepoint "Cleanup", Time since last: 25002998507 ns, Reaching safepoint: 48993 ns, At safepoint: 4993 ns, Total: 53986 ns
[2021-08-12T20:24:13.351+0000][1][safepoint   ] Safepoint "Cleanup", Time since last: 29003052573 ns, Reaching safepoint: 128621 ns, At safepoint: 12171 ns, Total: 140792 ns
[2021-08-12T20:24:20.352+0000][1][safepoint   ] Safepoint "Cleanup", Time since last: 7000913880 ns, Reaching safepoint: 117836 ns, At safepoint: 14451 ns, Total: 132287 ns
[2021-08-12T20:25:13.358+0000][1][safepoint   ] Safepoint "Cleanup", Time since last: 53006175481 ns, Reaching safepoint: 161914 ns, At safepoint: 11437 ns, Total: 173351 ns
[2021-08-12T20:25:21.359+0000][1][safepoint   ] Safepoint "Cleanup", Time since last: 8000992168 ns, Reaching safepoint: 164633 ns, At safepoint: 14790 ns, Total: 179423 ns
[2021-08-12T20:26:13.365+0000][1][safepoint   ] Safepoint "Cleanup", Time since last: 52005677424 ns, Reaching safepoint: 84268 ns, At safepoint: 11854 ns, Total: 96122 ns
[2021-08-12T20:26:22.366+0000][1][safepoint   ] Safepoint "Cleanup", Time since last: 9001297167 ns, Reaching safepoint: 130865 ns, At safepoint: 16319 ns, Total: 147184 ns
[2021-08-12T20:27:13.373+0000][1][safepoint   ] Safepoint "Cleanup", Time since last: 51006314434 ns, Reaching safepoint: 129066 ns, At safepoint: 15874 ns, Total: 144940 ns
[2021-08-12T20:27:23.374+0000][1][safepoint   ] Safepoint "Cleanup", Time since last: 10001164337 ns, Reaching safepoint: 138975 ns, At safepoint: 14104 ns, Total: 153079 ns
[2021-08-12T20:28:13.380+0000][1][safepoint   ] Safepoint "Cleanup", Time since last: 50005724867 ns, Reaching safepoint: 132264 ns, At safepoint: 11161 ns, Total: 143425 ns
[2021-08-12T20:28:24.381+0000][1][safepoint   ] Safepoint "Cleanup", Time since last: 11001382868 ns, Reaching safepoint: 124796 ns, At safepoint: 14864 ns, Total: 139660 ns
[2021-08-12T20:29:13.387+0000][1][safepoint   ] Safepoint "Cleanup", Time since last: 49005766153 ns, Reaching safepoint: 141879 ns, At safepoint: 11950 ns, Total: 153829 ns
[2021-08-12T20:29:25.389+0000][1][safepoint   ] Safepoint "Cleanup", Time since last: 12001534764 ns, Reaching safepoint: 109913 ns, At safepoint: 12243 ns, Total: 122156 ns
[2021-08-12T20:30:13.395+0000][1][safepoint   ] Safepoint "Cleanup", Time since last: 48005629742 ns, Reaching safepoint: 181633 ns, At safepoint: 14235 ns, Total: 195868 ns
[2021-08-12T20:30:26.396+0000][1][safepoint   ] Safepoint "Cleanup", Time since last: 13001333188 ns, Reaching safepoint: 181833 ns, At safepoint: 14317 ns, Total: 196150 ns
[2021-08-12T20:31:09.402+0000][1][safepoint   ] Safepoint "Cleanup", Time since last: 43005013970 ns, Reaching safepoint: 157154 ns, At safepoint: 14479 ns, Total: 171633 ns
[2021-08-12T20:31:13.402+0000][1][safepoint   ] Safepoint "Cleanup", Time since last: 4000501379 ns, Reaching safepoint: 130168 ns, At safepoint: 16214 ns, Total: 146382 ns
[2021-08-12T20:31:27.404+0000][1][safepoint   ] Safepoint "Cleanup", Time since last: 14001491447 ns, Reaching safepoint: 123215 ns, At safepoint: 14741 ns, Total: 137956 ns
[2021-08-12T20:32:13.410+0000][1][safepoint   ] Safepoint "Cleanup", Time since last: 46005488443 ns, Reaching safepoint: 155351 ns, At safepoint: 13157 ns, Total: 168508 ns
[2021-08-12T20:32:18.410+0000][1][safepoint   ] Safepoint "Cleanup", Time since last: 5000568531 ns, Reaching safepoint: 143472 ns, At safepoint: 16686 ns, Total: 160158 ns
[2021-08-12T20:33:19.417+0000][1][safepoint   ] Safepoint "Cleanup", Time since last: 61007037628 ns, Reaching safepoint: 168247 ns, At safepoint: 21295 ns, Total: 189542 ns
[2021-08-12T20:33:39.420+0000][1][safepoint   ] Safepoint "Cleanup", Time since last: 20002323527 ns, Reaching safepoint: 116337 ns, At safepoint: 15343 ns, Total: 131680 ns
[2021-08-12T20:34:39.427+0000][1][safepoint   ] Safepoint "Cleanup", Time since last: 60007226310 ns, Reaching safepoint: 131678 ns, At safepoint: 10197 ns, Total: 141875 ns
[2021-08-12T20:40:39.470+0000][1][safepoint   ] Safepoint "Cleanup", Time since last: 360042443328 ns, Reaching safepoint: 108807 ns, At safepoint: 11337 ns, Total: 120144 ns
[2021-08-12T20:41:28.476+0000][1][safepoint   ] Safepoint "Cleanup", Time since last: 49005702785 ns, Reaching safepoint: 137215 ns, At safepoint: 17516 ns, Total: 154731 ns
[2021-08-12T20:44:09.495+0000][1][safepoint   ] Safepoint "Cleanup", Time since last: 161018838610 ns, Reaching safepoint: 124581 ns, At safepoint: 12036 ns, Total: 136617 ns
[2021-08-12T20:47:09.515+0000][1][safepoint   ] Safepoint "Cleanup", Time since last: 180020530274 ns, Reaching safepoint: 149600 ns, At safepoint: 10316 ns, Total: 159916 ns
[2021-08-12T20:47:39.519+0000][1][safepoint   ] Safepoint "Cleanup", Time since last: 30003584384 ns, Reaching safepoint: 109617 ns, At safepoint: 17775 ns, Total: 127392 ns
[2021-08-12T20:49:09.530+0000][1][safepoint   ] Safepoint "Cleanup", Time since last: 90010638293 ns, Reaching safepoint: 121521 ns, At safepoint: 11389 ns, Total: 132910 ns
[2021-08-12T20:54:39.568+0000][1][safepoint   ] Safepoint "Cleanup", Time since last: 330038060256 ns, Reaching safepoint: 197368 ns, At safepoint: 19606 ns, Total: 216974 ns
[2021-08-12T20:55:39.576+0000][1][safepoint   ] Safepoint "Cleanup", Time since last: 60007370196 ns, Reaching safepoint: 106319 ns, At safepoint: 18157 ns, Total: 124476 ns
[2021-08-12T20:56:39.583+0000][1][safepoint   ] Safepoint "Cleanup", Time since last: 60006812763 ns, Reaching safepoint: 110692 ns, At safepoint: 11020 ns, Total: 121712 ns
[2021-08-12T20:57:39.590+0000][1][safepoint   ] Safepoint "Cleanup", Time since last: 60007115541 ns, Reaching safepoint: 158798 ns, At safepoint: 10911 ns, Total: 169709 ns
[2021-08-12T20:59:09.600+0000][1][safepoint   ] Safepoint "Cleanup", Time since last: 90010257665 ns, Reaching safepoint: 168167 ns, At safepoint: 14432 ns, Total: 182599 ns
[2021-08-12T21:02:09.622+0000][1][safepoint   ] Safepoint "Cleanup", Time since last: 180021478678 ns, Reaching safepoint: 140432 ns, At safepoint: 20754 ns, Total: 161186 ns
[2021-08-12T21:04:09.636+0000][1][safepoint   ] Safepoint "Cleanup", Time since last: 120014096428 ns, Reaching safepoint: 132309 ns, At safepoint: 11941 ns, Total: 144250 ns
[2021-08-12T21:05:39.648+0000][1][safepoint   ] Safepoint "Cleanup", Time since last: 90011203710 ns, Reaching safepoint: 159327 ns, At safepoint: 22777 ns, Total: 182104 ns
[2021-08-12T21:08:09.666+0000][1][safepoint   ] Safepoint "Cleanup", Time since last: 150017750886 ns, Reaching safepoint: 153079 ns, At safepoint: 22643 ns, Total: 175722 ns
[2021-08-12T21:09:09.673+0000][1][safepoint   ] Safepoint "Cleanup", Time since last: 60006875910 ns, Reaching safepoint: 238819 ns, At safepoint: 35708 ns, Total: 274527 ns
[2021-08-12T21:11:39.691+0000][1][safepoint   ] Safepoint "Cleanup", Time since last: 150017980493 ns, Reaching safepoint: 174336 ns, At safepoint: 20403 ns, Total: 194739 ns
[2021-08-12T21:14:29.711+0000][1][safepoint   ] Safepoint "Cleanup", Time since last: 170020217233 ns, Reaching safepoint: 116494 ns, At safepoint: 11467 ns, Total: 127961 ns
[2021-08-12T21:23:53.779+0000][1][safepoint   ] Safepoint "Cleanup", Time since last: 564067602342 ns, Reaching safepoint: 179007 ns, At safepoint: 12480 ns, Total: 191487 ns
[2021-08-12T21:26:33.798+0000][1][safepoint   ] Safepoint "Cleanup", Time since last: 160018732146 ns, Reaching safepoint: 166488 ns, At safepoint: 23014 ns, Total: 189502 ns
[2021-08-12T21:35:09.859+0000][1][safepoint   ] Safepoint "Cleanup", Time since last: 516061148846 ns, Reaching safepoint: 140860 ns, At safepoint: 15727 ns, Total: 156587 ns
[2021-08-12T21:38:39.885+0000][1][safepoint   ] Safepoint "Cleanup", Time since last: 210025531539 ns, Reaching safepoint: 127735 ns, At safepoint: 10602 ns, Total: 138337 ns
[2021-08-12T21:58:40.026+0000][1][safepoint   ] Safepoint "Cleanup", Time since last: 1200141439909 ns, Reaching safepoint: 154996 ns, At safepoint: 18600 ns, Total: 173596 ns
[2021-08-12T22:00:40.041+0000][1][safepoint   ] Safepoint "Cleanup", Time since last: 120014325143 ns, Reaching safepoint: 126035 ns, At safepoint: 11217 ns, Total: 137252 ns
[2021-08-12T22:21:10.185+0000][1][safepoint   ] Safepoint "Cleanup", Time since last: 1230143420696 ns, Reaching safepoint: 151480 ns, At safepoint: 19934 ns, Total: 171414 ns
[2021-08-12T22:27:10.227+0000][1][safepoint   ] Safepoint "Cleanup", Time since last: 360042369544 ns, Reaching safepoint: 150496 ns, At safepoint: 19222 ns, Total: 169718 ns
[2021-08-12T22:33:40.273+0000][1][safepoint   ] Safepoint "Cleanup", Time since last: 390046024413 ns, Reaching safepoint: 181740 ns, At safepoint: 27677 ns, Total: 209417 ns
[2021-08-12T22:39:40.317+0000][1][safepoint   ] Safepoint "Cleanup", Time since last: 360043447183 ns, Reaching safepoint: 163022 ns, At safepoint: 21537 ns, Total: 184559 ns
[2021-08-12T22:41:40.331+0000][1][safepoint   ] Safepoint "Cleanup", Time since last: 120014064797 ns, Reaching safepoint: 185305 ns, At safepoint: 28232 ns, Total: 213537 ns
[2021-08-12T22:42:40.339+0000][1][safepoint   ] Safepoint "Cleanup", Time since last: 60007137667 ns, Reaching safepoint: 154684 ns, At safepoint: 21471 ns, Total: 176155 ns
[2021-08-12T23:00:04.461+0000][1][safepoint   ] Safepoint "Cleanup", Time since last: 1044122564025 ns, Reaching safepoint: 144271 ns, At safepoint: 12608 ns, Total: 156879 ns
[2021-08-12T23:01:10.469+0000][1][safepoint   ] Safepoint "Cleanup", Time since last: 66008005889 ns, Reaching safepoint: 148408 ns, At safepoint: 17730 ns, Total: 166138 ns
[2021-08-12T23:02:10.477+0000][1][safepoint   ] Safepoint "Cleanup", Time since last: 60007459842 ns, Reaching safepoint: 170417 ns, At safepoint: 11300 ns, Total: 181717 ns
[2021-08-12T23:04:09.492+0000][1][safepoint   ] Safepoint "Cleanup", Time since last: 119014299543 ns, Reaching safepoint: 136015 ns, At safepoint: 12357 ns, Total: 148372 ns
[2021-08-12T23:11:10.540+0000][1][safepoint   ] Safepoint "Cleanup", Time since last: 421048693973 ns, Reaching safepoint: 177450 ns, At safepoint: 20834 ns, Total: 198284 ns
[2021-08-12T23:21:10.612+0000][1][safepoint   ] Safepoint "Cleanup", Time since last: 600071074228 ns, Reaching safepoint: 139098 ns, At safepoint: 19265 ns, Total: 158363 ns
[2021-08-12T23:27:49.660+0000][1][safepoint   ] Safepoint "Cleanup", Time since last: 399047717039 ns, Reaching safepoint: 312916 ns, At safepoint: 34845 ns, Total: 347761 ns
[2021-08-12T23:29:09.670+0000][1][safepoint   ] Safepoint "Cleanup", Time since last: 80009809969 ns, Reaching safepoint: 130535 ns, At safepoint: 11502 ns, Total: 142037 ns
[2021-08-12T23:34:09.704+0000][1][safepoint   ] Safepoint "Cleanup", Time since last: 300034112906 ns, Reaching safepoint: 129492 ns, At safepoint: 18581 ns, Total: 148073 ns
[2021-08-12T23:43:39.773+0000][1][safepoint   ] Safepoint "Cleanup", Time since last: 570068942431 ns, Reaching safepoint: 178045 ns, At safepoint: 19183 ns, Total: 197228 ns
[2021-08-12T23:45:39.787+0000][1][safepoint   ] Safepoint "Cleanup", Time since last: 120014102403 ns, Reaching safepoint: 46665 ns, At safepoint: 4056 ns, Total: 50721 ns
[2021-08-12T23:49:09.812+0000][1][safepoint   ] Safepoint "Cleanup", Time since last: 210024735399 ns, Reaching safepoint: 163599 ns, At safepoint: 15613 ns, Total: 179212 ns
[2021-08-12T23:57:09.873+0000][1][safepoint   ] Safepoint "Cleanup", Time since last: 480060371293 ns, Reaching safepoint: 153747 ns, At safepoint: 15157 ns, Total: 168904 ns
[2021-08-12T23:57:39.877+0000][1][safepoint   ] Safepoint "Cleanup", Time since last: 30003753915 ns, Reaching safepoint: 155941 ns, At safepoint: 20149 ns, Total: 176090 ns
[2021-08-12T23:59:09.887+0000][1][safepoint   ] Safepoint "Cleanup", Time since last: 90010754786 ns, Reaching safepoint: 116852 ns, At safepoint: 18133 ns, Total: 134985 ns
[2021-08-13T00:07:50.949+0000][1][safepoint   ] Safepoint "Cleanup", Time since last: 521061481386 ns, Reaching safepoint: 131835 ns, At safepoint: 19009 ns, Total: 150844 ns
[2021-08-13T00:14:09.993+0000][1][safepoint   ] Safepoint "Cleanup", Time since last: 379043948849 ns, Reaching safepoint: 112612 ns, At safepoint: 11474 ns, Total: 124086 ns
[2021-08-13T00:23:10.055+0000][1][safepoint   ] Safepoint "Cleanup", Time since last: 540061510411 ns, Reaching safepoint: 150060 ns, At safepoint: 17424 ns, Total: 167484 ns
[2021-08-13T00:44:09.202+0000][1][safepoint   ] Safepoint "Cleanup", Time since last: 1259146586323 ns, Reaching safepoint: 117535 ns, At safepoint: 10821 ns, Total: 128356 ns
[2021-08-13T00:49:40.240+0000][1][safepoint   ] Safepoint "Cleanup", Time since last: 331038227229 ns, Reaching safepoint: 53446 ns, At safepoint: 5052 ns, Total: 58498 ns
[2021-08-13T00:59:09.306+0000][1][safepoint   ] Safepoint "Cleanup", Time since last: 569065623391 ns, Reaching safepoint: 187204 ns, At safepoint: 11557 ns, Total: 198761 ns
[2021-08-13T00:59:40.310+0000][1][safepoint   ] Safepoint "Cleanup", Time since last: 31003688890 ns, Reaching safepoint: 126356 ns, At safepoint: 18466 ns, Total: 144822 ns
[2021-08-13T01:00:15.314+0000][1][safepoint   ] Safepoint "Cleanup", Time since last: 35004161904 ns, Reaching safepoint: 149852 ns, At safepoint: 17349 ns, Total: 167201 ns
[2021-08-13T01:00:30.316+0000][1][safepoint   ] Safepoint "Cleanup", Time since last: 15001693440 ns, Reaching safepoint: 74814 ns, At safepoint: 11331 ns, Total: 86145 ns
[2021-08-13T01:04:09.341+0000][1][safepoint   ] Safepoint "Cleanup", Time since last: 219025518349 ns, Reaching safepoint: 138443 ns, At safepoint: 15524 ns, Total: 153967 ns
[2021-08-13T01:05:39.352+0000][1][safepoint   ] Safepoint "Cleanup", Time since last: 90010476069 ns, Reaching safepoint: 159142 ns, At safepoint: 14901 ns, Total: 174043 ns
[2021-08-13T01:05:40.352+0000][1][safepoint   ] Safepoint "Cleanup", Time since last: 1000224234 ns, Reaching safepoint: 139558 ns, At safepoint: 12447 ns, Total: 152005 ns
[2021-08-13T01:06:09.356+0000][1][safepoint   ] Safepoint "Cleanup", Time since last: 29003759630 ns, Reaching safepoint: 204980 ns, At safepoint: 19655 ns, Total: 224635 ns
[2021-08-13T01:11:40.395+0000][1][safepoint   ] Safepoint "Cleanup", Time since last: 331038309237 ns, Reaching safepoint: 173265 ns, At safepoint: 21711 ns, Total: 194976 ns
[2021-08-13T01:40:58.213+0000][1][gc,heap,exit] Heap
[2021-08-13T01:40:58.213+0000][1][gc,heap,exit]  garbage-first heap   total 2097152K, used 813792K [0x0000000080000000, 0x0000000100000000)
[2021-08-13T01:40:58.213+0000][1][gc,heap,exit]   region size 1024K, 785 young (803840K), 16 survivors (16384K)
[2021-08-13T01:40:58.213+0000][1][gc,heap,exit]  Metaspace       used 73157K, committed 73792K, reserved 1114112K
[2021-08-13T01:40:58.213+0000][1][gc,heap,exit]   class space    used 9537K, committed 9856K, reserved 1048576K
