[2021-08-26T17:24:41.187+0000][1][gc] Using G1
[2021-08-26T17:24:41.201+0000][1][gc,init] Version: 16.0.1+9 (release)
[2021-08-26T17:24:41.202+0000][1][gc,init] CPUs: 12 total, 12 available
[2021-08-26T17:24:41.202+0000][1][gc,init] Memory: 15867M
[2021-08-26T17:24:41.202+0000][1][gc,init] Large Page Support: Disabled
[2021-08-26T17:24:41.202+0000][1][gc,init] NUMA Support: Disabled
[2021-08-26T17:24:41.202+0000][1][gc,init] Compressed Oops: Enabled (32-bit)
[2021-08-26T17:24:41.202+0000][1][gc,init] Heap Region Size: 1M
[2021-08-26T17:24:41.202+0000][1][gc,init] Heap Min Capacity: 2G
[2021-08-26T17:24:41.202+0000][1][gc,init] Heap Initial Capacity: 2G
[2021-08-26T17:24:41.202+0000][1][gc,init] Heap Max Capacity: 2G
[2021-08-26T17:24:41.202+0000][1][gc,init] Pre-touch: Disabled
[2021-08-26T17:24:41.202+0000][1][gc,init] Parallel Workers: 10
[2021-08-26T17:24:41.202+0000][1][gc,init] Concurrent Workers: 3
[2021-08-26T17:24:41.202+0000][1][gc,init] Concurrent Refinement Workers: 10
[2021-08-26T17:24:41.202+0000][1][gc,init] Periodic GC: Disabled
[2021-08-26T17:24:41.203+0000][1][gc,metaspace] CDS archive(s) mapped at: [0x0000000800000000-0x0000000800bea000-0x0000000800bea000), size 12492800, SharedBaseAddress: 0x0000000800000000, ArchiveRelocationMode: 0.
[2021-08-26T17:24:41.203+0000][1][gc,metaspace] Compressed class space mapped at: 0x0000000800c00000-0x0000000840c00000, reserved size: 1073741824
[2021-08-26T17:24:41.203+0000][1][gc,metaspace] Narrow klass base: 0x0000000800000000, Narrow klass shift: 3, Narrow klass range: 0x100000000
[2021-08-26T17:24:41.900+0000][1][safepoint   ] Safepoint "ICBufferFull", Time since last: 607011853 ns, Reaching safepoint: 145053 ns, At safepoint: 2319 ns, Total: 147372 ns
[2021-08-26T17:24:42.602+0000][1][safepoint   ] Safepoint "ICBufferFull", Time since last: 702308998 ns, Reaching safepoint: 160317 ns, At safepoint: 2176 ns, Total: 162493 ns
[2021-08-26T17:24:42.768+0000][1][gc,start    ] GC(0) Pause Young (Normal) (G1 Evacuation Pause)
[2021-08-26T17:24:42.769+0000][1][gc,task     ] GC(0) Using 10 workers of 10 for evacuation
[2021-08-26T17:24:42.769+0000][1][gc,age      ] GC(0) Desired survivor size 6815744 bytes, new threshold 15 (max threshold 15)
[2021-08-26T17:24:42.781+0000][1][gc,age      ] GC(0) Age table with threshold 15 (max threshold 15)
[2021-08-26T17:24:42.781+0000][1][gc,age      ] GC(0) - age   1:    9803208 bytes,    9803208 total
[2021-08-26T17:24:42.781+0000][1][gc,phases   ] GC(0)   Pre Evacuate Collection Set: 0.3ms
[2021-08-26T17:24:42.781+0000][1][gc,phases   ] GC(0)   Merge Heap Roots: 0.1ms
[2021-08-26T17:24:42.781+0000][1][gc,phases   ] GC(0)   Evacuate Collection Set: 9.3ms
[2021-08-26T17:24:42.781+0000][1][gc,phases   ] GC(0)   Post Evacuate Collection Set: 2.2ms
[2021-08-26T17:24:42.781+0000][1][gc,phases   ] GC(0)   Other: 0.9ms
[2021-08-26T17:24:42.781+0000][1][gc,heap     ] GC(0) Eden regions: 102->0(98)
[2021-08-26T17:24:42.781+0000][1][gc,heap     ] GC(0) Survivor regions: 0->10(13)
[2021-08-26T17:24:42.781+0000][1][gc,heap     ] GC(0) Old regions: 0->0
[2021-08-26T17:24:42.781+0000][1][gc,heap     ] GC(0) Archive regions: 2->2
[2021-08-26T17:24:42.781+0000][1][gc,heap     ] GC(0) Humongous regions: 1->1
[2021-08-26T17:24:42.781+0000][1][gc,metaspace] GC(0) Metaspace: 14325K(14592K)->14325K(14592K) NonClass: 12688K(12800K)->12688K(12800K) Class: 1636K(1792K)->1636K(1792K)
[2021-08-26T17:24:42.781+0000][1][gc          ] GC(0) Pause Young (Normal) (G1 Evacuation Pause) 103M->11M(2048M) 12.784ms
[2021-08-26T17:24:42.781+0000][1][gc,cpu      ] GC(0) User=0.04s Sys=0.01s Real=0.01s
[2021-08-26T17:24:42.781+0000][1][safepoint   ] Safepoint "G1CollectForAllocation", Time since last: 165679101 ns, Reaching safepoint: 53384 ns, At safepoint: 12862750 ns, Total: 12916134 ns
[2021-08-26T17:24:42.881+0000][1][gc,start    ] GC(1) Pause Young (Normal) (G1 Evacuation Pause)
[2021-08-26T17:24:42.881+0000][1][gc,task     ] GC(1) Using 10 workers of 10 for evacuation
[2021-08-26T17:24:42.881+0000][1][gc,age      ] GC(1) Desired survivor size 7340032 bytes, new threshold 1 (max threshold 15)
[2021-08-26T17:24:42.884+0000][1][gc,age      ] GC(1) Age table with threshold 1 (max threshold 15)
[2021-08-26T17:24:42.884+0000][1][gc,age      ] GC(1) - age   1:    2027784 bytes,    2027784 total
[2021-08-26T17:24:42.884+0000][1][gc,phases   ] GC(1)   Pre Evacuate Collection Set: 0.1ms
[2021-08-26T17:24:42.884+0000][1][gc,phases   ] GC(1)   Merge Heap Roots: 0.0ms
[2021-08-26T17:24:42.884+0000][1][gc,phases   ] GC(1)   Evacuate Collection Set: 3.0ms
[2021-08-26T17:24:42.884+0000][1][gc,phases   ] GC(1)   Post Evacuate Collection Set: 0.3ms
[2021-08-26T17:24:42.884+0000][1][gc,phases   ] GC(1)   Other: 0.1ms
[2021-08-26T17:24:42.884+0000][1][gc,heap     ] GC(1) Eden regions: 98->0(124)
[2021-08-26T17:24:42.884+0000][1][gc,heap     ] GC(1) Survivor regions: 10->3(14)
[2021-08-26T17:24:42.884+0000][1][gc,heap     ] GC(1) Old regions: 0->9
[2021-08-26T17:24:42.884+0000][1][gc,heap     ] GC(1) Archive regions: 2->2
[2021-08-26T17:24:42.884+0000][1][gc,heap     ] GC(1) Humongous regions: 1->1
[2021-08-26T17:24:42.884+0000][1][gc,metaspace] GC(1) Metaspace: 14524K(14848K)->14524K(14848K) NonClass: 12880K(13056K)->12880K(13056K) Class: 1644K(1792K)->1644K(1792K)
[2021-08-26T17:24:42.884+0000][1][gc          ] GC(1) Pause Young (Normal) (G1 Evacuation Pause) 109M->12M(2048M) 3.639ms
[2021-08-26T17:24:42.884+0000][1][gc,cpu      ] GC(1) User=0.02s Sys=0.02s Real=0.01s
[2021-08-26T17:24:42.884+0000][1][safepoint   ] Safepoint "G1CollectForAllocation", Time since last: 99516843 ns, Reaching safepoint: 46576 ns, At safepoint: 3684285 ns, Total: 3730861 ns
[2021-08-26T17:24:43.166+0000][1][gc,start    ] GC(2) Pause Young (Concurrent Start) (Metadata GC Threshold)
[2021-08-26T17:24:43.166+0000][1][gc,task     ] GC(2) Using 10 workers of 10 for evacuation
[2021-08-26T17:24:43.166+0000][1][gc,age      ] GC(2) Desired survivor size 8388608 bytes, new threshold 15 (max threshold 15)
[2021-08-26T17:24:43.167+0000][1][gc,age      ] GC(2) Age table with threshold 15 (max threshold 15)
[2021-08-26T17:24:43.167+0000][1][gc,age      ] GC(2) - age   1:    1694208 bytes,    1694208 total
[2021-08-26T17:24:43.167+0000][1][gc,age      ] GC(2) - age   2:      27368 bytes,    1721576 total
[2021-08-26T17:24:43.167+0000][1][gc,phases   ] GC(2)   Pre Evacuate Collection Set: 0.1ms
[2021-08-26T17:24:43.167+0000][1][gc,phases   ] GC(2)   Merge Heap Roots: 0.0ms
[2021-08-26T17:24:43.167+0000][1][gc,phases   ] GC(2)   Evacuate Collection Set: 0.8ms
[2021-08-26T17:24:43.167+0000][1][gc,phases   ] GC(2)   Post Evacuate Collection Set: 0.3ms
[2021-08-26T17:24:43.167+0000][1][gc,phases   ] GC(2)   Other: 0.2ms
[2021-08-26T17:24:43.167+0000][1][gc,heap     ] GC(2) Eden regions: 37->0(168)
[2021-08-26T17:24:43.167+0000][1][gc,heap     ] GC(2) Survivor regions: 3->2(16)
[2021-08-26T17:24:43.167+0000][1][gc,heap     ] GC(2) Old regions: 9->9
[2021-08-26T17:24:43.167+0000][1][gc,heap     ] GC(2) Archive regions: 2->2
[2021-08-26T17:24:43.167+0000][1][gc,heap     ] GC(2) Humongous regions: 1->1
[2021-08-26T17:24:43.167+0000][1][gc,metaspace] GC(2) Metaspace: 21036K(21248K)->21036K(21248K) NonClass: 18467K(18560K)->18467K(18560K) Class: 2569K(2688K)->2569K(2688K)
[2021-08-26T17:24:43.167+0000][1][gc          ] GC(2) Pause Young (Concurrent Start) (Metadata GC Threshold) 49M->11M(2048M) 1.398ms
[2021-08-26T17:24:43.167+0000][1][gc,cpu      ] GC(2) User=0.01s Sys=0.00s Real=0.00s
[2021-08-26T17:24:43.167+0000][1][safepoint   ] Safepoint "CollectForMetadataAllocation", Time since last: 281636580 ns, Reaching safepoint: 50559 ns, At safepoint: 1454522 ns, Total: 1505081 ns
[2021-08-26T17:24:43.167+0000][1][gc          ] GC(3) Concurrent Mark Cycle
[2021-08-26T17:24:43.167+0000][1][gc,marking  ] GC(3) Concurrent Clear Claimed Marks
[2021-08-26T17:24:43.167+0000][1][gc,marking  ] GC(3) Concurrent Clear Claimed Marks 0.011ms
[2021-08-26T17:24:43.167+0000][1][gc,marking  ] GC(3) Concurrent Scan Root Regions
[2021-08-26T17:24:43.168+0000][1][gc,marking  ] GC(3) Concurrent Scan Root Regions 0.584ms
[2021-08-26T17:24:43.168+0000][1][gc,marking  ] GC(3) Concurrent Mark
[2021-08-26T17:24:43.168+0000][1][gc,marking  ] GC(3) Concurrent Mark From Roots
[2021-08-26T17:24:43.168+0000][1][gc,task     ] GC(3) Using 3 workers of 3 for marking
[2021-08-26T17:24:43.171+0000][1][gc,marking  ] GC(3) Concurrent Mark From Roots 3.321ms
[2021-08-26T17:24:43.171+0000][1][gc,marking  ] GC(3) Concurrent Preclean
[2021-08-26T17:24:43.171+0000][1][gc,marking  ] GC(3) Concurrent Preclean 0.049ms
[2021-08-26T17:24:43.171+0000][1][gc,start    ] GC(3) Pause Remark
[2021-08-26T17:24:43.172+0000][1][gc          ] GC(3) Pause Remark 12M->12M(2048M) 0.780ms
[2021-08-26T17:24:43.172+0000][1][gc,cpu      ] GC(3) User=0.01s Sys=0.00s Real=0.00s
[2021-08-26T17:24:43.172+0000][1][safepoint   ] Safepoint "G1Concurrent", Time since last: 4034474 ns, Reaching safepoint: 83946 ns, At safepoint: 807921 ns, Total: 891867 ns
[2021-08-26T17:24:43.172+0000][1][gc,marking  ] GC(3) Concurrent Mark 4.318ms
[2021-08-26T17:24:43.172+0000][1][gc,marking  ] GC(3) Concurrent Rebuild Remembered Sets
[2021-08-26T17:24:43.174+0000][1][gc,marking  ] GC(3) Concurrent Rebuild Remembered Sets 1.875ms
[2021-08-26T17:24:43.174+0000][1][gc,start    ] GC(3) Pause Cleanup
[2021-08-26T17:24:43.174+0000][1][gc          ] GC(3) Pause Cleanup 12M->12M(2048M) 0.166ms
[2021-08-26T17:24:43.174+0000][1][gc,cpu      ] GC(3) User=0.00s Sys=0.00s Real=0.00s
[2021-08-26T17:24:43.174+0000][1][safepoint   ] Safepoint "G1Concurrent", Time since last: 1921062 ns, Reaching safepoint: 88323 ns, At safepoint: 191588 ns, Total: 279911 ns
[2021-08-26T17:24:43.174+0000][1][gc,marking  ] GC(3) Concurrent Cleanup for Next Mark
[2021-08-26T17:24:43.178+0000][1][gc,marking  ] GC(3) Concurrent Cleanup for Next Mark 3.108ms
[2021-08-26T17:24:43.178+0000][1][gc          ] GC(3) Concurrent Mark Cycle 10.273ms
[2021-08-26T17:24:43.378+0000][1][safepoint   ] Safepoint "ICBufferFull", Time since last: 203942004 ns, Reaching safepoint: 57557 ns, At safepoint: 2854 ns, Total: 60411 ns
[2021-08-26T17:24:43.380+0000][1][safepoint   ] Safepoint "ICBufferFull", Time since last: 1839169 ns, Reaching safepoint: 29468 ns, At safepoint: 2035 ns, Total: 31503 ns
[2021-08-26T17:24:43.382+0000][1][safepoint   ] Safepoint "ICBufferFull", Time since last: 1870531 ns, Reaching safepoint: 85850 ns, At safepoint: 2651 ns, Total: 88501 ns
[2021-08-26T17:24:43.384+0000][1][safepoint   ] Safepoint "ICBufferFull", Time since last: 1642836 ns, Reaching safepoint: 31549 ns, At safepoint: 3308 ns, Total: 34857 ns
[2021-08-26T17:24:43.386+0000][1][safepoint   ] Safepoint "ICBufferFull", Time since last: 1861917 ns, Reaching safepoint: 30523 ns, At safepoint: 5801 ns, Total: 36324 ns
[2021-08-26T17:24:43.387+0000][1][safepoint   ] Safepoint "ICBufferFull", Time since last: 1522688 ns, Reaching safepoint: 28801 ns, At safepoint: 2104 ns, Total: 30905 ns
[2021-08-26T17:24:43.390+0000][1][safepoint   ] Safepoint "ICBufferFull", Time since last: 2427519 ns, Reaching safepoint: 37018 ns, At safepoint: 2594 ns, Total: 39612 ns
[2021-08-26T17:24:43.392+0000][1][safepoint   ] Safepoint "ICBufferFull", Time since last: 1926680 ns, Reaching safepoint: 31380 ns, At safepoint: 2660 ns, Total: 34040 ns
[2021-08-26T17:24:43.393+0000][1][safepoint   ] Safepoint "ICBufferFull", Time since last: 1578636 ns, Reaching safepoint: 27021 ns, At safepoint: 2204 ns, Total: 29225 ns
[2021-08-26T17:24:43.396+0000][1][safepoint   ] Safepoint "ICBufferFull", Time since last: 2888662 ns, Reaching safepoint: 26231 ns, At safepoint: 2284 ns, Total: 28515 ns
[2021-08-26T17:24:43.398+0000][1][safepoint   ] Safepoint "ICBufferFull", Time since last: 1673002 ns, Reaching safepoint: 20857 ns, At safepoint: 1065 ns, Total: 21922 ns
[2021-08-26T17:24:43.400+0000][1][safepoint   ] Safepoint "ICBufferFull", Time since last: 1659264 ns, Reaching safepoint: 24556 ns, At safepoint: 1895 ns, Total: 26451 ns
[2021-08-26T17:24:43.401+0000][1][safepoint   ] Safepoint "ICBufferFull", Time since last: 1450587 ns, Reaching safepoint: 21771 ns, At safepoint: 1331 ns, Total: 23102 ns
[2021-08-26T17:24:43.403+0000][1][safepoint   ] Safepoint "ICBufferFull", Time since last: 2239597 ns, Reaching safepoint: 29845 ns, At safepoint: 2074 ns, Total: 31919 ns
[2021-08-26T17:24:43.405+0000][1][safepoint   ] Safepoint "ICBufferFull", Time since last: 1333956 ns, Reaching safepoint: 26177 ns, At safepoint: 1512 ns, Total: 27689 ns
[2021-08-26T17:24:43.406+0000][1][safepoint   ] Safepoint "ICBufferFull", Time since last: 1437859 ns, Reaching safepoint: 87199 ns, At safepoint: 3717 ns, Total: 90916 ns
[2021-08-26T17:24:43.408+0000][1][safepoint   ] Safepoint "ICBufferFull", Time since last: 1174406 ns, Reaching safepoint: 22764 ns, At safepoint: 2020 ns, Total: 24784 ns
[2021-08-26T17:24:43.409+0000][1][safepoint   ] Safepoint "ICBufferFull", Time since last: 1710591 ns, Reaching safepoint: 87355 ns, At safepoint: 4728 ns, Total: 92083 ns
[2021-08-26T17:24:43.773+0000][1][safepoint   ] Safepoint "ICBufferFull", Time since last: 363897191 ns, Reaching safepoint: 76955 ns, At safepoint: 3791 ns, Total: 80746 ns
[2021-08-26T17:24:44.014+0000][1][gc,start    ] GC(4) Pause Young (Concurrent Start) (Metadata GC Threshold)
[2021-08-26T17:24:44.014+0000][1][gc,task     ] GC(4) Using 10 workers of 10 for evacuation
[2021-08-26T17:24:44.014+0000][1][gc,age      ] GC(4) Desired survivor size 12058624 bytes, new threshold 15 (max threshold 15)
[2021-08-26T17:24:44.017+0000][1][gc,age      ] GC(4) Age table with threshold 15 (max threshold 15)
[2021-08-26T17:24:44.017+0000][1][gc,age      ] GC(4) - age   1:    5564456 bytes,    5564456 total
[2021-08-26T17:24:44.017+0000][1][gc,age      ] GC(4) - age   2:    1635720 bytes,    7200176 total
[2021-08-26T17:24:44.017+0000][1][gc,age      ] GC(4) - age   3:      27048 bytes,    7227224 total
[2021-08-26T17:24:44.017+0000][1][gc,phases   ] GC(4)   Pre Evacuate Collection Set: 0.1ms
[2021-08-26T17:24:44.017+0000][1][gc,phases   ] GC(4)   Merge Heap Roots: 0.0ms
[2021-08-26T17:24:44.017+0000][1][gc,phases   ] GC(4)   Evacuate Collection Set: 2.5ms
[2021-08-26T17:24:44.017+0000][1][gc,phases   ] GC(4)   Post Evacuate Collection Set: 0.4ms
[2021-08-26T17:24:44.017+0000][1][gc,phases   ] GC(4)   Other: 0.2ms
[2021-08-26T17:24:44.017+0000][1][gc,heap     ] GC(4) Eden regions: 120->0(666)
[2021-08-26T17:24:44.017+0000][1][gc,heap     ] GC(4) Survivor regions: 2->8(23)
[2021-08-26T17:24:44.017+0000][1][gc,heap     ] GC(4) Old regions: 9->9
[2021-08-26T17:24:44.017+0000][1][gc,heap     ] GC(4) Archive regions: 2->2
[2021-08-26T17:24:44.017+0000][1][gc,heap     ] GC(4) Humongous regions: 2->1
[2021-08-26T17:24:44.017+0000][1][gc,metaspace] GC(4) Metaspace: 35473K(35776K)->35473K(35776K) NonClass: 30861K(31040K)->30861K(31040K) Class: 4612K(4736K)->4612K(4736K)
[2021-08-26T17:24:44.017+0000][1][gc          ] GC(4) Pause Young (Concurrent Start) (Metadata GC Threshold) 132M->17M(2048M) 3.205ms
[2021-08-26T17:24:44.017+0000][1][gc,cpu      ] GC(4) User=0.03s Sys=0.00s Real=0.01s
[2021-08-26T17:24:44.017+0000][1][gc          ] GC(5) Concurrent Mark Cycle
[2021-08-26T17:24:44.017+0000][1][safepoint   ] Safepoint "CollectForMetadataAllocation", Time since last: 240156035 ns, Reaching safepoint: 72195 ns, At safepoint: 3255904 ns, Total: 3328099 ns
[2021-08-26T17:24:44.017+0000][1][gc,marking  ] GC(5) Concurrent Clear Claimed Marks
[2021-08-26T17:24:44.017+0000][1][gc,marking  ] GC(5) Concurrent Clear Claimed Marks 0.026ms
[2021-08-26T17:24:44.017+0000][1][gc,marking  ] GC(5) Concurrent Scan Root Regions
[2021-08-26T17:24:44.018+0000][1][gc,marking  ] GC(5) Concurrent Scan Root Regions 1.315ms
[2021-08-26T17:24:44.018+0000][1][gc,marking  ] GC(5) Concurrent Mark
[2021-08-26T17:24:44.018+0000][1][gc,marking  ] GC(5) Concurrent Mark From Roots
[2021-08-26T17:24:44.018+0000][1][gc,task     ] GC(5) Using 3 workers of 3 for marking
[2021-08-26T17:24:44.021+0000][1][gc,marking  ] GC(5) Concurrent Mark From Roots 3.089ms
[2021-08-26T17:24:44.021+0000][1][gc,marking  ] GC(5) Concurrent Preclean
[2021-08-26T17:24:44.021+0000][1][gc,marking  ] GC(5) Concurrent Preclean 0.073ms
[2021-08-26T17:24:44.022+0000][1][gc,start    ] GC(5) Pause Remark
[2021-08-26T17:24:44.022+0000][1][gc          ] GC(5) Pause Remark 18M->18M(2048M) 0.920ms
[2021-08-26T17:24:44.022+0000][1][gc,cpu      ] GC(5) User=0.00s Sys=0.00s Real=0.00s
[2021-08-26T17:24:44.022+0000][1][safepoint   ] Safepoint "G1Concurrent", Time since last: 4582907 ns, Reaching safepoint: 95031 ns, At safepoint: 973437 ns, Total: 1068468 ns
[2021-08-26T17:24:44.023+0000][1][gc,marking  ] GC(5) Concurrent Mark 4.295ms
[2021-08-26T17:24:44.023+0000][1][gc,marking  ] GC(5) Concurrent Rebuild Remembered Sets
[2021-08-26T17:24:44.024+0000][1][gc,marking  ] GC(5) Concurrent Rebuild Remembered Sets 1.438ms
[2021-08-26T17:24:44.024+0000][1][gc,start    ] GC(5) Pause Cleanup
[2021-08-26T17:24:44.024+0000][1][gc          ] GC(5) Pause Cleanup 19M->19M(2048M) 0.132ms
[2021-08-26T17:24:44.024+0000][1][gc,cpu      ] GC(5) User=0.00s Sys=0.00s Real=0.00s
[2021-08-26T17:24:44.024+0000][1][safepoint   ] Safepoint "G1Concurrent", Time since last: 1508504 ns, Reaching safepoint: 83331 ns, At safepoint: 158662 ns, Total: 241993 ns
[2021-08-26T17:24:44.024+0000][1][gc,marking  ] GC(5) Concurrent Cleanup for Next Mark
[2021-08-26T17:24:44.028+0000][1][gc,marking  ] GC(5) Concurrent Cleanup for Next Mark 3.411ms
[2021-08-26T17:24:44.028+0000][1][gc          ] GC(5) Concurrent Mark Cycle 10.867ms
[2021-08-26T17:24:44.270+0000][1][safepoint   ] Safepoint "ICBufferFull", Time since last: 245546482 ns, Reaching safepoint: 493726 ns, At safepoint: 2255 ns, Total: 495981 ns
[2021-08-26T17:24:44.615+0000][1][safepoint   ] Safepoint "ICBufferFull", Time since last: 344163677 ns, Reaching safepoint: 120225 ns, At safepoint: 3267 ns, Total: 123492 ns
[2021-08-26T17:24:44.966+0000][1][safepoint   ] Safepoint "ICBufferFull", Time since last: 351695352 ns, Reaching safepoint: 97565 ns, At safepoint: 1582 ns, Total: 99147 ns
[2021-08-26T17:24:45.357+0000][1][safepoint   ] Safepoint "ICBufferFull", Time since last: 390642292 ns, Reaching safepoint: 88596 ns, At safepoint: 2832 ns, Total: 91428 ns
[2021-08-26T17:24:45.357+0000][1][safepoint   ] Safepoint "ICBufferFull", Time since last: 34977 ns, Reaching safepoint: 79102 ns, At safepoint: 2288 ns, Total: 81390 ns
[2021-08-26T17:24:45.357+0000][1][safepoint   ] Safepoint "ICBufferFull", Time since last: 18099 ns, Reaching safepoint: 13658 ns, At safepoint: 2746 ns, Total: 16404 ns
[2021-08-26T17:24:45.433+0000][1][gc,start    ] GC(6) Pause Young (Concurrent Start) (Metadata GC Threshold)
[2021-08-26T17:24:45.433+0000][1][gc,task     ] GC(6) Using 10 workers of 10 for evacuation
[2021-08-26T17:24:45.433+0000][1][gc,age      ] GC(6) Desired survivor size 49283072 bytes, new threshold 15 (max threshold 15)
[2021-08-26T17:24:45.443+0000][1][gc,age      ] GC(6) Age table with threshold 15 (max threshold 15)
[2021-08-26T17:24:45.443+0000][1][gc,age      ] GC(6) - age   1:    8672112 bytes,    8672112 total
[2021-08-26T17:24:45.443+0000][1][gc,age      ] GC(6) - age   2:    5341864 bytes,   14013976 total
[2021-08-26T17:24:45.443+0000][1][gc,age      ] GC(6) - age   3:    1615488 bytes,   15629464 total
[2021-08-26T17:24:45.443+0000][1][gc,age      ] GC(6) - age   4:      26696 bytes,   15656160 total
[2021-08-26T17:24:45.443+0000][1][gc,phases   ] GC(6)   Pre Evacuate Collection Set: 0.2ms
[2021-08-26T17:24:45.443+0000][1][gc,phases   ] GC(6)   Merge Heap Roots: 0.0ms
[2021-08-26T17:24:45.443+0000][1][gc,phases   ] GC(6)   Evacuate Collection Set: 8.3ms
[2021-08-26T17:24:45.443+0000][1][gc,phases   ] GC(6)   Post Evacuate Collection Set: 0.8ms
[2021-08-26T17:24:45.443+0000][1][gc,phases   ] GC(6)   Other: 0.2ms
[2021-08-26T17:24:45.443+0000][1][gc,heap     ] GC(6) Eden regions: 112->0(922)
[2021-08-26T17:24:45.443+0000][1][gc,heap     ] GC(6) Survivor regions: 8->16(94)
[2021-08-26T17:24:45.443+0000][1][gc,heap     ] GC(6) Old regions: 9->9
[2021-08-26T17:24:45.443+0000][1][gc,heap     ] GC(6) Archive regions: 2->2
[2021-08-26T17:24:45.443+0000][1][gc,heap     ] GC(6) Humongous regions: 1->1
[2021-08-26T17:24:45.443+0000][1][gc,metaspace] GC(6) Metaspace: 59535K(60096K)->59535K(60096K) NonClass: 51442K(51712K)->51442K(51712K) Class: 8093K(8384K)->8093K(8384K)
[2021-08-26T17:24:45.443+0000][1][gc          ] GC(6) Pause Young (Concurrent Start) (Metadata GC Threshold) 129M->25M(2048M) 9.555ms
[2021-08-26T17:24:45.443+0000][1][gc,cpu      ] GC(6) User=0.03s Sys=0.00s Real=0.02s
[2021-08-26T17:24:45.443+0000][1][gc          ] GC(7) Concurrent Mark Cycle
[2021-08-26T17:24:45.443+0000][1][gc,marking  ] GC(7) Concurrent Clear Claimed Marks
[2021-08-26T17:24:45.443+0000][1][safepoint   ] Safepoint "CollectForMetadataAllocation", Time since last: 75847841 ns, Reaching safepoint: 331326 ns, At safepoint: 9623901 ns, Total: 9955227 ns
[2021-08-26T17:24:45.443+0000][1][gc,marking  ] GC(7) Concurrent Clear Claimed Marks 0.043ms
[2021-08-26T17:24:45.443+0000][1][gc,marking  ] GC(7) Concurrent Scan Root Regions
[2021-08-26T17:24:45.446+0000][1][gc,marking  ] GC(7) Concurrent Scan Root Regions 2.784ms
[2021-08-26T17:24:45.446+0000][1][gc,marking  ] GC(7) Concurrent Mark
[2021-08-26T17:24:45.446+0000][1][gc,marking  ] GC(7) Concurrent Mark From Roots
[2021-08-26T17:24:45.446+0000][1][gc,task     ] GC(7) Using 3 workers of 3 for marking
[2021-08-26T17:24:45.451+0000][1][gc,marking  ] GC(7) Concurrent Mark From Roots 4.736ms
[2021-08-26T17:24:45.451+0000][1][gc,marking  ] GC(7) Concurrent Preclean
[2021-08-26T17:24:45.451+0000][1][gc,marking  ] GC(7) Concurrent Preclean 0.070ms
[2021-08-26T17:24:45.451+0000][1][gc,start    ] GC(7) Pause Remark
[2021-08-26T17:24:45.455+0000][1][gc          ] GC(7) Pause Remark 28M->28M(2048M) 4.499ms
[2021-08-26T17:24:45.455+0000][1][gc,cpu      ] GC(7) User=0.01s Sys=0.00s Real=0.01s
[2021-08-26T17:24:45.455+0000][1][safepoint   ] Safepoint "G1Concurrent", Time since last: 7708837 ns, Reaching safepoint: 31695 ns, At safepoint: 4563073 ns, Total: 4594768 ns
[2021-08-26T17:24:45.457+0000][1][gc,marking  ] GC(7) Concurrent Mark 11.333ms
[2021-08-26T17:24:45.457+0000][1][gc,marking  ] GC(7) Concurrent Rebuild Remembered Sets
[2021-08-26T17:24:45.460+0000][1][gc,marking  ] GC(7) Concurrent Rebuild Remembered Sets 3.074ms
[2021-08-26T17:24:45.460+0000][1][gc,start    ] GC(7) Pause Cleanup
[2021-08-26T17:24:45.461+0000][1][gc          ] GC(7) Pause Cleanup 28M->28M(2048M) 0.237ms
[2021-08-26T17:24:45.461+0000][1][gc,cpu      ] GC(7) User=0.00s Sys=0.00s Real=0.00s
[2021-08-26T17:24:45.461+0000][1][safepoint   ] Safepoint "G1Concurrent", Time since last: 5004007 ns, Reaching safepoint: 42635 ns, At safepoint: 272963 ns, Total: 315598 ns
[2021-08-26T17:24:45.461+0000][1][gc,marking  ] GC(7) Concurrent Cleanup for Next Mark
[2021-08-26T17:24:45.463+0000][1][gc,marking  ] GC(7) Concurrent Cleanup for Next Mark 2.685ms
[2021-08-26T17:24:45.463+0000][1][gc          ] GC(7) Concurrent Mark Cycle 20.368ms
[2021-08-26T17:24:49.461+0000][1][safepoint   ] Safepoint "Cleanup", Time since last: 4000406308 ns, Reaching safepoint: 40820 ns, At safepoint: 3104 ns, Total: 43924 ns
[2021-08-26T17:24:50.461+0000][1][safepoint   ] Safepoint "Cleanup", Time since last: 1000129049 ns, Reaching safepoint: 48975 ns, At safepoint: 3021 ns, Total: 51996 ns
[2021-08-26T17:24:53.462+0000][1][safepoint   ] Safepoint "Cleanup", Time since last: 3000298776 ns, Reaching safepoint: 26300 ns, At safepoint: 2413 ns, Total: 28713 ns
[2021-08-26T17:25:02.462+0000][1][safepoint   ] Safepoint "Cleanup", Time since last: 9000686717 ns, Reaching safepoint: 37187 ns, At safepoint: 2598 ns, Total: 39785 ns
[2021-08-26T17:25:06.130+0000][1][safepoint   ] Safepoint "Cleanup", Time since last: 3000740177 ns, Reaching safepoint: 159657 ns, At safepoint: 18065 ns, Total: 177722 ns
[2021-08-26T17:25:10.130+0000][1][safepoint   ] Safepoint "Cleanup", Time since last: 4000486081 ns, Reaching safepoint: 115647 ns, At safepoint: 10537 ns, Total: 126184 ns
[2021-08-26T17:25:16.131+0000][1][safepoint   ] Safepoint "Cleanup", Time since last: 6000900970 ns, Reaching safepoint: 29949 ns, At safepoint: 2559 ns, Total: 32508 ns
[2021-08-26T17:25:29.133+0000][1][safepoint   ] Safepoint "Cleanup", Time since last: 13001718227 ns, Reaching safepoint: 188294 ns, At safepoint: 15897 ns, Total: 204191 ns
[2021-08-26T17:25:30.133+0000][1][safepoint   ] Safepoint "Cleanup", Time since last: 1000241943 ns, Reaching safepoint: 63446 ns, At safepoint: 7911 ns, Total: 71357 ns
[2021-08-26T17:25:44.135+0000][1][safepoint   ] Safepoint "Cleanup", Time since last: 14001437548 ns, Reaching safepoint: 106238 ns, At safepoint: 8691 ns, Total: 114929 ns
[2021-08-26T17:25:45.135+0000][1][safepoint   ] Safepoint "Cleanup", Time since last: 1000106382 ns, Reaching safepoint: 66972 ns, At safepoint: 8198 ns, Total: 75170 ns
[2021-08-26T17:25:46.135+0000][1][safepoint   ] Safepoint "Cleanup", Time since last: 1000143089 ns, Reaching safepoint: 16174 ns, At safepoint: 1734 ns, Total: 17908 ns
[2021-08-26T17:25:49.136+0000][1][safepoint   ] Safepoint "Cleanup", Time since last: 3000280737 ns, Reaching safepoint: 146657 ns, At safepoint: 13039 ns, Total: 159696 ns
[2021-08-26T17:25:50.136+0000][1][safepoint   ] Safepoint "Cleanup", Time since last: 1000188357 ns, Reaching safepoint: 114691 ns, At safepoint: 13186 ns, Total: 127877 ns
[2021-08-26T17:25:51.136+0000][1][safepoint   ] Safepoint "Cleanup", Time since last: 1000184320 ns, Reaching safepoint: 61074 ns, At safepoint: 7384 ns, Total: 68458 ns
[2021-08-26T17:25:58.137+0000][1][safepoint   ] Safepoint "Cleanup", Time since last: 7000663098 ns, Reaching safepoint: 91500 ns, At safepoint: 8596 ns, Total: 100096 ns
[2021-08-26T17:26:00.138+0000][1][safepoint   ] Safepoint "Cleanup", Time since last: 2000321114 ns, Reaching safepoint: 67886 ns, At safepoint: 8377 ns, Total: 76263 ns
[2021-08-26T17:26:11.139+0000][1][safepoint   ] Safepoint "Cleanup", Time since last: 11001120790 ns, Reaching safepoint: 107411 ns, At safepoint: 9010 ns, Total: 116421 ns
[2021-08-26T17:26:20.140+0000][1][safepoint   ] Safepoint "Cleanup", Time since last: 9001137180 ns, Reaching safepoint: 95668 ns, At safepoint: 7658 ns, Total: 103326 ns
[2021-08-26T17:26:21.140+0000][1][safepoint   ] Safepoint "Cleanup", Time since last: 1000200639 ns, Reaching safepoint: 60172 ns, At safepoint: 7536 ns, Total: 67708 ns
[2021-08-26T17:26:23.141+0000][1][safepoint   ] Safepoint "Cleanup", Time since last: 2000306817 ns, Reaching safepoint: 205751 ns, At safepoint: 14930 ns, Total: 220681 ns
[2021-08-26T17:26:26.141+0000][1][safepoint   ] Safepoint "Cleanup", Time since last: 3000434193 ns, Reaching safepoint: 66250 ns, At safepoint: 8263 ns, Total: 74513 ns
[2021-08-26T17:26:28.142+0000][1][safepoint   ] Safepoint "Cleanup", Time since last: 2000340977 ns, Reaching safepoint: 89425 ns, At safepoint: 14963 ns, Total: 104388 ns
[2021-08-26T17:26:31.142+0000][1][safepoint   ] Safepoint "Cleanup", Time since last: 3000448353 ns, Reaching safepoint: 67310 ns, At safepoint: 8109 ns, Total: 75419 ns
[2021-08-26T17:26:40.144+0000][1][safepoint   ] Safepoint "Cleanup", Time since last: 9001232789 ns, Reaching safepoint: 95141 ns, At safepoint: 8384 ns, Total: 103525 ns
[2021-08-26T17:26:46.144+0000][1][safepoint   ] Safepoint "Cleanup", Time since last: 6000566126 ns, Reaching safepoint: 67378 ns, At safepoint: 8657 ns, Total: 76035 ns
[2021-08-26T17:26:50.145+0000][1][safepoint   ] Safepoint "Cleanup", Time since last: 4000403709 ns, Reaching safepoint: 68570 ns, At safepoint: 8079 ns, Total: 76649 ns
[2021-08-26T17:26:53.145+0000][1][safepoint   ] Safepoint "Cleanup", Time since last: 3000440492 ns, Reaching safepoint: 92052 ns, At safepoint: 8533 ns, Total: 100585 ns
[2021-08-26T17:26:55.146+0000][1][safepoint   ] Safepoint "Cleanup", Time since last: 2000366493 ns, Reaching safepoint: 67327 ns, At safepoint: 8357 ns, Total: 75684 ns
[2021-08-26T17:26:58.146+0000][1][safepoint   ] Safepoint "Cleanup", Time since last: 3000336385 ns, Reaching safepoint: 121300 ns, At safepoint: 12858 ns, Total: 134158 ns
[2021-08-26T17:26:59.146+0000][1][safepoint   ] Safepoint "Cleanup", Time since last: 1000189811 ns, Reaching safepoint: 59296 ns, At safepoint: 7423 ns, Total: 66719 ns
[2021-08-26T17:27:00.147+0000][1][safepoint   ] Safepoint "Cleanup", Time since last: 1000175356 ns, Reaching safepoint: 62554 ns, At safepoint: 7938 ns, Total: 70492 ns
[2021-08-26T17:27:09.148+0000][1][safepoint   ] Safepoint "Cleanup", Time since last: 9001019147 ns, Reaching safepoint: 97925 ns, At safepoint: 16223 ns, Total: 114148 ns
[2021-08-26T17:27:16.149+0000][1][safepoint   ] Safepoint "Cleanup", Time since last: 7000960067 ns, Reaching safepoint: 69516 ns, At safepoint: 8491 ns, Total: 78007 ns
[2021-08-26T17:27:17.149+0000][1][safepoint   ] Safepoint "Cleanup", Time since last: 1000204645 ns, Reaching safepoint: 61406 ns, At safepoint: 7325 ns, Total: 68731 ns
[2021-08-26T17:27:21.150+0000][1][safepoint   ] Safepoint "Cleanup", Time since last: 4000534501 ns, Reaching safepoint: 147043 ns, At safepoint: 13376 ns, Total: 160419 ns
[2021-08-26T17:27:23.150+0000][1][safepoint   ] Safepoint "Cleanup", Time since last: 2000347885 ns, Reaching safepoint: 93051 ns, At safepoint: 7555 ns, Total: 100606 ns
[2021-08-26T17:27:46.153+0000][1][safepoint   ] Safepoint "Cleanup", Time since last: 23002741137 ns, Reaching safepoint: 94323 ns, At safepoint: 8038 ns, Total: 102361 ns
[2021-08-26T17:27:55.154+0000][1][safepoint   ] Safepoint "Cleanup", Time since last: 9001149658 ns, Reaching safepoint: 94892 ns, At safepoint: 15688 ns, Total: 110580 ns
[2021-08-26T17:28:16.157+0000][1][safepoint   ] Safepoint "Cleanup", Time since last: 21002640641 ns, Reaching safepoint: 93825 ns, At safepoint: 8024 ns, Total: 101849 ns
[2021-08-26T17:28:20.158+0000][1][safepoint   ] Safepoint "Cleanup", Time since last: 4000594681 ns, Reaching safepoint: 88032 ns, At safepoint: 7755 ns, Total: 95787 ns
[2021-08-26T17:28:25.159+0000][1][safepoint   ] Safepoint "Cleanup", Time since last: 5000670092 ns, Reaching safepoint: 99804 ns, At safepoint: 17473 ns, Total: 117277 ns
[2021-08-26T17:28:27.159+0000][1][safepoint   ] Safepoint "Cleanup", Time since last: 2000303313 ns, Reaching safepoint: 215853 ns, At safepoint: 15183 ns, Total: 231036 ns
[2021-08-26T17:28:34.160+0000][1][safepoint   ] Safepoint "Cleanup", Time since last: 7000914273 ns, Reaching safepoint: 99038 ns, At safepoint: 8225 ns, Total: 107263 ns
[2021-08-26T17:28:46.162+0000][1][safepoint   ] Safepoint "Cleanup", Time since last: 12001451419 ns, Reaching safepoint: 95358 ns, At safepoint: 8114 ns, Total: 103472 ns
[2021-08-26T17:28:48.162+0000][1][safepoint   ] Safepoint "Cleanup", Time since last: 2000301754 ns, Reaching safepoint: 73014 ns, At safepoint: 8632 ns, Total: 81646 ns
[2021-08-26T17:28:51.163+0000][1][safepoint   ] Safepoint "Cleanup", Time since last: 3000885130 ns, Reaching safepoint: 118577 ns, At safepoint: 13120 ns, Total: 131697 ns
[2021-08-26T17:28:52.163+0000][1][safepoint   ] Safepoint "Cleanup", Time since last: 1000235377 ns, Reaching safepoint: 59624 ns, At safepoint: 7596 ns, Total: 67220 ns
[2021-08-26T17:28:55.164+0000][1][safepoint   ] Safepoint "Cleanup", Time since last: 3000741433 ns, Reaching safepoint: 193652 ns, At safepoint: 15237 ns, Total: 208889 ns
[2021-08-26T17:29:03.166+0000][1][safepoint   ] Safepoint "Cleanup", Time since last: 8001457645 ns, Reaching safepoint: 101701 ns, At safepoint: 8291 ns, Total: 109992 ns
[2021-08-26T17:29:15.169+0000][1][safepoint   ] Safepoint "Cleanup", Time since last: 12002554310 ns, Reaching safepoint: 70433 ns, At safepoint: 8734 ns, Total: 79167 ns
[2021-08-26T17:29:16.169+0000][1][safepoint   ] Safepoint "Cleanup", Time since last: 1000238125 ns, Reaching safepoint: 67049 ns, At safepoint: 7903 ns, Total: 74952 ns
[2021-08-26T17:29:25.171+0000][1][safepoint   ] Safepoint "Cleanup", Time since last: 9001544708 ns, Reaching safepoint: 69475 ns, At safepoint: 8010 ns, Total: 77485 ns
[2021-08-26T17:29:26.171+0000][1][safepoint   ] Safepoint "Cleanup", Time since last: 1000215477 ns, Reaching safepoint: 60826 ns, At safepoint: 7553 ns, Total: 68379 ns
[2021-08-26T17:29:42.174+0000][1][safepoint   ] Safepoint "Cleanup", Time since last: 16002690447 ns, Reaching safepoint: 102668 ns, At safepoint: 8508 ns, Total: 111176 ns
[2021-08-26T17:29:45.174+0000][1][safepoint   ] Safepoint "Cleanup", Time since last: 3000491371 ns, Reaching safepoint: 66328 ns, At safepoint: 7877 ns, Total: 74205 ns
[2021-08-26T17:29:46.175+0000][1][safepoint   ] Safepoint "Cleanup", Time since last: 1000249737 ns, Reaching safepoint: 87813 ns, At safepoint: 8757 ns, Total: 96570 ns
[2021-08-26T17:29:47.175+0000][1][safepoint   ] Safepoint "Cleanup", Time since last: 1000240699 ns, Reaching safepoint: 61007 ns, At safepoint: 7443 ns, Total: 68450 ns
[2021-08-26T17:30:27.181+0000][1][safepoint   ] Safepoint "Cleanup", Time since last: 40006229277 ns, Reaching safepoint: 104948 ns, At safepoint: 8734 ns, Total: 113682 ns
[2021-08-26T17:30:57.186+0000][1][safepoint   ] Safepoint "Cleanup", Time since last: 30004237063 ns, Reaching safepoint: 103715 ns, At safepoint: 8870 ns, Total: 112585 ns
[2021-08-26T17:31:00.186+0000][1][safepoint   ] Safepoint "Cleanup", Time since last: 3000506841 ns, Reaching safepoint: 92896 ns, At safepoint: 8608 ns, Total: 101504 ns
[2021-08-26T17:31:07.187+0000][1][safepoint   ] Safepoint "Cleanup", Time since last: 7001065030 ns, Reaching safepoint: 71697 ns, At safepoint: 8225 ns, Total: 79922 ns
[2021-08-26T17:31:16.189+0000][1][safepoint   ] Safepoint "Cleanup", Time since last: 9001318546 ns, Reaching safepoint: 27027 ns, At safepoint: 2442 ns, Total: 29469 ns
[2021-08-26T17:31:35.191+0000][1][safepoint   ] Safepoint "Cleanup", Time since last: 19002704947 ns, Reaching safepoint: 73047 ns, At safepoint: 8613 ns, Total: 81660 ns
[2021-08-26T17:31:37.192+0000][1][safepoint   ] Safepoint "Cleanup", Time since last: 2000371519 ns, Reaching safepoint: 60021 ns, At safepoint: 7920 ns, Total: 67941 ns
[2021-08-26T17:31:47.193+0000][1][safepoint   ] Safepoint "Cleanup", Time since last: 10001464260 ns, Reaching safepoint: 98167 ns, At safepoint: 8548 ns, Total: 106715 ns
[2021-08-26T17:32:11.197+0000][1][safepoint   ] Safepoint "Cleanup", Time since last: 24003299500 ns, Reaching safepoint: 100882 ns, At safepoint: 15457 ns, Total: 116339 ns
[2021-08-26T17:32:16.198+0000][1][safepoint   ] Safepoint "Cleanup", Time since last: 5000791436 ns, Reaching safepoint: 66154 ns, At safepoint: 8366 ns, Total: 74520 ns
[2021-08-26T17:33:28.208+0000][1][safepoint   ] Safepoint "Cleanup", Time since last: 72009699434 ns, Reaching safepoint: 105996 ns, At safepoint: 8262 ns, Total: 114258 ns
[2021-08-26T17:34:08.212+0000][1][safepoint   ] Safepoint "Cleanup", Time since last: 40004784057 ns, Reaching safepoint: 130989 ns, At safepoint: 8891 ns, Total: 139880 ns
[2021-08-26T17:34:10.213+0000][1][safepoint   ] Safepoint "Cleanup", Time since last: 2000324304 ns, Reaching safepoint: 61877 ns, At safepoint: 7683 ns, Total: 69560 ns
[2021-08-26T17:34:16.851+0000][1][safepoint   ] Safepoint "Cleanup", Time since last: 6638428276 ns, Reaching safepoint: 166898 ns, At safepoint: 11203 ns, Total: 178101 ns
[2021-08-26T17:34:45.632+0000][1][safepoint   ] Safepoint "Cleanup", Time since last: 28780084263 ns, Reaching safepoint: 75621 ns, At safepoint: 16132 ns, Total: 91753 ns
[2021-08-26T17:34:46.736+0000][1][safepoint   ] Safepoint "Cleanup", Time since last: 1104563608 ns, Reaching safepoint: 119666 ns, At safepoint: 11670 ns, Total: 131336 ns
[2021-08-26T17:34:49.877+0000][1][safepoint   ] Safepoint "Cleanup", Time since last: 3140327930 ns, Reaching safepoint: 116942 ns, At safepoint: 10075 ns, Total: 127017 ns
[2021-08-26T17:35:15.880+0000][1][safepoint   ] Safepoint "Cleanup", Time since last: 26003365540 ns, Reaching safepoint: 93629 ns, At safepoint: 8443 ns, Total: 102072 ns
[2021-08-26T17:35:16.881+0000][1][safepoint   ] Safepoint "Cleanup", Time since last: 1000203939 ns, Reaching safepoint: 59849 ns, At safepoint: 7394 ns, Total: 67243 ns
[2021-08-26T17:35:41.884+0000][1][safepoint   ] Safepoint "Cleanup", Time since last: 25003244897 ns, Reaching safepoint: 95537 ns, At safepoint: 14675 ns, Total: 110212 ns
[2021-08-26T17:35:45.885+0000][1][safepoint   ] Safepoint "Cleanup", Time since last: 4000593113 ns, Reaching safepoint: 189558 ns, At safepoint: 14792 ns, Total: 204350 ns
[2021-08-26T17:35:46.885+0000][1][safepoint   ] Safepoint "Cleanup", Time since last: 1000206943 ns, Reaching safepoint: 111089 ns, At safepoint: 19733 ns, Total: 130822 ns
[2021-08-26T17:36:45.893+0000][1][safepoint   ] Safepoint "Cleanup", Time since last: 59007657684 ns, Reaching safepoint: 101136 ns, At safepoint: 15122 ns, Total: 116258 ns
[2021-08-26T17:36:46.893+0000][1][safepoint   ] Safepoint "Cleanup", Time since last: 1000204683 ns, Reaching safepoint: 116525 ns, At safepoint: 12611 ns, Total: 129136 ns
[2021-08-26T17:37:11.897+0000][1][safepoint   ] Safepoint "Cleanup", Time since last: 25003285490 ns, Reaching safepoint: 125269 ns, At safepoint: 8705 ns, Total: 133974 ns
[2021-08-26T17:38:12.905+0000][1][safepoint   ] Safepoint "Cleanup", Time since last: 61007970721 ns, Reaching safepoint: 99781 ns, At safepoint: 8208 ns, Total: 107989 ns
[2021-08-26T17:39:45.917+0000][1][safepoint   ] Safepoint "Cleanup", Time since last: 93012378441 ns, Reaching safepoint: 129141 ns, At safepoint: 12562 ns, Total: 141703 ns
[2021-08-26T17:40:04.920+0000][1][safepoint   ] Safepoint "Cleanup", Time since last: 19002607144 ns, Reaching safepoint: 74358 ns, At safepoint: 8412 ns, Total: 82770 ns
[2021-08-26T17:40:14.921+0000][1][safepoint   ] Safepoint "Cleanup", Time since last: 10001446768 ns, Reaching safepoint: 149491 ns, At safepoint: 13006 ns, Total: 162497 ns
[2021-08-26T17:42:59.940+0000][1][safepoint   ] Safepoint "Cleanup", Time since last: 165018280907 ns, Reaching safepoint: 98199 ns, At safepoint: 7971 ns, Total: 106170 ns
[2021-08-26T17:43:29.943+0000][1][safepoint   ] Safepoint "Cleanup", Time since last: 30002829881 ns, Reaching safepoint: 149604 ns, At safepoint: 9853 ns, Total: 159457 ns
[2021-08-26T17:43:30.943+0000][1][safepoint   ] Safepoint "Cleanup", Time since last: 1000178988 ns, Reaching safepoint: 60251 ns, At safepoint: 7467 ns, Total: 67718 ns
[2021-08-26T17:43:45.945+0000][1][safepoint   ] Safepoint "Cleanup", Time since last: 15001717535 ns, Reaching safepoint: 138806 ns, At safepoint: 9647 ns, Total: 148453 ns
[2021-08-26T17:43:46.945+0000][1][safepoint   ] Safepoint "Cleanup", Time since last: 1000198584 ns, Reaching safepoint: 60362 ns, At safepoint: 7493 ns, Total: 67855 ns
[2021-08-26T17:43:59.947+0000][1][safepoint   ] Safepoint "Cleanup", Time since last: 13001454128 ns, Reaching safepoint: 205195 ns, At safepoint: 14749 ns, Total: 219944 ns
[2021-08-26T17:44:44.952+0000][1][safepoint   ] Safepoint "Cleanup", Time since last: 45004931147 ns, Reaching safepoint: 215072 ns, At safepoint: 29113 ns, Total: 244185 ns
[2021-08-26T17:44:45.952+0000][1][safepoint   ] Safepoint "Cleanup", Time since last: 1000186123 ns, Reaching safepoint: 38808 ns, At safepoint: 4047 ns, Total: 42855 ns
[2021-08-26T17:45:15.956+0000][1][safepoint   ] Safepoint "Cleanup", Time since last: 30003471570 ns, Reaching safepoint: 92577 ns, At safepoint: 7825 ns, Total: 100402 ns
[2021-08-26T17:46:09.962+0000][1][safepoint   ] Safepoint "Cleanup", Time since last: 54005960904 ns, Reaching safepoint: 97452 ns, At safepoint: 8084 ns, Total: 105536 ns
[2021-08-26T17:47:09.969+0000][1][safepoint   ] Safepoint "Cleanup", Time since last: 60007305342 ns, Reaching safepoint: 222751 ns, At safepoint: 14936 ns, Total: 237687 ns
[2021-08-26T17:47:42.974+0000][1][safepoint   ] Safepoint "Cleanup", Time since last: 33004115812 ns, Reaching safepoint: 169475 ns, At safepoint: 8373 ns, Total: 177848 ns
[2021-08-26T17:49:15.985+0000][1][safepoint   ] Safepoint "Cleanup", Time since last: 93011487443 ns, Reaching safepoint: 91737 ns, At safepoint: 7921 ns, Total: 99658 ns
[2021-08-26T17:49:19.986+0000][1][safepoint   ] Safepoint "Cleanup", Time since last: 4000534846 ns, Reaching safepoint: 175348 ns, At safepoint: 14500 ns, Total: 189848 ns
[2021-08-26T17:49:45.989+0000][1][safepoint   ] Safepoint "Cleanup", Time since last: 26003182338 ns, Reaching safepoint: 93030 ns, At safepoint: 8185 ns, Total: 101215 ns
[2021-08-26T17:49:54.991+0000][1][safepoint   ] Safepoint "Cleanup", Time since last: 9001186598 ns, Reaching safepoint: 91659 ns, At safepoint: 8696 ns, Total: 100355 ns
[2021-08-26T17:51:16.001+0000][1][safepoint   ] Safepoint "Cleanup", Time since last: 81009815352 ns, Reaching safepoint: 166482 ns, At safepoint: 12805 ns, Total: 179287 ns
[2021-08-26T17:51:35.003+0000][1][safepoint   ] Safepoint "Cleanup", Time since last: 19002368635 ns, Reaching safepoint: 100141 ns, At safepoint: 8111 ns, Total: 108252 ns
[2021-08-26T17:52:44.012+0000][1][safepoint   ] Safepoint "Cleanup", Time since last: 69008474473 ns, Reaching safepoint: 102345 ns, At safepoint: 8725 ns, Total: 111070 ns
[2021-08-26T17:53:16.016+0000][1][safepoint   ] Safepoint "Cleanup", Time since last: 32003903342 ns, Reaching safepoint: 144319 ns, At safepoint: 12791 ns, Total: 157110 ns
[2021-08-26T17:54:16.023+0000][1][safepoint   ] Safepoint "Cleanup", Time since last: 60007383290 ns, Reaching safepoint: 93405 ns, At safepoint: 7840 ns, Total: 101245 ns
[2021-08-26T17:54:46.027+0000][1][safepoint   ] Safepoint "Cleanup", Time since last: 30003698495 ns, Reaching safepoint: 109782 ns, At safepoint: 8099 ns, Total: 117881 ns
[2021-08-26T17:55:20.031+0000][1][safepoint   ] Safepoint "Cleanup", Time since last: 34004236323 ns, Reaching safepoint: 101290 ns, At safepoint: 8634 ns, Total: 109924 ns
[2021-08-26T17:55:21.032+0000][1][safepoint   ] Safepoint "Cleanup", Time since last: 1000194637 ns, Reaching safepoint: 59400 ns, At safepoint: 7270 ns, Total: 66670 ns
[2021-08-26T17:55:46.035+0000][1][safepoint   ] Safepoint "Cleanup", Time since last: 25003083924 ns, Reaching safepoint: 98975 ns, At safepoint: 8011 ns, Total: 106986 ns
[2021-08-26T17:56:16.039+0000][1][safepoint   ] Safepoint "Cleanup", Time since last: 30003793534 ns, Reaching safepoint: 102080 ns, At safepoint: 8143 ns, Total: 110223 ns
[2021-08-26T17:56:46.043+0000][1][safepoint   ] Safepoint "Cleanup", Time since last: 30003808706 ns, Reaching safepoint: 96211 ns, At safepoint: 8229 ns, Total: 104440 ns
[2021-08-26T17:56:50.043+0000][1][safepoint   ] Safepoint "Cleanup", Time since last: 4000576748 ns, Reaching safepoint: 66143 ns, At safepoint: 7665 ns, Total: 73808 ns
[2021-08-26T17:57:16.047+0000][1][safepoint   ] Safepoint "Cleanup", Time since last: 26003283280 ns, Reaching safepoint: 97981 ns, At safepoint: 8692 ns, Total: 106673 ns
[2021-08-26T17:58:40.057+0000][1][safepoint   ] Safepoint "Cleanup", Time since last: 84010273102 ns, Reaching safepoint: 100425 ns, At safepoint: 7903 ns, Total: 108328 ns
[2021-08-26T18:00:20.071+0000][1][safepoint   ] Safepoint "Cleanup", Time since last: 100013601443 ns, Reaching safepoint: 104326 ns, At safepoint: 8051 ns, Total: 112377 ns
[2021-08-26T18:00:52.075+0000][1][safepoint   ] Safepoint "Cleanup", Time since last: 32004300160 ns, Reaching safepoint: 100653 ns, At safepoint: 7780 ns, Total: 108433 ns
[2021-08-26T18:00:55.076+0000][1][safepoint   ] Safepoint "Cleanup", Time since last: 3000513690 ns, Reaching safepoint: 61858 ns, At safepoint: 7404 ns, Total: 69262 ns
[2021-08-26T18:01:02.077+0000][1][safepoint   ] Safepoint "Cleanup", Time since last: 7000900720 ns, Reaching safepoint: 153597 ns, At safepoint: 16681 ns, Total: 170278 ns
[2021-08-26T18:01:16.079+0000][1][safepoint   ] Safepoint "Cleanup", Time since last: 14001868664 ns, Reaching safepoint: 68215 ns, At safepoint: 8359 ns, Total: 76574 ns
[2021-08-26T18:02:15.087+0000][1][safepoint   ] Safepoint "Cleanup", Time since last: 59007762292 ns, Reaching safepoint: 107232 ns, At safepoint: 8700 ns, Total: 115932 ns
[2021-08-26T18:04:46.108+0000][1][safepoint   ] Safepoint "Cleanup", Time since last: 151021140305 ns, Reaching safepoint: 90206 ns, At safepoint: 7911 ns, Total: 98117 ns
[2021-08-26T18:05:46.116+0000][1][safepoint   ] Safepoint "Cleanup", Time since last: 60008077643 ns, Reaching safepoint: 93693 ns, At safepoint: 7886 ns, Total: 101579 ns
[2021-08-26T18:08:16.136+0000][1][safepoint   ] Safepoint "Cleanup", Time since last: 150020170837 ns, Reaching safepoint: 92186 ns, At safepoint: 8322 ns, Total: 100508 ns
[2021-08-26T18:08:46.141+0000][1][safepoint   ] Safepoint "Cleanup", Time since last: 30004158087 ns, Reaching safepoint: 95606 ns, At safepoint: 8227 ns, Total: 103833 ns
[2021-08-26T18:09:31.147+0000][1][safepoint   ] Safepoint "Cleanup", Time since last: 45005934273 ns, Reaching safepoint: 102315 ns, At safepoint: 8131 ns, Total: 110446 ns
[2021-08-26T18:09:46.149+0000][1][safepoint   ] Safepoint "Cleanup", Time since last: 15002061665 ns, Reaching safepoint: 118673 ns, At safepoint: 16321 ns, Total: 134994 ns
[2021-08-26T18:13:16.176+0000][1][safepoint   ] Safepoint "Cleanup", Time since last: 210027336699 ns, Reaching safepoint: 96536 ns, At safepoint: 7863 ns, Total: 104399 ns
[2021-08-26T18:13:46.180+0000][1][safepoint   ] Safepoint "Cleanup", Time since last: 30003883569 ns, Reaching safepoint: 93151 ns, At safepoint: 8458 ns, Total: 101609 ns
[2021-08-26T18:14:16.184+0000][1][safepoint   ] Safepoint "Cleanup", Time since last: 30003928099 ns, Reaching safepoint: 148068 ns, At safepoint: 12936 ns, Total: 161004 ns
[2021-08-26T18:17:16.208+0000][1][safepoint   ] Safepoint "Cleanup", Time since last: 180023142671 ns, Reaching safepoint: 93051 ns, At safepoint: 8182 ns, Total: 101233 ns
[2021-08-26T18:18:46.219+0000][1][safepoint   ] Safepoint "Cleanup", Time since last: 90011418437 ns, Reaching safepoint: 97033 ns, At safepoint: 14452 ns, Total: 111485 ns
[2021-08-26T18:19:46.227+0000][1][safepoint   ] Safepoint "Cleanup", Time since last: 60007777152 ns, Reaching safepoint: 114931 ns, At safepoint: 15662 ns, Total: 130593 ns
[2021-08-26T18:20:50.235+0000][1][safepoint   ] Safepoint "Cleanup", Time since last: 64008157188 ns, Reaching safepoint: 101673 ns, At safepoint: 8277 ns, Total: 109950 ns
[2021-08-26T18:25:16.270+0000][1][safepoint   ] Safepoint "Cleanup", Time since last: 266034351808 ns, Reaching safepoint: 92426 ns, At safepoint: 8294 ns, Total: 100720 ns
[2021-08-26T18:27:46.289+0000][1][safepoint   ] Safepoint "Cleanup", Time since last: 150019322429 ns, Reaching safepoint: 148508 ns, At safepoint: 13319 ns, Total: 161827 ns
[2021-08-26T18:28:56.299+0000][1][safepoint   ] Safepoint "Cleanup", Time since last: 70009119732 ns, Reaching safepoint: 123955 ns, At safepoint: 15016 ns, Total: 138971 ns
[2021-08-26T18:29:16.301+0000][1][safepoint   ] Safepoint "Cleanup", Time since last: 20002582255 ns, Reaching safepoint: 65793 ns, At safepoint: 8753 ns, Total: 74546 ns
[2021-08-26T18:30:46.313+0000][1][safepoint   ] Safepoint "Cleanup", Time since last: 90011390515 ns, Reaching safepoint: 95018 ns, At safepoint: 7823 ns, Total: 102841 ns
[2021-08-26T18:31:16.317+0000][1][safepoint   ] Safepoint "Cleanup", Time since last: 30003859578 ns, Reaching safepoint: 128049 ns, At safepoint: 20187 ns, Total: 148236 ns
[2021-08-26T18:33:46.335+0000][1][safepoint   ] Safepoint "Cleanup", Time since last: 150018311831 ns, Reaching safepoint: 96178 ns, At safepoint: 16565 ns, Total: 112743 ns
[2021-08-26T18:34:00.337+0000][1][safepoint   ] Safepoint "Cleanup", Time since last: 14001577229 ns, Reaching safepoint: 111391 ns, At safepoint: 10347 ns, Total: 121738 ns
[2021-08-26T18:34:16.339+0000][1][safepoint   ] Safepoint "Cleanup", Time since last: 16001825789 ns, Reaching safepoint: 67604 ns, At safepoint: 8856 ns, Total: 76460 ns
[2021-08-26T18:34:46.342+0000][1][safepoint   ] Safepoint "Cleanup", Time since last: 30003510738 ns, Reaching safepoint: 98787 ns, At safepoint: 8133 ns, Total: 106920 ns
[2021-08-26T18:39:45.378+0000][1][safepoint   ] Safepoint "Cleanup", Time since last: 299035318554 ns, Reaching safepoint: 150174 ns, At safepoint: 10350 ns, Total: 160524 ns
[2021-08-26T18:39:46.378+0000][1][safepoint   ] Safepoint "Cleanup", Time since last: 1000206208 ns, Reaching safepoint: 66680 ns, At safepoint: 7899 ns, Total: 74579 ns
[2021-08-26T18:40:16.382+0000][1][safepoint   ] Safepoint "Cleanup", Time since last: 30003624179 ns, Reaching safepoint: 123773 ns, At safepoint: 15033 ns, Total: 138806 ns
[2021-08-26T18:45:46.422+0000][1][safepoint   ] Safepoint "Cleanup", Time since last: 330039900131 ns, Reaching safepoint: 91456 ns, At safepoint: 8094 ns, Total: 99550 ns
[2021-08-26T18:46:16.426+0000][1][safepoint   ] Safepoint "Cleanup", Time since last: 30003873935 ns, Reaching safepoint: 93589 ns, At safepoint: 8017 ns, Total: 101606 ns
[2021-08-26T18:50:16.456+0000][1][safepoint   ] Safepoint "Cleanup", Time since last: 240029876744 ns, Reaching safepoint: 94103 ns, At safepoint: 8336 ns, Total: 102439 ns
[2021-08-26T18:51:15.463+0000][1][safepoint   ] Safepoint "Cleanup", Time since last: 59007060991 ns, Reaching safepoint: 109128 ns, At safepoint: 8525 ns, Total: 117653 ns
[2021-08-26T18:51:16.463+0000][1][safepoint   ] Safepoint "Cleanup", Time since last: 1000206077 ns, Reaching safepoint: 81767 ns, At safepoint: 7985 ns, Total: 89752 ns
[2021-08-26T18:54:46.490+0000][1][safepoint   ] Safepoint "Cleanup", Time since last: 210026468563 ns, Reaching safepoint: 116182 ns, At safepoint: 8511 ns, Total: 124693 ns
[2021-08-26T18:57:46.513+0000][1][safepoint   ] Safepoint "Cleanup", Time since last: 180022951834 ns, Reaching safepoint: 94707 ns, At safepoint: 8437 ns, Total: 103144 ns
[2021-08-26T18:59:16.522+0000][1][safepoint   ] Safepoint "Cleanup", Time since last: 90009291525 ns, Reaching safepoint: 50630 ns, At safepoint: 2883 ns, Total: 53513 ns
[2021-08-26T18:59:46.526+0000][1][safepoint   ] Safepoint "Cleanup", Time since last: 30003082591 ns, Reaching safepoint: 144901 ns, At safepoint: 11833 ns, Total: 156734 ns
[2021-08-26T19:00:16.529+0000][1][safepoint   ] Safepoint "Cleanup", Time since last: 30003331514 ns, Reaching safepoint: 148659 ns, At safepoint: 19475 ns, Total: 168134 ns
[2021-08-26T19:01:16.536+0000][1][safepoint   ] Safepoint "Cleanup", Time since last: 60006677271 ns, Reaching safepoint: 108275 ns, At safepoint: 16255 ns, Total: 124530 ns
[2021-08-26T19:07:16.579+0000][1][safepoint   ] Safepoint "Cleanup", Time since last: 360042723517 ns, Reaching safepoint: 133642 ns, At safepoint: 11334 ns, Total: 144976 ns
[2021-08-26T19:07:46.583+0000][1][safepoint   ] Safepoint "Cleanup", Time since last: 30003679544 ns, Reaching safepoint: 134734 ns, At safepoint: 17804 ns, Total: 152538 ns
[2021-08-26T19:10:06.600+0000][1][safepoint   ] Safepoint "Cleanup", Time since last: 140017230637 ns, Reaching safepoint: 150628 ns, At safepoint: 10554 ns, Total: 161182 ns
[2021-08-26T19:13:25.625+0000][1][safepoint   ] Safepoint "Cleanup", Time since last: 199024667932 ns, Reaching safepoint: 142519 ns, At safepoint: 14296 ns, Total: 156815 ns
[2021-08-26T19:14:40.634+0000][1][safepoint   ] Safepoint "Cleanup", Time since last: 75008713218 ns, Reaching safepoint: 174963 ns, At safepoint: 13325 ns, Total: 188288 ns
[2021-08-26T19:16:46.648+0000][1][safepoint   ] Safepoint "Cleanup", Time since last: 126014525525 ns, Reaching safepoint: 141589 ns, At safepoint: 9460 ns, Total: 151049 ns
[2021-08-26T19:19:30.668+0000][1][safepoint   ] Safepoint "Cleanup", Time since last: 164019924295 ns, Reaching safepoint: 132876 ns, At safepoint: 9028 ns, Total: 141904 ns
[2021-08-26T19:22:10.686+0000][1][safepoint   ] Safepoint "Cleanup", Time since last: 160017702715 ns, Reaching safepoint: 144577 ns, At safepoint: 16881 ns, Total: 161458 ns
[2021-08-26T19:23:16.694+0000][1][safepoint   ] Safepoint "Cleanup", Time since last: 66007515119 ns, Reaching safepoint: 99267 ns, At safepoint: 8304 ns, Total: 107571 ns
[2021-08-26T19:26:16.715+0000][1][safepoint   ] Safepoint "Cleanup", Time since last: 180020918775 ns, Reaching safepoint: 115092 ns, At safepoint: 8215 ns, Total: 123307 ns
[2021-08-26T19:27:16.722+0000][1][safepoint   ] Safepoint "Cleanup", Time since last: 60006801543 ns, Reaching safepoint: 134269 ns, At safepoint: 17042 ns, Total: 151311 ns
[2021-08-26T19:30:46.748+0000][1][safepoint   ] Safepoint "Cleanup", Time since last: 210025641388 ns, Reaching safepoint: 147422 ns, At safepoint: 9850 ns, Total: 157272 ns
[2021-08-26T19:31:16.751+0000][1][safepoint   ] Safepoint "Cleanup", Time since last: 30003393297 ns, Reaching safepoint: 116299 ns, At safepoint: 9046 ns, Total: 125345 ns
[2021-08-26T19:32:16.758+0000][1][safepoint   ] Safepoint "Cleanup", Time since last: 60006934656 ns, Reaching safepoint: 149100 ns, At safepoint: 9904 ns, Total: 159004 ns
[2021-08-26T19:33:16.766+0000][1][safepoint   ] Safepoint "Cleanup", Time since last: 60007359967 ns, Reaching safepoint: 103210 ns, At safepoint: 15415 ns, Total: 118625 ns
[2021-08-26T19:34:46.776+0000][1][safepoint   ] Safepoint "Cleanup", Time since last: 90009879340 ns, Reaching safepoint: 119905 ns, At safepoint: 17141 ns, Total: 137046 ns
[2021-08-26T19:47:46.862+0000][1][safepoint   ] Safepoint "Cleanup", Time since last: 780086140712 ns, Reaching safepoint: 50156 ns, At safepoint: 4702 ns, Total: 54858 ns
[2021-08-26T19:54:46.910+0000][1][safepoint   ] Safepoint "Cleanup", Time since last: 420048387538 ns, Reaching safepoint: 128901 ns, At safepoint: 15833 ns, Total: 144734 ns
[2021-08-26T19:55:46.918+0000][1][safepoint   ] Safepoint "Cleanup", Time since last: 60007233695 ns, Reaching safepoint: 59737 ns, At safepoint: 16404 ns, Total: 76141 ns
[2021-08-26T19:56:16.922+0000][1][safepoint   ] Safepoint "Cleanup", Time since last: 30003707843 ns, Reaching safepoint: 122621 ns, At safepoint: 15648 ns, Total: 138269 ns
[2021-08-26T19:58:16.936+0000][1][safepoint   ] Safepoint "Cleanup", Time since last: 120014002676 ns, Reaching safepoint: 129529 ns, At safepoint: 15894 ns, Total: 145423 ns
[2021-08-26T19:59:46.945+0000][1][safepoint   ] Safepoint "Cleanup", Time since last: 90009231215 ns, Reaching safepoint: 64426 ns, At safepoint: 3141 ns, Total: 67567 ns
[2021-08-26T20:09:46.001+0000][1][safepoint   ] Safepoint "Cleanup", Time since last: 599055306036 ns, Reaching safepoint: 118636 ns, At safepoint: 8914 ns, Total: 127550 ns
[2021-08-26T20:24:46.082+0000][1][safepoint   ] Safepoint "Cleanup", Time since last: 900081684743 ns, Reaching safepoint: 143122 ns, At safepoint: 17911 ns, Total: 161033 ns
[2021-08-26T20:26:17.092+0000][1][safepoint   ] Safepoint "Cleanup", Time since last: 91008991692 ns, Reaching safepoint: 138795 ns, At safepoint: 19459 ns, Total: 158254 ns
[2021-08-26T20:30:17.117+0000][1][safepoint   ] Safepoint "Cleanup", Time since last: 240024947988 ns, Reaching safepoint: 128115 ns, At safepoint: 16409 ns, Total: 144524 ns
[2021-08-26T20:35:17.151+0000][1][safepoint   ] Safepoint "Cleanup", Time since last: 300033754995 ns, Reaching safepoint: 147382 ns, At safepoint: 10511 ns, Total: 157893 ns
[2021-08-26T20:36:17.157+0000][1][safepoint   ] Safepoint "Cleanup", Time since last: 60006658129 ns, Reaching safepoint: 108964 ns, At safepoint: 8563 ns, Total: 117527 ns
[2021-08-26T20:37:17.164+0000][1][safepoint   ] Safepoint "Cleanup", Time since last: 60006053515 ns, Reaching safepoint: 141176 ns, At safepoint: 14131 ns, Total: 155307 ns
[2021-08-26T20:39:46.177+0000][1][safepoint   ] Safepoint "Cleanup", Time since last: 149013690518 ns, Reaching safepoint: 95000 ns, At safepoint: 8190 ns, Total: 103190 ns
[2021-08-26T20:50:47.242+0000][1][safepoint   ] Safepoint "Cleanup", Time since last: 661064870436 ns, Reaching safepoint: 184858 ns, At safepoint: 21615 ns, Total: 206473 ns
[2021-08-26T21:09:46.359+0000][1][safepoint   ] Safepoint "Cleanup", Time since last: 1139115974528 ns, Reaching safepoint: 201230 ns, At safepoint: 15705 ns, Total: 216935 ns
[2021-08-26T21:27:47.468+0000][1][safepoint   ] Safepoint "Cleanup", Time since last: 1081109724310 ns, Reaching safepoint: 142475 ns, At safepoint: 14565 ns, Total: 157040 ns
[2021-08-26T21:39:46.546+0000][1][safepoint   ] Safepoint "Cleanup", Time since last: 719076992953 ns, Reaching safepoint: 117027 ns, At safepoint: 14995 ns, Total: 132022 ns
[2021-08-26T21:40:17.549+0000][1][safepoint   ] Safepoint "Cleanup", Time since last: 31003389130 ns, Reaching safepoint: 108124 ns, At safepoint: 15971 ns, Total: 124095 ns
[2021-08-26T21:41:10.555+0000][1][safepoint   ] Safepoint "Cleanup", Time since last: 53005542405 ns, Reaching safepoint: 114201 ns, At safepoint: 16612 ns, Total: 130813 ns
[2021-08-26T21:41:17.556+0000][1][safepoint   ] Safepoint "Cleanup", Time since last: 7000851428 ns, Reaching safepoint: 123188 ns, At safepoint: 18382 ns, Total: 141570 ns
[2021-08-26T21:44:46.578+0000][1][safepoint   ] Safepoint "Cleanup", Time since last: 209021603653 ns, Reaching safepoint: 129379 ns, At safepoint: 16137 ns, Total: 145516 ns
[2021-08-26T21:53:16.631+0000][1][safepoint   ] Safepoint "Cleanup", Time since last: 510053545843 ns, Reaching safepoint: 147179 ns, At safepoint: 10494 ns, Total: 157673 ns
[2021-08-26T22:04:29.698+0000][1][safepoint   ] Safepoint "Cleanup", Time since last: 673066180197 ns, Reaching safepoint: 134499 ns, At safepoint: 8333 ns, Total: 142832 ns
[2021-08-26T22:06:37.711+0000][1][safepoint   ] Safepoint "Cleanup", Time since last: 128013308280 ns, Reaching safepoint: 146631 ns, At safepoint: 10845 ns, Total: 157476 ns
[2021-08-26T22:09:09.727+0000][1][safepoint   ] Safepoint "Cleanup", Time since last: 152015943528 ns, Reaching safepoint: 132695 ns, At safepoint: 14611 ns, Total: 147306 ns
[2021-08-26T22:13:17.754+0000][1][safepoint   ] Safepoint "Cleanup", Time since last: 248026733089 ns, Reaching safepoint: 106501 ns, At safepoint: 14927 ns, Total: 121428 ns
[2021-08-26T22:29:46.858+0000][1][safepoint   ] Safepoint "Cleanup", Time since last: 989104350441 ns, Reaching safepoint: 130595 ns, At safepoint: 8538 ns, Total: 139133 ns
[2021-08-26T22:30:16.862+0000][1][safepoint   ] Safepoint "Cleanup", Time since last: 30003280790 ns, Reaching safepoint: 208383 ns, At safepoint: 29255 ns, Total: 237638 ns
[2021-08-26T22:31:46.872+0000][1][safepoint   ] Safepoint "Cleanup", Time since last: 90009536662 ns, Reaching safepoint: 102914 ns, At safepoint: 16032 ns, Total: 118946 ns
[2021-08-26T22:32:26.876+0000][1][safepoint   ] Safepoint "Cleanup", Time since last: 40004344009 ns, Reaching safepoint: 140188 ns, At safepoint: 17217 ns, Total: 157405 ns
[2021-08-26T22:32:46.879+0000][1][safepoint   ] Safepoint "Cleanup", Time since last: 20002385897 ns, Reaching safepoint: 110393 ns, At safepoint: 15163 ns, Total: 125556 ns
[2021-08-26T22:33:46.886+0000][1][safepoint   ] Safepoint "Cleanup", Time since last: 60006879555 ns, Reaching safepoint: 140187 ns, At safepoint: 14063 ns, Total: 154250 ns
[2021-08-26T22:34:16.889+0000][1][safepoint   ] Safepoint "Cleanup", Time since last: 30003374121 ns, Reaching safepoint: 104245 ns, At safepoint: 14854 ns, Total: 119099 ns
[2021-08-26T22:39:46.924+0000][1][safepoint   ] Safepoint "Cleanup", Time since last: 330034557369 ns, Reaching safepoint: 141950 ns, At safepoint: 10176 ns, Total: 152126 ns
[2021-08-26T22:45:16.958+0000][1][safepoint   ] Safepoint "Cleanup", Time since last: 330033735677 ns, Reaching safepoint: 104645 ns, At safepoint: 7628 ns, Total: 112273 ns
[2021-08-26T22:55:17.016+0000][1][safepoint   ] Safepoint "Cleanup", Time since last: 600058204826 ns, Reaching safepoint: 141527 ns, At safepoint: 10709 ns, Total: 152236 ns
[2021-08-26T22:55:47.020+0000][1][safepoint   ] Safepoint "Cleanup", Time since last: 30003386474 ns, Reaching safepoint: 152164 ns, At safepoint: 17320 ns, Total: 169484 ns
[2021-08-26T22:55:53.021+0000][1][safepoint   ] Safepoint "Cleanup", Time since last: 6000798723 ns, Reaching safepoint: 105386 ns, At safepoint: 9929 ns, Total: 115315 ns
[2021-08-26T22:56:08.022+0000][1][safepoint   ] Safepoint "Cleanup", Time since last: 15001605524 ns, Reaching safepoint: 74584 ns, At safepoint: 9241 ns, Total: 83825 ns
[2021-08-26T22:59:17.043+0000][1][safepoint   ] Safepoint "Cleanup", Time since last: 189020223957 ns, Reaching safepoint: 115791 ns, At safepoint: 15073 ns, Total: 130864 ns
[2021-08-26T23:01:17.056+0000][1][safepoint   ] Safepoint "Cleanup", Time since last: 120013304202 ns, Reaching safepoint: 150709 ns, At safepoint: 8359 ns, Total: 159068 ns
[2021-08-26T23:04:46.079+0000][1][safepoint   ] Safepoint "Cleanup", Time since last: 209022776660 ns, Reaching safepoint: 167620 ns, At safepoint: 22621 ns, Total: 190241 ns
[2021-08-26T23:17:47.163+0000][1][safepoint   ] Safepoint "Cleanup", Time since last: 781083467621 ns, Reaching safepoint: 153617 ns, At safepoint: 18715 ns, Total: 172332 ns
[2021-08-26T23:29:46.237+0000][1][safepoint   ] Safepoint "Cleanup", Time since last: 719074199699 ns, Reaching safepoint: 238165 ns, At safepoint: 15604 ns, Total: 253769 ns
[2021-08-26T23:49:17.351+0000][1][safepoint   ] Safepoint "Cleanup", Time since last: 1171113273063 ns, Reaching safepoint: 135351 ns, At safepoint: 16357 ns, Total: 151708 ns
[2021-08-26T23:51:47.366+0000][1][safepoint   ] Safepoint "Cleanup", Time since last: 150014961974 ns, Reaching safepoint: 102134 ns, At safepoint: 8406 ns, Total: 110540 ns
[2021-08-26T23:52:16.368+0000][1][safepoint   ] Safepoint "Cleanup", Time since last: 29002690010 ns, Reaching safepoint: 147766 ns, At safepoint: 16742 ns, Total: 164508 ns
[2021-08-26T23:53:17.375+0000][1][safepoint   ] Safepoint "Cleanup", Time since last: 61006640355 ns, Reaching safepoint: 127392 ns, At safepoint: 16805 ns, Total: 144197 ns
[2021-08-27T00:08:17.469+0000][1][safepoint   ] Safepoint "Cleanup", Time since last: 900093638468 ns, Reaching safepoint: 164563 ns, At safepoint: 22474 ns, Total: 187037 ns
[2021-08-27T00:53:17.751+0000][1][safepoint   ] Safepoint "Cleanup", Time since last: 2700282170044 ns, Reaching safepoint: 142319 ns, At safepoint: 10170 ns, Total: 152489 ns
[2021-08-27T01:21:17.929+0000][1][safepoint   ] Safepoint "Cleanup", Time since last: 1680177040607 ns, Reaching safepoint: 115817 ns, At safepoint: 17353 ns, Total: 133170 ns
[2021-08-27T01:24:46.946+0000][1][safepoint   ] Safepoint "Cleanup", Time since last: 209017253217 ns, Reaching safepoint: 121105 ns, At safepoint: 8798 ns, Total: 129903 ns
[2021-08-27T01:39:46.038+0000][1][safepoint   ] Safepoint "Cleanup", Time since last: 899092151282 ns, Reaching safepoint: 154408 ns, At safepoint: 12763 ns, Total: 167171 ns
[2021-08-27T01:44:46.069+0000][1][safepoint   ] Safepoint "Cleanup", Time since last: 300030601552 ns, Reaching safepoint: 116435 ns, At safepoint: 8245 ns, Total: 124680 ns
[2021-08-27T01:49:46.101+0000][1][safepoint   ] Safepoint "Cleanup", Time since last: 300031938647 ns, Reaching safepoint: 121190 ns, At safepoint: 7770 ns, Total: 128960 ns
[2021-08-27T01:57:18.148+0000][1][safepoint   ] Safepoint "Cleanup", Time since last: 452046917979 ns, Reaching safepoint: 130324 ns, At safepoint: 15193 ns, Total: 145517 ns
[2021-08-27T02:08:18.214+0000][1][safepoint   ] Safepoint "Cleanup", Time since last: 660065787793 ns, Reaching safepoint: 145937 ns, At safepoint: 13461 ns, Total: 159398 ns
[2021-08-27T02:20:18.288+0000][1][safepoint   ] Safepoint "Cleanup", Time since last: 720073907636 ns, Reaching safepoint: 148466 ns, At safepoint: 20923 ns, Total: 169389 ns
[2021-08-27T02:21:57.297+0000][1][safepoint   ] Safepoint "Cleanup", Time since last: 99009080728 ns, Reaching safepoint: 151100 ns, At safepoint: 19629 ns, Total: 170729 ns
[2021-08-27T02:42:48.422+0000][1][safepoint   ] Safepoint "Cleanup", Time since last: 1251123985725 ns, Reaching safepoint: 118470 ns, At safepoint: 13558 ns, Total: 132028 ns
[2021-08-27T02:48:46.455+0000][1][safepoint   ] Safepoint "Cleanup", Time since last: 358033770441 ns, Reaching safepoint: 103164 ns, At safepoint: 15095 ns, Total: 118259 ns
[2021-08-27T02:49:46.461+0000][1][safepoint   ] Safepoint "Cleanup", Time since last: 60005832107 ns, Reaching safepoint: 113524 ns, At safepoint: 16287 ns, Total: 129811 ns
[2021-08-27T03:46:17.802+0000][1][safepoint   ] Safepoint "Cleanup", Time since last: 3391340212052 ns, Reaching safepoint: 108691 ns, At safepoint: 16351 ns, Total: 125042 ns
[2021-08-27T03:48:17.814+0000][1][safepoint   ] Safepoint "Cleanup", Time since last: 120012437257 ns, Reaching safepoint: 126393 ns, At safepoint: 13728 ns, Total: 140121 ns
[2021-08-27T03:54:47.848+0000][1][safepoint   ] Safepoint "Cleanup", Time since last: 390033904881 ns, Reaching safepoint: 135203 ns, At safepoint: 7668 ns, Total: 142871 ns
[2021-08-27T04:05:16.901+0000][1][safepoint   ] Safepoint "Cleanup", Time since last: 629052393357 ns, Reaching safepoint: 144500 ns, At safepoint: 14226 ns, Total: 158726 ns
[2021-08-27T04:09:46.925+0000][1][safepoint   ] Safepoint "Cleanup", Time since last: 270023646933 ns, Reaching safepoint: 152750 ns, At safepoint: 10341 ns, Total: 163091 ns
[2021-08-27T04:14:46.956+0000][1][safepoint   ] Safepoint "Cleanup", Time since last: 300030979032 ns, Reaching safepoint: 157835 ns, At safepoint: 9039 ns, Total: 166874 ns
[2021-08-27T04:17:47.975+0000][1][safepoint   ] Safepoint "Cleanup", Time since last: 181019075826 ns, Reaching safepoint: 99499 ns, At safepoint: 15750 ns, Total: 115249 ns
[2021-08-27T04:20:16.990+0000][1][safepoint   ] Safepoint "Cleanup", Time since last: 149015245077 ns, Reaching safepoint: 146450 ns, At safepoint: 19467 ns, Total: 165917 ns
[2021-08-27T04:29:46.050+0000][1][safepoint   ] Safepoint "Cleanup", Time since last: 569059257841 ns, Reaching safepoint: 108633 ns, At safepoint: 8111 ns, Total: 116744 ns
[2021-08-27T04:34:18.076+0000][1][safepoint   ] Safepoint "Cleanup", Time since last: 272026327100 ns, Reaching safepoint: 144818 ns, At safepoint: 7596 ns, Total: 152414 ns
[2021-08-27T04:34:46.079+0000][1][safepoint   ] Safepoint "Cleanup", Time since last: 28002395067 ns, Reaching safepoint: 26539 ns, At safepoint: 1811 ns, Total: 28350 ns
[2021-08-27T04:35:47.085+0000][1][safepoint   ] Safepoint "Cleanup", Time since last: 61006205369 ns, Reaching safepoint: 122779 ns, At safepoint: 19067 ns, Total: 141846 ns
[2021-08-27T04:38:18.099+0000][1][safepoint   ] Safepoint "Cleanup", Time since last: 151014251994 ns, Reaching safepoint: 152295 ns, At safepoint: 17255 ns, Total: 169550 ns
[2021-08-27T04:52:47.192+0000][1][safepoint   ] Safepoint "Cleanup", Time since last: 869092553634 ns, Reaching safepoint: 77089 ns, At safepoint: 8722 ns, Total: 85811 ns
[2021-08-27T04:53:18.196+0000][1][safepoint   ] Safepoint "Cleanup", Time since last: 31003610931 ns, Reaching safepoint: 102245 ns, At safepoint: 15422 ns, Total: 117667 ns
[2021-08-27T05:09:17.298+0000][1][safepoint   ] Safepoint "Cleanup", Time since last: 959102029126 ns, Reaching safepoint: 149177 ns, At safepoint: 20316 ns, Total: 169493 ns
[2021-08-27T05:47:16.521+0000][1][safepoint   ] Safepoint "Cleanup", Time since last: 2279223058638 ns, Reaching safepoint: 133710 ns, At safepoint: 15605 ns, Total: 149315 ns
[2021-08-27T05:51:49.104+0000][1][gc,start    ] GC(8) Pause Young (Normal) (G1 Evacuation Pause)
[2021-08-27T05:51:49.105+0000][1][gc,task     ] GC(8) Using 10 workers of 10 for evacuation
[2021-08-27T05:51:49.105+0000][1][gc,age      ] GC(8) Desired survivor size 68157440 bytes, new threshold 15 (max threshold 15)
[2021-08-27T05:51:49.114+0000][1][gc,age      ] GC(8) Age table with threshold 15 (max threshold 15)
[2021-08-27T05:51:49.114+0000][1][gc,age      ] GC(8) - age   1:    2386872 bytes,    2386872 total
[2021-08-27T05:51:49.114+0000][1][gc,age      ] GC(8) - age   2:    8247232 bytes,   10634104 total
[2021-08-27T05:51:49.114+0000][1][gc,age      ] GC(8) - age   3:    5313296 bytes,   15947400 total
[2021-08-27T05:51:49.114+0000][1][gc,age      ] GC(8) - age   4:    1614032 bytes,   17561432 total
[2021-08-27T05:51:49.114+0000][1][gc,age      ] GC(8) - age   5:      26696 bytes,   17588128 total
[2021-08-27T05:51:49.114+0000][1][gc,phases   ] GC(8)   Pre Evacuate Collection Set: 0.3ms
[2021-08-27T05:51:49.114+0000][1][gc,phases   ] GC(8)   Merge Heap Roots: 0.5ms
[2021-08-27T05:51:49.114+0000][1][gc,phases   ] GC(8)   Evacuate Collection Set: 7.4ms
[2021-08-27T05:51:49.114+0000][1][gc,phases   ] GC(8)   Post Evacuate Collection Set: 0.8ms
[2021-08-27T05:51:49.114+0000][1][gc,phases   ] GC(8)   Other: 0.9ms
[2021-08-27T05:51:49.114+0000][1][gc,heap     ] GC(8) Eden regions: 1023->0(1210)
[2021-08-27T05:51:49.114+0000][1][gc,heap     ] GC(8) Survivor regions: 16->18(130)
[2021-08-27T05:51:49.114+0000][1][gc,heap     ] GC(8) Old regions: 9->9
[2021-08-27T05:51:49.114+0000][1][gc,heap     ] GC(8) Archive regions: 2->2
[2021-08-27T05:51:49.114+0000][1][gc,heap     ] GC(8) Humongous regions: 1->1
[2021-08-27T05:51:49.114+0000][1][gc,metaspace] GC(8) Metaspace: 65824K(66496K)->65824K(66496K) NonClass: 57063K(57408K)->57063K(57408K) Class: 8761K(9088K)->8761K(9088K)
[2021-08-27T05:51:49.114+0000][1][gc          ] GC(8) Pause Young (Normal) (G1 Evacuation Pause) 1048M->27M(2048M) 9.946ms
[2021-08-27T05:51:49.114+0000][1][gc,cpu      ] GC(8) User=0.08s Sys=0.01s Real=0.01s
[2021-08-27T05:51:49.114+0000][1][safepoint   ] Safepoint "G1CollectForAllocation", Time since last: 272583022832 ns, Reaching safepoint: 103018 ns, At safepoint: 10045796 ns, Total: 10148814 ns
[2021-08-27T05:51:51.115+0000][1][safepoint   ] Safepoint "Cleanup", Time since last: 2000167984 ns, Reaching safepoint: 161027 ns, At safepoint: 8610 ns, Total: 169637 ns
[2021-08-27T06:27:37.460+0000][1][gc,heap,exit] Heap
[2021-08-27T06:27:37.460+0000][1][gc,heap,exit]  garbage-first heap   total 2097152K, used 90120K [0x0000000080000000, 0x0000000100000000)
[2021-08-27T06:27:37.460+0000][1][gc,heap,exit]   region size 1024K, 79 young (80896K), 18 survivors (18432K)
[2021-08-27T06:27:37.460+0000][1][gc,heap,exit]  Metaspace       used 65989K, committed 66560K, reserved 1114112K
[2021-08-27T06:27:37.460+0000][1][gc,heap,exit]   class space    used 8803K, committed 9088K, reserved 1048576K
