[2021-08-20T16:59:58.908+0000][1][gc] Using G1
[2021-08-20T16:59:58.920+0000][1][gc,init] Version: 16.0.1+9 (release)
[2021-08-20T16:59:58.920+0000][1][gc,init] CPUs: 12 total, 12 available
[2021-08-20T16:59:58.920+0000][1][gc,init] Memory: 15867M
[2021-08-20T16:59:58.920+0000][1][gc,init] Large Page Support: Disabled
[2021-08-20T16:59:58.920+0000][1][gc,init] NUMA Support: Disabled
[2021-08-20T16:59:58.920+0000][1][gc,init] Compressed Oops: Enabled (32-bit)
[2021-08-20T16:59:58.920+0000][1][gc,init] Heap Region Size: 1M
[2021-08-20T16:59:58.920+0000][1][gc,init] Heap Min Capacity: 2G
[2021-08-20T16:59:58.920+0000][1][gc,init] Heap Initial Capacity: 2G
[2021-08-20T16:59:58.920+0000][1][gc,init] Heap Max Capacity: 2G
[2021-08-20T16:59:58.920+0000][1][gc,init] Pre-touch: Disabled
[2021-08-20T16:59:58.920+0000][1][gc,init] Parallel Workers: 10
[2021-08-20T16:59:58.920+0000][1][gc,init] Concurrent Workers: 3
[2021-08-20T16:59:58.920+0000][1][gc,init] Concurrent Refinement Workers: 10
[2021-08-20T16:59:58.920+0000][1][gc,init] Periodic GC: Disabled
[2021-08-20T16:59:58.922+0000][1][gc,metaspace] CDS archive(s) mapped at: [0x0000000800000000-0x0000000800bea000-0x0000000800bea000), size 12492800, SharedBaseAddress: 0x0000000800000000, ArchiveRelocationMode: 0.
[2021-08-20T16:59:58.922+0000][1][gc,metaspace] Compressed class space mapped at: 0x0000000800c00000-0x0000000840c00000, reserved size: 1073741824
[2021-08-20T16:59:58.922+0000][1][gc,metaspace] Narrow klass base: 0x0000000800000000, Narrow klass shift: 3, Narrow klass range: 0x100000000
[2021-08-20T16:59:59.630+0000][1][safepoint   ] Safepoint "ICBufferFull", Time since last: 625048070 ns, Reaching safepoint: 134156 ns, At safepoint: 4405 ns, Total: 138561 ns
[2021-08-20T17:00:00.258+0000][1][safepoint   ] Safepoint "ICBufferFull", Time since last: 628032997 ns, Reaching safepoint: 104313 ns, At safepoint: 6063 ns, Total: 110376 ns
[2021-08-20T17:00:00.401+0000][1][gc,start    ] GC(0) Pause Young (Normal) (G1 Evacuation Pause)
[2021-08-20T17:00:00.402+0000][1][gc,task     ] GC(0) Using 10 workers of 10 for evacuation
[2021-08-20T17:00:00.402+0000][1][gc,age      ] GC(0) Desired survivor size 6815744 bytes, new threshold 15 (max threshold 15)
[2021-08-20T17:00:00.407+0000][1][gc,age      ] GC(0) Age table with threshold 15 (max threshold 15)
[2021-08-20T17:00:00.407+0000][1][gc,age      ] GC(0) - age   1:    9707216 bytes,    9707216 total
[2021-08-20T17:00:00.407+0000][1][gc,phases   ] GC(0)   Pre Evacuate Collection Set: 0.1ms
[2021-08-20T17:00:00.407+0000][1][gc,phases   ] GC(0)   Merge Heap Roots: 0.0ms
[2021-08-20T17:00:00.407+0000][1][gc,phases   ] GC(0)   Evacuate Collection Set: 3.5ms
[2021-08-20T17:00:00.407+0000][1][gc,phases   ] GC(0)   Post Evacuate Collection Set: 2.2ms
[2021-08-20T17:00:00.407+0000][1][gc,phases   ] GC(0)   Other: 0.4ms
[2021-08-20T17:00:00.407+0000][1][gc,heap     ] GC(0) Eden regions: 102->0(99)
[2021-08-20T17:00:00.407+0000][1][gc,heap     ] GC(0) Survivor regions: 0->10(13)
[2021-08-20T17:00:00.407+0000][1][gc,heap     ] GC(0) Old regions: 0->0
[2021-08-20T17:00:00.407+0000][1][gc,heap     ] GC(0) Archive regions: 2->2
[2021-08-20T17:00:00.407+0000][1][gc,heap     ] GC(0) Humongous regions: 1->1
[2021-08-20T17:00:00.407+0000][1][gc,metaspace] GC(0) Metaspace: 14403K(14720K)->14403K(14720K) NonClass: 12762K(12928K)->12762K(12928K) Class: 1640K(1792K)->1640K(1792K)
[2021-08-20T17:00:00.407+0000][1][gc          ] GC(0) Pause Young (Normal) (G1 Evacuation Pause) 103M->11M(2048M) 6.238ms
[2021-08-20T17:00:00.407+0000][1][gc,cpu      ] GC(0) User=0.04s Sys=0.00s Real=0.01s
[2021-08-20T17:00:00.407+0000][1][safepoint   ] Safepoint "G1CollectForAllocation", Time since last: 143388753 ns, Reaching safepoint: 93166 ns, At safepoint: 6304364 ns, Total: 6397530 ns
[2021-08-20T17:00:00.492+0000][1][gc,start    ] GC(1) Pause Young (Normal) (G1 Evacuation Pause)
[2021-08-20T17:00:00.492+0000][1][gc,task     ] GC(1) Using 10 workers of 10 for evacuation
[2021-08-20T17:00:00.492+0000][1][gc,age      ] GC(1) Desired survivor size 7340032 bytes, new threshold 1 (max threshold 15)
[2021-08-20T17:00:00.496+0000][1][gc,age      ] GC(1) Age table with threshold 1 (max threshold 15)
[2021-08-20T17:00:00.496+0000][1][gc,age      ] GC(1) - age   1:    2232184 bytes,    2232184 total
[2021-08-20T17:00:00.496+0000][1][gc,phases   ] GC(1)   Pre Evacuate Collection Set: 0.1ms
[2021-08-20T17:00:00.496+0000][1][gc,phases   ] GC(1)   Merge Heap Roots: 0.0ms
[2021-08-20T17:00:00.496+0000][1][gc,phases   ] GC(1)   Evacuate Collection Set: 2.8ms
[2021-08-20T17:00:00.496+0000][1][gc,phases   ] GC(1)   Post Evacuate Collection Set: 0.3ms
[2021-08-20T17:00:00.496+0000][1][gc,phases   ] GC(1)   Other: 0.1ms
[2021-08-20T17:00:00.496+0000][1][gc,heap     ] GC(1) Eden regions: 99->0(123)
[2021-08-20T17:00:00.496+0000][1][gc,heap     ] GC(1) Survivor regions: 10->3(14)
[2021-08-20T17:00:00.496+0000][1][gc,heap     ] GC(1) Old regions: 0->9
[2021-08-20T17:00:00.496+0000][1][gc,heap     ] GC(1) Archive regions: 2->2
[2021-08-20T17:00:00.496+0000][1][gc,heap     ] GC(1) Humongous regions: 1->1
[2021-08-20T17:00:00.496+0000][1][gc,metaspace] GC(1) Metaspace: 14589K(14912K)->14589K(14912K) NonClass: 12941K(13120K)->12941K(13120K) Class: 1647K(1792K)->1647K(1792K)
[2021-08-20T17:00:00.496+0000][1][gc          ] GC(1) Pause Young (Normal) (G1 Evacuation Pause) 110M->12M(2048M) 3.501ms
[2021-08-20T17:00:00.496+0000][1][gc,cpu      ] GC(1) User=0.03s Sys=0.00s Real=0.01s
[2021-08-20T17:00:00.496+0000][1][safepoint   ] Safepoint "G1CollectForAllocation", Time since last: 84683326 ns, Reaching safepoint: 43456 ns, At safepoint: 3547562 ns, Total: 3591018 ns
[2021-08-20T17:00:00.717+0000][1][gc,start    ] GC(2) Pause Young (Concurrent Start) (Metadata GC Threshold)
[2021-08-20T17:00:00.718+0000][1][gc,task     ] GC(2) Using 10 workers of 10 for evacuation
[2021-08-20T17:00:00.718+0000][1][gc,age      ] GC(2) Desired survivor size 8388608 bytes, new threshold 15 (max threshold 15)
[2021-08-20T17:00:00.719+0000][1][gc,age      ] GC(2) Age table with threshold 15 (max threshold 15)
[2021-08-20T17:00:00.719+0000][1][gc,age      ] GC(2) - age   1:    1682816 bytes,    1682816 total
[2021-08-20T17:00:00.719+0000][1][gc,age      ] GC(2) - age   2:      27176 bytes,    1709992 total
[2021-08-20T17:00:00.719+0000][1][gc,phases   ] GC(2)   Pre Evacuate Collection Set: 0.1ms
[2021-08-20T17:00:00.719+0000][1][gc,phases   ] GC(2)   Merge Heap Roots: 0.0ms
[2021-08-20T17:00:00.719+0000][1][gc,phases   ] GC(2)   Evacuate Collection Set: 0.7ms
[2021-08-20T17:00:00.719+0000][1][gc,phases   ] GC(2)   Post Evacuate Collection Set: 0.2ms
[2021-08-20T17:00:00.719+0000][1][gc,phases   ] GC(2)   Other: 0.2ms
[2021-08-20T17:00:00.719+0000][1][gc,heap     ] GC(2) Eden regions: 36->0(167)
[2021-08-20T17:00:00.719+0000][1][gc,heap     ] GC(2) Survivor regions: 3->2(16)
[2021-08-20T17:00:00.719+0000][1][gc,heap     ] GC(2) Old regions: 9->9
[2021-08-20T17:00:00.719+0000][1][gc,heap     ] GC(2) Archive regions: 2->2
[2021-08-20T17:00:00.719+0000][1][gc,heap     ] GC(2) Humongous regions: 1->1
[2021-08-20T17:00:00.719+0000][1][gc,metaspace] GC(2) Metaspace: 21032K(21248K)->21032K(21248K) NonClass: 18467K(18560K)->18467K(18560K) Class: 2565K(2688K)->2565K(2688K)
[2021-08-20T17:00:00.719+0000][1][gc          ] GC(2) Pause Young (Concurrent Start) (Metadata GC Threshold) 48M->12M(2048M) 1.216ms
[2021-08-20T17:00:00.719+0000][1][gc,cpu      ] GC(2) User=0.01s Sys=0.00s Real=0.00s
[2021-08-20T17:00:00.719+0000][1][safepoint   ] Safepoint "CollectForMetadataAllocation", Time since last: 221666151 ns, Reaching safepoint: 49697 ns, At safepoint: 1259955 ns, Total: 1309652 ns
[2021-08-20T17:00:00.719+0000][1][gc          ] GC(3) Concurrent Mark Cycle
[2021-08-20T17:00:00.719+0000][1][gc,marking  ] GC(3) Concurrent Clear Claimed Marks
[2021-08-20T17:00:00.719+0000][1][gc,marking  ] GC(3) Concurrent Clear Claimed Marks 0.009ms
[2021-08-20T17:00:00.719+0000][1][gc,marking  ] GC(3) Concurrent Scan Root Regions
[2021-08-20T17:00:00.719+0000][1][gc,marking  ] GC(3) Concurrent Scan Root Regions 0.634ms
[2021-08-20T17:00:00.719+0000][1][gc,marking  ] GC(3) Concurrent Mark
[2021-08-20T17:00:00.719+0000][1][gc,marking  ] GC(3) Concurrent Mark From Roots
[2021-08-20T17:00:00.719+0000][1][gc,task     ] GC(3) Using 3 workers of 3 for marking
[2021-08-20T17:00:00.722+0000][1][gc,marking  ] GC(3) Concurrent Mark From Roots 2.842ms
[2021-08-20T17:00:00.722+0000][1][gc,marking  ] GC(3) Concurrent Preclean
[2021-08-20T17:00:00.722+0000][1][gc,marking  ] GC(3) Concurrent Preclean 0.046ms
[2021-08-20T17:00:00.722+0000][1][gc,start    ] GC(3) Pause Remark
[2021-08-20T17:00:00.723+0000][1][gc          ] GC(3) Pause Remark 13M->13M(2048M) 0.768ms
[2021-08-20T17:00:00.723+0000][1][gc,cpu      ] GC(3) User=0.00s Sys=0.01s Real=0.01s
[2021-08-20T17:00:00.723+0000][1][safepoint   ] Safepoint "G1Concurrent", Time since last: 3595554 ns, Reaching safepoint: 85912 ns, At safepoint: 804756 ns, Total: 890668 ns
[2021-08-20T17:00:00.723+0000][1][gc,marking  ] GC(3) Concurrent Mark 3.825ms
[2021-08-20T17:00:00.723+0000][1][gc,marking  ] GC(3) Concurrent Rebuild Remembered Sets
[2021-08-20T17:00:00.725+0000][1][gc,marking  ] GC(3) Concurrent Rebuild Remembered Sets 1.484ms
[2021-08-20T17:00:00.725+0000][1][gc,start    ] GC(3) Pause Cleanup
[2021-08-20T17:00:00.725+0000][1][gc          ] GC(3) Pause Cleanup 13M->13M(2048M) 0.155ms
[2021-08-20T17:00:00.725+0000][1][gc,cpu      ] GC(3) User=0.00s Sys=0.00s Real=0.00s
[2021-08-20T17:00:00.725+0000][1][safepoint   ] Safepoint "G1Concurrent", Time since last: 1527751 ns, Reaching safepoint: 23235 ns, At safepoint: 180293 ns, Total: 203528 ns
[2021-08-20T17:00:00.725+0000][1][gc,marking  ] GC(3) Concurrent Cleanup for Next Mark
[2021-08-20T17:00:00.728+0000][1][gc,marking  ] GC(3) Concurrent Cleanup for Next Mark 2.942ms
[2021-08-20T17:00:00.728+0000][1][gc          ] GC(3) Concurrent Mark Cycle 9.198ms
[2021-08-20T17:00:00.901+0000][1][safepoint   ] Safepoint "ICBufferFull", Time since last: 175544431 ns, Reaching safepoint: 99922 ns, At safepoint: 3788 ns, Total: 103710 ns
[2021-08-20T17:00:00.903+0000][1][safepoint   ] Safepoint "ICBufferFull", Time since last: 2001880 ns, Reaching safepoint: 27693 ns, At safepoint: 1427 ns, Total: 29120 ns
[2021-08-20T17:00:00.904+0000][1][safepoint   ] Safepoint "ICBufferFull", Time since last: 1614334 ns, Reaching safepoint: 31225 ns, At safepoint: 2287 ns, Total: 33512 ns
[2021-08-20T17:00:00.906+0000][1][safepoint   ] Safepoint "ICBufferFull", Time since last: 1754337 ns, Reaching safepoint: 30054 ns, At safepoint: 2708 ns, Total: 32762 ns
[2021-08-20T17:00:00.908+0000][1][safepoint   ] Safepoint "ICBufferFull", Time since last: 1764855 ns, Reaching safepoint: 29404 ns, At safepoint: 1818 ns, Total: 31222 ns
[2021-08-20T17:00:00.909+0000][1][safepoint   ] Safepoint "ICBufferFull", Time since last: 1514301 ns, Reaching safepoint: 32624 ns, At safepoint: 1902 ns, Total: 34526 ns
[2021-08-20T17:00:00.912+0000][1][safepoint   ] Safepoint "ICBufferFull", Time since last: 2400425 ns, Reaching safepoint: 28663 ns, At safepoint: 1912 ns, Total: 30575 ns
[2021-08-20T17:00:00.914+0000][1][safepoint   ] Safepoint "ICBufferFull", Time since last: 1891982 ns, Reaching safepoint: 31208 ns, At safepoint: 1755 ns, Total: 32963 ns
[2021-08-20T17:00:00.915+0000][1][safepoint   ] Safepoint "ICBufferFull", Time since last: 1542718 ns, Reaching safepoint: 29114 ns, At safepoint: 1441 ns, Total: 30555 ns
[2021-08-20T17:00:00.918+0000][1][safepoint   ] Safepoint "ICBufferFull", Time since last: 2340615 ns, Reaching safepoint: 28929 ns, At safepoint: 2729 ns, Total: 31658 ns
[2021-08-20T17:00:00.919+0000][1][safepoint   ] Safepoint "ICBufferFull", Time since last: 1692145 ns, Reaching safepoint: 26854 ns, At safepoint: 1865 ns, Total: 28719 ns
[2021-08-20T17:00:00.921+0000][1][safepoint   ] Safepoint "ICBufferFull", Time since last: 1738494 ns, Reaching safepoint: 25388 ns, At safepoint: 1534 ns, Total: 26922 ns
[2021-08-20T17:00:00.923+0000][1][safepoint   ] Safepoint "ICBufferFull", Time since last: 1450171 ns, Reaching safepoint: 26143 ns, At safepoint: 2023 ns, Total: 28166 ns
[2021-08-20T17:00:00.925+0000][1][safepoint   ] Safepoint "ICBufferFull", Time since last: 2278159 ns, Reaching safepoint: 25428 ns, At safepoint: 1837 ns, Total: 27265 ns
[2021-08-20T17:00:00.926+0000][1][safepoint   ] Safepoint "ICBufferFull", Time since last: 1313278 ns, Reaching safepoint: 21399 ns, At safepoint: 1254 ns, Total: 22653 ns
[2021-08-20T17:00:00.928+0000][1][safepoint   ] Safepoint "ICBufferFull", Time since last: 1529471 ns, Reaching safepoint: 24011 ns, At safepoint: 3115 ns, Total: 27126 ns
[2021-08-20T17:00:00.929+0000][1][safepoint   ] Safepoint "ICBufferFull", Time since last: 1169603 ns, Reaching safepoint: 23798 ns, At safepoint: 1849 ns, Total: 25647 ns
[2021-08-20T17:00:00.931+0000][1][safepoint   ] Safepoint "ICBufferFull", Time since last: 1795973 ns, Reaching safepoint: 19756 ns, At safepoint: 3651 ns, Total: 23407 ns
[2021-08-20T17:00:01.212+0000][1][safepoint   ] Safepoint "ICBufferFull", Time since last: 280547251 ns, Reaching safepoint: 122483 ns, At safepoint: 4321 ns, Total: 126804 ns
[2021-08-20T17:00:01.477+0000][1][gc,start    ] GC(4) Pause Young (Concurrent Start) (Metadata GC Threshold)
[2021-08-20T17:00:01.477+0000][1][gc,task     ] GC(4) Using 10 workers of 10 for evacuation
[2021-08-20T17:00:01.477+0000][1][gc,age      ] GC(4) Desired survivor size 12058624 bytes, new threshold 15 (max threshold 15)
[2021-08-20T17:00:01.480+0000][1][gc,age      ] GC(4) Age table with threshold 15 (max threshold 15)
[2021-08-20T17:00:01.480+0000][1][gc,age      ] GC(4) - age   1:    5565672 bytes,    5565672 total
[2021-08-20T17:00:01.480+0000][1][gc,age      ] GC(4) - age   2:    1624760 bytes,    7190432 total
[2021-08-20T17:00:01.480+0000][1][gc,age      ] GC(4) - age   3:      26856 bytes,    7217288 total
[2021-08-20T17:00:01.481+0000][1][gc,phases   ] GC(4)   Pre Evacuate Collection Set: 0.1ms
[2021-08-20T17:00:01.481+0000][1][gc,phases   ] GC(4)   Merge Heap Roots: 0.1ms
[2021-08-20T17:00:01.481+0000][1][gc,phases   ] GC(4)   Evacuate Collection Set: 2.4ms
[2021-08-20T17:00:01.481+0000][1][gc,phases   ] GC(4)   Post Evacuate Collection Set: 0.3ms
[2021-08-20T17:00:01.481+0000][1][gc,phases   ] GC(4)   Other: 0.2ms
[2021-08-20T17:00:01.481+0000][1][gc,heap     ] GC(4) Eden regions: 120->0(732)
[2021-08-20T17:00:01.481+0000][1][gc,heap     ] GC(4) Survivor regions: 2->8(23)
[2021-08-20T17:00:01.481+0000][1][gc,heap     ] GC(4) Old regions: 9->9
[2021-08-20T17:00:01.481+0000][1][gc,heap     ] GC(4) Archive regions: 2->2
[2021-08-20T17:00:01.481+0000][1][gc,heap     ] GC(4) Humongous regions: 2->1
[2021-08-20T17:00:01.481+0000][1][gc,metaspace] GC(4) Metaspace: 35487K(35776K)->35487K(35776K) NonClass: 30875K(31040K)->30875K(31040K) Class: 4612K(4736K)->4612K(4736K)
[2021-08-20T17:00:01.481+0000][1][gc          ] GC(4) Pause Young (Concurrent Start) (Metadata GC Threshold) 132M->17M(2048M) 3.115ms
[2021-08-20T17:00:01.481+0000][1][gc,cpu      ] GC(4) User=0.03s Sys=0.00s Real=0.00s
[2021-08-20T17:00:01.481+0000][1][gc          ] GC(5) Concurrent Mark Cycle
[2021-08-20T17:00:01.481+0000][1][safepoint   ] Safepoint "CollectForMetadataAllocation", Time since last: 265719279 ns, Reaching safepoint: 140822 ns, At safepoint: 3168642 ns, Total: 3309464 ns
[2021-08-20T17:00:01.481+0000][1][gc,marking  ] GC(5) Concurrent Clear Claimed Marks
[2021-08-20T17:00:01.481+0000][1][gc,marking  ] GC(5) Concurrent Clear Claimed Marks 0.028ms
[2021-08-20T17:00:01.481+0000][1][gc,marking  ] GC(5) Concurrent Scan Root Regions
[2021-08-20T17:00:01.482+0000][1][gc,marking  ] GC(5) Concurrent Scan Root Regions 1.293ms
[2021-08-20T17:00:01.482+0000][1][gc,marking  ] GC(5) Concurrent Mark
[2021-08-20T17:00:01.482+0000][1][gc,marking  ] GC(5) Concurrent Mark From Roots
[2021-08-20T17:00:01.482+0000][1][gc,task     ] GC(5) Using 3 workers of 3 for marking
[2021-08-20T17:00:01.485+0000][1][gc,marking  ] GC(5) Concurrent Mark From Roots 3.029ms
[2021-08-20T17:00:01.485+0000][1][gc,marking  ] GC(5) Concurrent Preclean
[2021-08-20T17:00:01.485+0000][1][gc,marking  ] GC(5) Concurrent Preclean 0.047ms
[2021-08-20T17:00:01.485+0000][1][gc,start    ] GC(5) Pause Remark
[2021-08-20T17:00:01.486+0000][1][gc          ] GC(5) Pause Remark 18M->18M(2048M) 0.692ms
[2021-08-20T17:00:01.486+0000][1][gc,cpu      ] GC(5) User=0.01s Sys=0.00s Real=0.00s
[2021-08-20T17:00:01.486+0000][1][safepoint   ] Safepoint "G1Concurrent", Time since last: 4453776 ns, Reaching safepoint: 83218 ns, At safepoint: 725972 ns, Total: 809190 ns
[2021-08-20T17:00:01.486+0000][1][gc,marking  ] GC(5) Concurrent Mark 3.928ms
[2021-08-20T17:00:01.486+0000][1][gc,marking  ] GC(5) Concurrent Rebuild Remembered Sets
[2021-08-20T17:00:01.488+0000][1][gc,marking  ] GC(5) Concurrent Rebuild Remembered Sets 1.629ms
[2021-08-20T17:00:01.488+0000][1][gc,start    ] GC(5) Pause Cleanup
[2021-08-20T17:00:01.488+0000][1][gc          ] GC(5) Pause Cleanup 18M->18M(2048M) 0.108ms
[2021-08-20T17:00:01.488+0000][1][gc,cpu      ] GC(5) User=0.00s Sys=0.00s Real=0.00s
[2021-08-20T17:00:01.488+0000][1][safepoint   ] Safepoint "G1Concurrent", Time since last: 1656415 ns, Reaching safepoint: 265597 ns, At safepoint: 122678 ns, Total: 388275 ns
[2021-08-20T17:00:01.488+0000][1][gc,marking  ] GC(5) Concurrent Cleanup for Next Mark
[2021-08-20T17:00:01.491+0000][1][gc,marking  ] GC(5) Concurrent Cleanup for Next Mark 2.961ms
[2021-08-20T17:00:01.491+0000][1][gc          ] GC(5) Concurrent Mark Cycle 10.303ms
[2021-08-20T17:00:01.684+0000][1][safepoint   ] Safepoint "ICBufferFull", Time since last: 195246147 ns, Reaching safepoint: 526073 ns, At safepoint: 3018 ns, Total: 529091 ns
[2021-08-20T17:00:01.977+0000][1][safepoint   ] Safepoint "ICBufferFull", Time since last: 293027762 ns, Reaching safepoint: 101645 ns, At safepoint: 4782 ns, Total: 106427 ns
[2021-08-20T17:00:02.324+0000][1][safepoint   ] Safepoint "ICBufferFull", Time since last: 346561014 ns, Reaching safepoint: 122252 ns, At safepoint: 2689 ns, Total: 124941 ns
[2021-08-20T17:00:02.695+0000][1][safepoint   ] Safepoint "ICBufferFull", Time since last: 371322719 ns, Reaching safepoint: 162264 ns, At safepoint: 7018 ns, Total: 169282 ns
[2021-08-20T17:00:02.763+0000][1][gc,start    ] GC(6) Pause Young (Concurrent Start) (Metadata GC Threshold)
[2021-08-20T17:00:02.763+0000][1][gc,task     ] GC(6) Using 10 workers of 10 for evacuation
[2021-08-20T17:00:02.763+0000][1][gc,age      ] GC(6) Desired survivor size 54001664 bytes, new threshold 15 (max threshold 15)
[2021-08-20T17:00:02.769+0000][1][gc,age      ] GC(6) Age table with threshold 15 (max threshold 15)
[2021-08-20T17:00:02.769+0000][1][gc,age      ] GC(6) - age   1:    8702904 bytes,    8702904 total
[2021-08-20T17:00:02.769+0000][1][gc,age      ] GC(6) - age   2:    5343912 bytes,   14046816 total
[2021-08-20T17:00:02.769+0000][1][gc,age      ] GC(6) - age   3:    1604704 bytes,   15651520 total
[2021-08-20T17:00:02.769+0000][1][gc,age      ] GC(6) - age   4:      26504 bytes,   15678024 total
[2021-08-20T17:00:02.769+0000][1][gc,phases   ] GC(6)   Pre Evacuate Collection Set: 0.1ms
[2021-08-20T17:00:02.769+0000][1][gc,phases   ] GC(6)   Merge Heap Roots: 0.0ms
[2021-08-20T17:00:02.769+0000][1][gc,phases   ] GC(6)   Evacuate Collection Set: 5.4ms
[2021-08-20T17:00:02.769+0000][1][gc,phases   ] GC(6)   Post Evacuate Collection Set: 0.6ms
[2021-08-20T17:00:02.769+0000][1][gc,phases   ] GC(6)   Other: 0.2ms
[2021-08-20T17:00:02.769+0000][1][gc,heap     ] GC(6) Eden regions: 110->0(985)
[2021-08-20T17:00:02.769+0000][1][gc,heap     ] GC(6) Survivor regions: 8->16(103)
[2021-08-20T17:00:02.769+0000][1][gc,heap     ] GC(6) Old regions: 9->9
[2021-08-20T17:00:02.769+0000][1][gc,heap     ] GC(6) Archive regions: 2->2
[2021-08-20T17:00:02.769+0000][1][gc,heap     ] GC(6) Humongous regions: 1->1
[2021-08-20T17:00:02.769+0000][1][gc,metaspace] GC(6) Metaspace: 59426K(59968K)->59426K(59968K) NonClass: 51364K(51648K)->51364K(51648K) Class: 8062K(8320K)->8062K(8320K)
[2021-08-20T17:00:02.769+0000][1][gc          ] GC(6) Pause Young (Concurrent Start) (Metadata GC Threshold) 127M->25M(2048M) 6.353ms
[2021-08-20T17:00:02.769+0000][1][gc,cpu      ] GC(6) User=0.05s Sys=0.00s Real=0.00s
[2021-08-20T17:00:02.769+0000][1][gc          ] GC(7) Concurrent Mark Cycle
[2021-08-20T17:00:02.769+0000][1][safepoint   ] Safepoint "CollectForMetadataAllocation", Time since last: 67968448 ns, Reaching safepoint: 98590 ns, At safepoint: 6413481 ns, Total: 6512071 ns
[2021-08-20T17:00:02.769+0000][1][gc,marking  ] GC(7) Concurrent Clear Claimed Marks
[2021-08-20T17:00:02.770+0000][1][gc,marking  ] GC(7) Concurrent Clear Claimed Marks 0.045ms
[2021-08-20T17:00:02.770+0000][1][gc,marking  ] GC(7) Concurrent Scan Root Regions
[2021-08-20T17:00:02.772+0000][1][safepoint   ] Safepoint "CollectForMetadataAllocation", Time since last: 98927 ns, Reaching safepoint: 2112495 ns, At safepoint: 19230 ns, Total: 2131725 ns
[2021-08-20T17:00:02.772+0000][1][safepoint   ] Safepoint "CollectForMetadataAllocation", Time since last: 66717 ns, Reaching safepoint: 83096 ns, At safepoint: 5697 ns, Total: 88793 ns
[2021-08-20T17:00:02.772+0000][1][gc,marking  ] GC(7) Concurrent Scan Root Regions 2.386ms
[2021-08-20T17:00:02.772+0000][1][gc,marking  ] GC(7) Concurrent Mark
[2021-08-20T17:00:02.772+0000][1][gc,marking  ] GC(7) Concurrent Mark From Roots
[2021-08-20T17:00:02.772+0000][1][gc,task     ] GC(7) Using 3 workers of 3 for marking
[2021-08-20T17:00:02.772+0000][1][safepoint   ] Safepoint "CollectForMetadataAllocation", Time since last: 24465 ns, Reaching safepoint: 85180 ns, At safepoint: 9463 ns, Total: 94643 ns
[2021-08-20T17:00:02.776+0000][1][gc,marking  ] GC(7) Concurrent Mark From Roots 4.224ms
[2021-08-20T17:00:02.776+0000][1][gc,marking  ] GC(7) Concurrent Preclean
[2021-08-20T17:00:02.776+0000][1][gc,marking  ] GC(7) Concurrent Preclean 0.054ms
[2021-08-20T17:00:02.776+0000][1][gc,start    ] GC(7) Pause Remark
[2021-08-20T17:00:02.777+0000][1][gc          ] GC(7) Pause Remark 27M->27M(2048M) 1.059ms
[2021-08-20T17:00:02.777+0000][1][gc,cpu      ] GC(7) User=0.01s Sys=0.00s Real=0.00s
[2021-08-20T17:00:02.777+0000][1][safepoint   ] Safepoint "G1Concurrent", Time since last: 4259761 ns, Reaching safepoint: 25373 ns, At safepoint: 1118685 ns, Total: 1144058 ns
[2021-08-20T17:00:02.777+0000][1][gc,marking  ] GC(7) Concurrent Mark 5.470ms
[2021-08-20T17:00:02.777+0000][1][gc,marking  ] GC(7) Concurrent Rebuild Remembered Sets
[2021-08-20T17:00:02.781+0000][1][gc,marking  ] GC(7) Concurrent Rebuild Remembered Sets 3.093ms
[2021-08-20T17:00:02.781+0000][1][gc,start    ] GC(7) Pause Cleanup
[2021-08-20T17:00:02.781+0000][1][gc          ] GC(7) Pause Cleanup 28M->28M(2048M) 0.134ms
[2021-08-20T17:00:02.781+0000][1][gc,cpu      ] GC(7) User=0.00s Sys=0.00s Real=0.00s
[2021-08-20T17:00:02.781+0000][1][safepoint   ] Safepoint "G1Concurrent", Time since last: 3153654 ns, Reaching safepoint: 87501 ns, At safepoint: 162755 ns, Total: 250256 ns
[2021-08-20T17:00:02.781+0000][1][gc,marking  ] GC(7) Concurrent Cleanup for Next Mark
[2021-08-20T17:00:02.783+0000][1][gc,marking  ] GC(7) Concurrent Cleanup for Next Mark 2.209ms
[2021-08-20T17:00:02.783+0000][1][gc          ] GC(7) Concurrent Mark Cycle 13.575ms
[2021-08-20T17:00:03.781+0000][1][safepoint   ] Safepoint "Cleanup", Time since last: 1000098303 ns, Reaching safepoint: 39592 ns, At safepoint: 15723 ns, Total: 55315 ns
[2021-08-20T17:00:05.781+0000][1][safepoint   ] Safepoint "Cleanup", Time since last: 2000183710 ns, Reaching safepoint: 115958 ns, At safepoint: 3685 ns, Total: 119643 ns
[2021-08-20T17:00:07.782+0000][1][safepoint   ] Safepoint "Cleanup", Time since last: 2000353058 ns, Reaching safepoint: 96677 ns, At safepoint: 10828 ns, Total: 107505 ns
[2021-08-20T17:00:10.782+0000][1][safepoint   ] Safepoint "Cleanup", Time since last: 3000420408 ns, Reaching safepoint: 119180 ns, At safepoint: 10169 ns, Total: 129349 ns
[2021-08-20T17:00:11.783+0000][1][safepoint   ] Safepoint "Cleanup", Time since last: 1000215551 ns, Reaching safepoint: 69938 ns, At safepoint: 8875 ns, Total: 78813 ns
[2021-08-20T17:00:19.784+0000][1][safepoint   ] Safepoint "Cleanup", Time since last: 8001158189 ns, Reaching safepoint: 25167 ns, At safepoint: 2461 ns, Total: 27628 ns
[2021-08-20T17:00:23.784+0000][1][safepoint   ] Safepoint "Cleanup", Time since last: 4000543049 ns, Reaching safepoint: 107607 ns, At safepoint: 10103 ns, Total: 117710 ns
[2021-08-20T17:00:26.785+0000][1][safepoint   ] Safepoint "Cleanup", Time since last: 3000528123 ns, Reaching safepoint: 199598 ns, At safepoint: 15590 ns, Total: 215188 ns
[2021-08-20T17:00:30.786+0000][1][safepoint   ] Safepoint "Cleanup", Time since last: 4000429235 ns, Reaching safepoint: 218888 ns, At safepoint: 16568 ns, Total: 235456 ns
[2021-08-20T17:00:32.786+0000][1][safepoint   ] Safepoint "Cleanup", Time since last: 2000327728 ns, Reaching safepoint: 145604 ns, At safepoint: 29991 ns, Total: 175595 ns
[2021-08-20T17:00:45.788+0000][1][safepoint   ] Safepoint "Cleanup", Time since last: 13001563560 ns, Reaching safepoint: 106432 ns, At safepoint: 10459 ns, Total: 116891 ns
[2021-08-20T17:00:46.788+0000][1][safepoint   ] Safepoint "Cleanup", Time since last: 1000221631 ns, Reaching safepoint: 99871 ns, At safepoint: 9868 ns, Total: 109739 ns
[2021-08-20T17:01:01.790+0000][1][safepoint   ] Safepoint "Cleanup", Time since last: 15001705911 ns, Reaching safepoint: 108287 ns, At safepoint: 10786 ns, Total: 119073 ns
[2021-08-20T17:01:02.790+0000][1][safepoint   ] Safepoint "Cleanup", Time since last: 1000260860 ns, Reaching safepoint: 40769 ns, At safepoint: 2703 ns, Total: 43472 ns
[2021-08-20T17:01:06.791+0000][1][safepoint   ] Safepoint "Cleanup", Time since last: 4000493373 ns, Reaching safepoint: 79501 ns, At safepoint: 8110 ns, Total: 87611 ns
[2021-08-20T17:01:07.791+0000][1][safepoint   ] Safepoint "Cleanup", Time since last: 1000227003 ns, Reaching safepoint: 74183 ns, At safepoint: 7937 ns, Total: 82120 ns
[2021-08-20T17:01:14.792+0000][1][safepoint   ] Safepoint "Cleanup", Time since last: 7000956408 ns, Reaching safepoint: 99054 ns, At safepoint: 8411 ns, Total: 107465 ns
[2021-08-20T17:01:16.793+0000][1][safepoint   ] Safepoint "Cleanup", Time since last: 2000280371 ns, Reaching safepoint: 178701 ns, At safepoint: 16050 ns, Total: 194751 ns
[2021-08-20T17:01:27.794+0000][1][safepoint   ] Safepoint "Cleanup", Time since last: 11001288771 ns, Reaching safepoint: 100968 ns, At safepoint: 10022 ns, Total: 110990 ns
[2021-08-20T17:01:37.796+0000][1][safepoint   ] Safepoint "Cleanup", Time since last: 10001207229 ns, Reaching safepoint: 230795 ns, At safepoint: 15580 ns, Total: 246375 ns
[2021-08-20T17:01:39.796+0000][1][safepoint   ] Safepoint "Cleanup", Time since last: 2000352529 ns, Reaching safepoint: 126839 ns, At safepoint: 13419 ns, Total: 140258 ns
[2021-08-20T17:01:44.797+0000][1][safepoint   ] Safepoint "Cleanup", Time since last: 5000755500 ns, Reaching safepoint: 162018 ns, At safepoint: 13122 ns, Total: 175140 ns
[2021-08-20T17:01:47.798+0000][1][safepoint   ] Safepoint "Cleanup", Time since last: 3000474932 ns, Reaching safepoint: 99510 ns, At safepoint: 9868 ns, Total: 109378 ns
[2021-08-20T17:01:56.799+0000][1][safepoint   ] Safepoint "Cleanup", Time since last: 9001086321 ns, Reaching safepoint: 132933 ns, At safepoint: 22624 ns, Total: 155557 ns
[2021-08-20T17:02:02.800+0000][1][safepoint   ] Safepoint "Cleanup", Time since last: 6000773648 ns, Reaching safepoint: 92071 ns, At safepoint: 8782 ns, Total: 100853 ns
[2021-08-20T17:02:06.801+0000][1][safepoint   ] Safepoint "Cleanup", Time since last: 4000612860 ns, Reaching safepoint: 99451 ns, At safepoint: 15518 ns, Total: 114969 ns
[2021-08-20T17:02:09.801+0000][1][safepoint   ] Safepoint "Cleanup", Time since last: 3000408100 ns, Reaching safepoint: 68569 ns, At safepoint: 9198 ns, Total: 77767 ns
[2021-08-20T17:02:11.802+0000][1][safepoint   ] Safepoint "Cleanup", Time since last: 2000353972 ns, Reaching safepoint: 74251 ns, At safepoint: 9693 ns, Total: 83944 ns
[2021-08-20T17:02:12.802+0000][1][safepoint   ] Safepoint "Cleanup", Time since last: 1000223730 ns, Reaching safepoint: 126068 ns, At safepoint: 9988 ns, Total: 136056 ns
[2021-08-20T17:02:16.803+0000][1][safepoint   ] Safepoint "Cleanup", Time since last: 4000612441 ns, Reaching safepoint: 113831 ns, At safepoint: 8679 ns, Total: 122510 ns
[2021-08-20T17:02:17.803+0000][1][safepoint   ] Safepoint "Cleanup", Time since last: 1000216121 ns, Reaching safepoint: 132141 ns, At safepoint: 24486 ns, Total: 156627 ns
[2021-08-20T17:02:24.804+0000][1][safepoint   ] Safepoint "Cleanup", Time since last: 7000803666 ns, Reaching safepoint: 117441 ns, At safepoint: 8647 ns, Total: 126088 ns
[2021-08-20T17:02:28.805+0000][1][safepoint   ] Safepoint "Cleanup", Time since last: 4000482968 ns, Reaching safepoint: 153462 ns, At safepoint: 11730 ns, Total: 165192 ns
[2021-08-20T17:02:32.805+0000][1][safepoint   ] Safepoint "Cleanup", Time since last: 4000630646 ns, Reaching safepoint: 196993 ns, At safepoint: 15377 ns, Total: 212370 ns
[2021-08-20T17:02:34.806+0000][1][safepoint   ] Safepoint "Cleanup", Time since last: 2000351961 ns, Reaching safepoint: 174135 ns, At safepoint: 15826 ns, Total: 189961 ns
[2021-08-20T17:02:36.806+0000][1][safepoint   ] Safepoint "Cleanup", Time since last: 2000340611 ns, Reaching safepoint: 187288 ns, At safepoint: 15876 ns, Total: 203164 ns
[2021-08-20T17:02:39.807+0000][1][safepoint   ] Safepoint "Cleanup", Time since last: 3000484012 ns, Reaching safepoint: 197457 ns, At safepoint: 15598 ns, Total: 213055 ns
[2021-08-20T17:02:51.809+0000][1][safepoint   ] Safepoint "Cleanup", Time since last: 12001556024 ns, Reaching safepoint: 188743 ns, At safepoint: 15959 ns, Total: 204702 ns
[2021-08-20T17:03:11.811+0000][1][safepoint   ] Safepoint "Cleanup", Time since last: 20002200236 ns, Reaching safepoint: 123665 ns, At safepoint: 8744 ns, Total: 132409 ns
[2021-08-20T17:03:32.814+0000][1][safepoint   ] Safepoint "Cleanup", Time since last: 21002737721 ns, Reaching safepoint: 97783 ns, At safepoint: 10335 ns, Total: 108118 ns
[2021-08-20T17:03:36.815+0000][1][safepoint   ] Safepoint "Cleanup", Time since last: 4000411591 ns, Reaching safepoint: 116685 ns, At safepoint: 8506 ns, Total: 125191 ns
[2021-08-20T17:03:37.815+0000][1][safepoint   ] Safepoint "Cleanup", Time since last: 1000173534 ns, Reaching safepoint: 144150 ns, At safepoint: 11144 ns, Total: 155294 ns
[2021-08-20T17:03:43.816+0000][1][safepoint   ] Safepoint "Cleanup", Time since last: 6000619523 ns, Reaching safepoint: 126336 ns, At safepoint: 13147 ns, Total: 139483 ns
[2021-08-20T17:03:50.817+0000][1][safepoint   ] Safepoint "Cleanup", Time since last: 7000812491 ns, Reaching safepoint: 98508 ns, At safepoint: 9703 ns, Total: 108211 ns
[2021-08-20T17:03:56.817+0000][1][safepoint   ] Safepoint "Cleanup", Time since last: 6000661612 ns, Reaching safepoint: 44297 ns, At safepoint: 4086 ns, Total: 48383 ns
[2021-08-20T17:04:02.818+0000][1][safepoint   ] Safepoint "Cleanup", Time since last: 6000677257 ns, Reaching safepoint: 184788 ns, At safepoint: 8100 ns, Total: 192888 ns
[2021-08-20T17:04:07.819+0000][1][safepoint   ] Safepoint "Cleanup", Time since last: 5000572695 ns, Reaching safepoint: 122059 ns, At safepoint: 8439 ns, Total: 130498 ns
[2021-08-20T17:04:08.819+0000][1][safepoint   ] Safepoint "Cleanup", Time since last: 1000203220 ns, Reaching safepoint: 93352 ns, At safepoint: 9309 ns, Total: 102661 ns
[2021-08-20T17:04:11.820+0000][1][safepoint   ] Safepoint "Cleanup", Time since last: 3000443964 ns, Reaching safepoint: 126232 ns, At safepoint: 12788 ns, Total: 139020 ns
[2021-08-20T17:04:13.820+0000][1][safepoint   ] Safepoint "Cleanup", Time since last: 2000223000 ns, Reaching safepoint: 87643 ns, At safepoint: 9591 ns, Total: 97234 ns
[2021-08-20T17:04:19.821+0000][1][safepoint   ] Safepoint "Cleanup", Time since last: 6000672090 ns, Reaching safepoint: 163838 ns, At safepoint: 12937 ns, Total: 176775 ns
[2021-08-20T17:04:32.823+0000][1][safepoint   ] Safepoint "Cleanup", Time since last: 13001547110 ns, Reaching safepoint: 95101 ns, At safepoint: 8299 ns, Total: 103400 ns
[2021-08-20T17:04:33.823+0000][1][safepoint   ] Safepoint "Cleanup", Time since last: 1000196100 ns, Reaching safepoint: 82189 ns, At safepoint: 8260 ns, Total: 90449 ns
[2021-08-20T17:04:38.824+0000][1][safepoint   ] Safepoint "Cleanup", Time since last: 5000438735 ns, Reaching safepoint: 109785 ns, At safepoint: 8633 ns, Total: 118418 ns
[2021-08-20T17:04:43.824+0000][1][safepoint   ] Safepoint "Cleanup", Time since last: 5000653555 ns, Reaching safepoint: 149151 ns, At safepoint: 13007 ns, Total: 162158 ns
[2021-08-20T17:04:58.826+0000][1][safepoint   ] Safepoint "Cleanup", Time since last: 15002004393 ns, Reaching safepoint: 142689 ns, At safepoint: 9406 ns, Total: 152095 ns
[2021-08-20T17:05:02.827+0000][1][safepoint   ] Safepoint "Cleanup", Time since last: 4000563654 ns, Reaching safepoint: 99932 ns, At safepoint: 9185 ns, Total: 109117 ns
[2021-08-20T17:05:06.828+0000][1][safepoint   ] Safepoint "Cleanup", Time since last: 4000548879 ns, Reaching safepoint: 95342 ns, At safepoint: 9079 ns, Total: 104421 ns
[2021-08-20T17:05:29.831+0000][1][safepoint   ] Safepoint "Cleanup", Time since last: 23002802385 ns, Reaching safepoint: 75263 ns, At safepoint: 8866 ns, Total: 84129 ns
[2021-08-20T17:05:45.833+0000][1][safepoint   ] Safepoint "Cleanup", Time since last: 16001842506 ns, Reaching safepoint: 113853 ns, At safepoint: 8553 ns, Total: 122406 ns
[2021-08-20T17:06:15.837+0000][1][safepoint   ] Safepoint "Cleanup", Time since last: 30003742710 ns, Reaching safepoint: 154949 ns, At safepoint: 10079 ns, Total: 165028 ns
[2021-08-20T17:06:16.837+0000][1][safepoint   ] Safepoint "Cleanup", Time since last: 1000150296 ns, Reaching safepoint: 69411 ns, At safepoint: 8222 ns, Total: 77633 ns
[2021-08-20T17:06:24.838+0000][1][safepoint   ] Safepoint "Cleanup", Time since last: 8000918855 ns, Reaching safepoint: 75453 ns, At safepoint: 8720 ns, Total: 84173 ns
[2021-08-20T17:06:26.838+0000][1][safepoint   ] Safepoint "Cleanup", Time since last: 2000348280 ns, Reaching safepoint: 76624 ns, At safepoint: 8555 ns, Total: 85179 ns
[2021-08-20T17:06:32.839+0000][1][safepoint   ] Safepoint "Cleanup", Time since last: 6000807213 ns, Reaching safepoint: 97355 ns, At safepoint: 8869 ns, Total: 106224 ns
[2021-08-20T17:06:52.841+0000][1][safepoint   ] Safepoint "Cleanup", Time since last: 20001928080 ns, Reaching safepoint: 151729 ns, At safepoint: 10957 ns, Total: 162686 ns
[2021-08-20T17:06:53.842+0000][1][safepoint   ] Safepoint "Cleanup", Time since last: 1000202865 ns, Reaching safepoint: 110587 ns, At safepoint: 10370 ns, Total: 120957 ns
[2021-08-20T17:07:03.843+0000][1][safepoint   ] Safepoint "Cleanup", Time since last: 10001281518 ns, Reaching safepoint: 139678 ns, At safepoint: 17361 ns, Total: 157039 ns
[2021-08-20T17:07:32.847+0000][1][safepoint   ] Safepoint "Cleanup", Time since last: 29003693283 ns, Reaching safepoint: 69105 ns, At safepoint: 9023 ns, Total: 78128 ns
[2021-08-20T17:07:38.848+0000][1][safepoint   ] Safepoint "Cleanup", Time since last: 6000640706 ns, Reaching safepoint: 130175 ns, At safepoint: 8969 ns, Total: 139144 ns
[2021-08-20T17:08:22.853+0000][1][safepoint   ] Safepoint "Cleanup", Time since last: 44005077763 ns, Reaching safepoint: 170340 ns, At safepoint: 13063 ns, Total: 183403 ns
[2021-08-20T17:08:59.857+0000][1][safepoint   ] Safepoint "Cleanup", Time since last: 37004230761 ns, Reaching safepoint: 158300 ns, At safepoint: 11152 ns, Total: 169452 ns
[2021-08-20T17:09:25.860+0000][1][safepoint   ] Safepoint "Cleanup", Time since last: 26002968322 ns, Reaching safepoint: 150861 ns, At safepoint: 9597 ns, Total: 160458 ns
[2021-08-20T17:09:26.861+0000][1][safepoint   ] Safepoint "Cleanup", Time since last: 1000188935 ns, Reaching safepoint: 183910 ns, At safepoint: 15336 ns, Total: 199246 ns
[2021-08-20T17:10:02.323+0000][1][safepoint   ] Safepoint "Cleanup", Time since last: 35461685185 ns, Reaching safepoint: 169269 ns, At safepoint: 9011 ns, Total: 178280 ns
[2021-08-20T17:10:03.427+0000][1][safepoint   ] Safepoint "Cleanup", Time since last: 1104536135 ns, Reaching safepoint: 245218 ns, At safepoint: 11473 ns, Total: 256691 ns
[2021-08-20T17:10:06.535+0000][1][safepoint   ] Safepoint "Cleanup", Time since last: 3107011687 ns, Reaching safepoint: 111290 ns, At safepoint: 11175 ns, Total: 122465 ns
[2021-08-20T17:10:32.538+0000][1][safepoint   ] Safepoint "Cleanup", Time since last: 26003323639 ns, Reaching safepoint: 135744 ns, At safepoint: 9911 ns, Total: 145655 ns
[2021-08-20T17:10:33.538+0000][1][safepoint   ] Safepoint "Cleanup", Time since last: 1000227757 ns, Reaching safepoint: 113679 ns, At safepoint: 12074 ns, Total: 125753 ns
[2021-08-20T17:10:58.542+0000][1][safepoint   ] Safepoint "Cleanup", Time since last: 25003106059 ns, Reaching safepoint: 139761 ns, At safepoint: 11490 ns, Total: 151251 ns
[2021-08-20T17:11:02.542+0000][1][safepoint   ] Safepoint "Cleanup", Time since last: 4000585169 ns, Reaching safepoint: 129447 ns, At safepoint: 7537 ns, Total: 136984 ns
[2021-08-20T17:11:03.543+0000][1][safepoint   ] Safepoint "Cleanup", Time since last: 1000196737 ns, Reaching safepoint: 65139 ns, At safepoint: 7973 ns, Total: 73112 ns
[2021-08-20T17:11:32.546+0000][1][safepoint   ] Safepoint "Cleanup", Time since last: 29003467993 ns, Reaching safepoint: 105051 ns, At safepoint: 8623 ns, Total: 113674 ns
[2021-08-20T17:11:33.546+0000][1][safepoint   ] Safepoint "Cleanup", Time since last: 1000154407 ns, Reaching safepoint: 117808 ns, At safepoint: 9382 ns, Total: 127190 ns
[2021-08-20T17:12:18.552+0000][1][safepoint   ] Safepoint "Cleanup", Time since last: 45005479550 ns, Reaching safepoint: 129747 ns, At safepoint: 9555 ns, Total: 139302 ns
[2021-08-20T17:12:30.554+0000][1][safepoint   ] Safepoint "Cleanup", Time since last: 12001479611 ns, Reaching safepoint: 129621 ns, At safepoint: 9553 ns, Total: 139174 ns
[2021-08-20T17:13:29.561+0000][1][safepoint   ] Safepoint "Cleanup", Time since last: 59006871573 ns, Reaching safepoint: 114059 ns, At safepoint: 9396 ns, Total: 123455 ns
[2021-08-20T17:15:02.573+0000][1][safepoint   ] Safepoint "Cleanup", Time since last: 93011806141 ns, Reaching safepoint: 123961 ns, At safepoint: 8421 ns, Total: 132382 ns
[2021-08-20T17:15:28.576+0000][1][safepoint   ] Safepoint "Cleanup", Time since last: 26003130583 ns, Reaching safepoint: 104771 ns, At safepoint: 8941 ns, Total: 113712 ns
[2021-08-20T17:15:32.577+0000][1][safepoint   ] Safepoint "Cleanup", Time since last: 4000588583 ns, Reaching safepoint: 141400 ns, At safepoint: 9228 ns, Total: 150628 ns
[2021-08-20T17:16:11.582+0000][1][safepoint   ] Safepoint "Cleanup", Time since last: 39004899187 ns, Reaching safepoint: 96093 ns, At safepoint: 15633 ns, Total: 111726 ns
[2021-08-20T17:18:21.598+0000][1][safepoint   ] Safepoint "Cleanup", Time since last: 130016476335 ns, Reaching safepoint: 221361 ns, At safepoint: 15965 ns, Total: 237326 ns
[2021-08-20T17:18:47.602+0000][1][safepoint   ] Safepoint "Cleanup", Time since last: 26003331645 ns, Reaching safepoint: 103097 ns, At safepoint: 9403 ns, Total: 112500 ns
[2021-08-20T17:19:02.603+0000][1][safepoint   ] Safepoint "Cleanup", Time since last: 15001483315 ns, Reaching safepoint: 36604 ns, At safepoint: 2364 ns, Total: 38968 ns
[2021-08-20T17:20:01.608+0000][1][safepoint   ] Safepoint "Cleanup", Time since last: 59005008900 ns, Reaching safepoint: 69961 ns, At safepoint: 3451 ns, Total: 73412 ns
[2021-08-20T17:20:02.609+0000][1][safepoint   ] Safepoint "Cleanup", Time since last: 1000119431 ns, Reaching safepoint: 28383 ns, At safepoint: 2706 ns, Total: 31089 ns
[2021-08-20T17:20:32.611+0000][1][safepoint   ] Safepoint "Cleanup", Time since last: 30002796405 ns, Reaching safepoint: 78011 ns, At safepoint: 6346 ns, Total: 84357 ns
[2021-08-20T17:21:02.614+0000][1][safepoint   ] Safepoint "Cleanup", Time since last: 30002445131 ns, Reaching safepoint: 167103 ns, At safepoint: 15797 ns, Total: 182900 ns
[2021-08-20T17:21:26.616+0000][1][safepoint   ] Safepoint "Cleanup", Time since last: 24001914306 ns, Reaching safepoint: 36904 ns, At safepoint: 2750 ns, Total: 39654 ns
[2021-08-20T17:22:27.621+0000][1][safepoint   ] Safepoint "Cleanup", Time since last: 61005143781 ns, Reaching safepoint: 73141 ns, At safepoint: 2803 ns, Total: 75944 ns
[2021-08-20T17:24:32.634+0000][1][safepoint   ] Safepoint "Cleanup", Time since last: 125012856216 ns, Reaching safepoint: 36213 ns, At safepoint: 1899 ns, Total: 38112 ns
[2021-08-20T17:24:36.635+0000][1][safepoint   ] Safepoint "Cleanup", Time since last: 4000360913 ns, Reaching safepoint: 99794 ns, At safepoint: 8557 ns, Total: 108351 ns
[2021-08-20T17:25:02.638+0000][1][safepoint   ] Safepoint "Cleanup", Time since last: 26003246253 ns, Reaching safepoint: 130321 ns, At safepoint: 7640 ns, Total: 137961 ns
[2021-08-20T17:26:32.648+0000][1][safepoint   ] Safepoint "Cleanup", Time since last: 90010387538 ns, Reaching safepoint: 95329 ns, At safepoint: 7802 ns, Total: 103131 ns
[2021-08-20T17:26:51.651+0000][1][safepoint   ] Safepoint "Cleanup", Time since last: 19002333948 ns, Reaching safepoint: 129573 ns, At safepoint: 8429 ns, Total: 138002 ns
[2021-08-20T17:28:02.660+0000][1][safepoint   ] Safepoint "Cleanup", Time since last: 71008526791 ns, Reaching safepoint: 223708 ns, At safepoint: 15290 ns, Total: 238998 ns
[2021-08-20T17:28:32.663+0000][1][safepoint   ] Safepoint "Cleanup", Time since last: 30003128610 ns, Reaching safepoint: 82823 ns, At safepoint: 4895 ns, Total: 87718 ns
[2021-08-20T17:29:32.668+0000][1][safepoint   ] Safepoint "Cleanup", Time since last: 60005270465 ns, Reaching safepoint: 41921 ns, At safepoint: 2455 ns, Total: 44376 ns
[2021-08-20T17:29:55.670+0000][1][safepoint   ] Safepoint "Cleanup", Time since last: 23002227346 ns, Reaching safepoint: 44440 ns, At safepoint: 3945 ns, Total: 48385 ns
[2021-08-20T17:30:02.671+0000][1][safepoint   ] Safepoint "Cleanup", Time since last: 7000706903 ns, Reaching safepoint: 31035 ns, At safepoint: 2498 ns, Total: 33533 ns
[2021-08-20T17:30:37.674+0000][1][safepoint   ] Safepoint "Cleanup", Time since last: 35002871089 ns, Reaching safepoint: 37456 ns, At safepoint: 14941 ns, Total: 52397 ns
[2021-08-20T17:31:02.676+0000][1][safepoint   ] Safepoint "Cleanup", Time since last: 25002096032 ns, Reaching safepoint: 51838 ns, At safepoint: 3478 ns, Total: 55316 ns
[2021-08-20T17:31:12.677+0000][1][safepoint   ] Safepoint "Cleanup", Time since last: 10000810662 ns, Reaching safepoint: 38689 ns, At safepoint: 3683 ns, Total: 42372 ns
[2021-08-20T17:31:32.679+0000][1][safepoint   ] Safepoint "Cleanup", Time since last: 20001888227 ns, Reaching safepoint: 122176 ns, At safepoint: 8471 ns, Total: 130647 ns
[2021-08-20T17:32:02.682+0000][1][safepoint   ] Safepoint "Cleanup", Time since last: 30003193948 ns, Reaching safepoint: 110959 ns, At safepoint: 7892 ns, Total: 118851 ns
[2021-08-20T17:32:06.683+0000][1][safepoint   ] Safepoint "Cleanup", Time since last: 4000503693 ns, Reaching safepoint: 77324 ns, At safepoint: 9211 ns, Total: 86535 ns
[2021-08-20T17:32:32.686+0000][1][safepoint   ] Safepoint "Cleanup", Time since last: 26002421316 ns, Reaching safepoint: 59337 ns, At safepoint: 3392 ns, Total: 62729 ns
[2021-08-20T17:33:56.692+0000][1][safepoint   ] Safepoint "Cleanup", Time since last: 84006814334 ns, Reaching safepoint: 73132 ns, At safepoint: 3877 ns, Total: 77009 ns
[2021-08-20T17:35:03.699+0000][1][safepoint   ] Safepoint "Cleanup", Time since last: 67006658672 ns, Reaching safepoint: 64222 ns, At safepoint: 2440 ns, Total: 66662 ns
[2021-08-20T17:35:06.700+0000][1][safepoint   ] Safepoint "Cleanup", Time since last: 3000294264 ns, Reaching safepoint: 148735 ns, At safepoint: 18758 ns, Total: 167493 ns
[2021-08-20T17:35:32.703+0000][1][safepoint   ] Safepoint "Cleanup", Time since last: 26003235959 ns, Reaching safepoint: 147983 ns, At safepoint: 9061 ns, Total: 157044 ns
[2021-08-20T17:35:36.704+0000][1][safepoint   ] Safepoint "Cleanup", Time since last: 4000401662 ns, Reaching safepoint: 115985 ns, At safepoint: 9538 ns, Total: 125523 ns
[2021-08-20T17:36:18.708+0000][1][safepoint   ] Safepoint "Cleanup", Time since last: 42004699972 ns, Reaching safepoint: 111556 ns, At safepoint: 8884 ns, Total: 120440 ns
[2021-08-20T17:37:31.717+0000][1][safepoint   ] Safepoint "Cleanup", Time since last: 73008264883 ns, Reaching safepoint: 41738 ns, At safepoint: 2824 ns, Total: 44562 ns
[2021-08-20T17:40:02.734+0000][1][safepoint   ] Safepoint "Cleanup", Time since last: 151016805066 ns, Reaching safepoint: 159312 ns, At safepoint: 9366 ns, Total: 168678 ns
[2021-08-20T17:40:32.737+0000][1][safepoint   ] Safepoint "Cleanup", Time since last: 30003333151 ns, Reaching safepoint: 130317 ns, At safepoint: 8231 ns, Total: 138548 ns
[2021-08-20T17:43:32.760+0000][1][safepoint   ] Safepoint "Cleanup", Time since last: 180023032963 ns, Reaching safepoint: 152277 ns, At safepoint: 10884 ns, Total: 163161 ns
[2021-08-20T17:44:02.764+0000][1][safepoint   ] Safepoint "Cleanup", Time since last: 30003609339 ns, Reaching safepoint: 48791 ns, At safepoint: 2733 ns, Total: 51524 ns
[2021-08-20T17:44:47.769+0000][1][safepoint   ] Safepoint "Cleanup", Time since last: 45005005773 ns, Reaching safepoint: 140385 ns, At safepoint: 8749 ns, Total: 149134 ns
[2021-08-20T17:45:02.771+0000][1][safepoint   ] Safepoint "Cleanup", Time since last: 15002093676 ns, Reaching safepoint: 92283 ns, At safepoint: 9386 ns, Total: 101669 ns
[2021-08-20T17:49:02.802+0000][1][safepoint   ] Safepoint "Cleanup", Time since last: 240030311977 ns, Reaching safepoint: 133961 ns, At safepoint: 8785 ns, Total: 142746 ns
[2021-08-20T17:52:32.826+0000][1][safepoint   ] Safepoint "Cleanup", Time since last: 210024114116 ns, Reaching safepoint: 99007 ns, At safepoint: 8157 ns, Total: 107164 ns
[2021-08-20T17:54:02.837+0000][1][safepoint   ] Safepoint "Cleanup", Time since last: 90010651829 ns, Reaching safepoint: 135662 ns, At safepoint: 15778 ns, Total: 151440 ns
[2021-08-20T17:55:06.845+0000][1][safepoint   ] Safepoint "Cleanup", Time since last: 64007905551 ns, Reaching safepoint: 110592 ns, At safepoint: 8872 ns, Total: 119464 ns
[2021-08-20T17:57:47.555+0000][1][safepoint   ] Safepoint "Cleanup", Time since last: 160709830988 ns, Reaching safepoint: 94722 ns, At safepoint: 1943 ns, Total: 96665 ns
[2021-08-20T17:57:48.555+0000][1][safepoint   ] Safepoint "Cleanup", Time since last: 1000110290 ns, Reaching safepoint: 113187 ns, At safepoint: 5089 ns, Total: 118276 ns
[2021-08-20T17:57:49.555+0000][1][safepoint   ] Safepoint "Cleanup", Time since last: 1000125724 ns, Reaching safepoint: 50703 ns, At safepoint: 6358 ns, Total: 57061 ns
[2021-08-20T17:57:50.555+0000][1][safepoint   ] Safepoint "Cleanup", Time since last: 1000108972 ns, Reaching safepoint: 50192 ns, At safepoint: 3321 ns, Total: 53513 ns
[2021-08-20T17:57:51.555+0000][1][safepoint   ] Safepoint "Cleanup", Time since last: 1000090617 ns, Reaching safepoint: 31805 ns, At safepoint: 2785 ns, Total: 34590 ns
[2021-08-20T17:58:03.557+0000][1][safepoint   ] Safepoint "Cleanup", Time since last: 12001319179 ns, Reaching safepoint: 129815 ns, At safepoint: 16525 ns, Total: 146340 ns
[2021-08-20T17:58:24.559+0000][1][safepoint   ] Safepoint "Cleanup", Time since last: 21002195255 ns, Reaching safepoint: 149387 ns, At safepoint: 10395 ns, Total: 159782 ns
[2021-08-20T17:59:03.564+0000][1][safepoint   ] Safepoint "Cleanup", Time since last: 39004600816 ns, Reaching safepoint: 136302 ns, At safepoint: 8105 ns, Total: 144407 ns
[2021-08-20T18:00:28.574+0000][1][safepoint   ] Safepoint "Cleanup", Time since last: 85009321135 ns, Reaching safepoint: 144702 ns, At safepoint: 9487 ns, Total: 154189 ns
[2021-08-20T18:00:33.574+0000][1][safepoint   ] Safepoint "Cleanup", Time since last: 5000698722 ns, Reaching safepoint: 40893 ns, At safepoint: 2775 ns, Total: 43668 ns
[2021-08-20T18:02:03.585+0000][1][safepoint   ] Safepoint "Cleanup", Time since last: 90010439800 ns, Reaching safepoint: 152394 ns, At safepoint: 19558 ns, Total: 171952 ns
[2021-08-20T18:04:33.603+0000][1][safepoint   ] Safepoint "Cleanup", Time since last: 150018147144 ns, Reaching safepoint: 143750 ns, At safepoint: 16950 ns, Total: 160700 ns
[2021-08-20T18:05:03.607+0000][1][safepoint   ] Safepoint "Cleanup", Time since last: 30003597666 ns, Reaching safepoint: 169231 ns, At safepoint: 18091 ns, Total: 187322 ns
[2021-08-20T18:08:07.628+0000][1][safepoint   ] Safepoint "Cleanup", Time since last: 184021290334 ns, Reaching safepoint: 141956 ns, At safepoint: 9476 ns, Total: 151432 ns
[2021-08-20T18:08:33.632+0000][1][safepoint   ] Safepoint "Cleanup", Time since last: 26003030133 ns, Reaching safepoint: 169911 ns, At safepoint: 23590 ns, Total: 193501 ns
[2021-08-20T18:08:35.632+0000][1][safepoint   ] Safepoint "Cleanup", Time since last: 2000372198 ns, Reaching safepoint: 80263 ns, At safepoint: 9757 ns, Total: 90020 ns
[2021-08-20T18:14:57.672+0000][1][safepoint   ] Safepoint "Cleanup", Time since last: 382040118189 ns, Reaching safepoint: 101851 ns, At safepoint: 6162 ns, Total: 108013 ns
[2021-08-20T18:15:02.673+0000][1][safepoint   ] Safepoint "Cleanup", Time since last: 5000668879 ns, Reaching safepoint: 114092 ns, At safepoint: 9735 ns, Total: 123827 ns
[2021-08-20T18:20:02.706+0000][1][safepoint   ] Safepoint "Cleanup", Time since last: 300032473913 ns, Reaching safepoint: 124332 ns, At safepoint: 8100 ns, Total: 132432 ns
[2021-08-20T18:22:33.723+0000][1][safepoint   ] Safepoint "Cleanup", Time since last: 151017522643 ns, Reaching safepoint: 142169 ns, At safepoint: 8104 ns, Total: 150273 ns
[2021-08-20T18:23:33.730+0000][1][safepoint   ] Safepoint "Cleanup", Time since last: 60006776165 ns, Reaching safepoint: 151871 ns, At safepoint: 14197 ns, Total: 166068 ns
[2021-08-20T18:24:51.739+0000][1][safepoint   ] Safepoint "Cleanup", Time since last: 78008705196 ns, Reaching safepoint: 150156 ns, At safepoint: 10143 ns, Total: 160299 ns
[2021-08-20T18:25:02.740+0000][1][safepoint   ] Safepoint "Cleanup", Time since last: 11001068145 ns, Reaching safepoint: 69972 ns, At safepoint: 9887 ns, Total: 79859 ns
[2021-08-20T18:25:33.744+0000][1][safepoint   ] Safepoint "Cleanup", Time since last: 31003285861 ns, Reaching safepoint: 149268 ns, At safepoint: 11762 ns, Total: 161030 ns
[2021-08-20T18:26:03.748+0000][1][safepoint   ] Safepoint "Cleanup", Time since last: 30003663053 ns, Reaching safepoint: 129426 ns, At safepoint: 17996 ns, Total: 147422 ns
[2021-08-20T18:26:32.751+0000][1][safepoint   ] Safepoint "Cleanup", Time since last: 29003611697 ns, Reaching safepoint: 134149 ns, At safepoint: 14413 ns, Total: 148562 ns
[2021-08-20T18:30:02.776+0000][1][safepoint   ] Safepoint "Cleanup", Time since last: 210024046565 ns, Reaching safepoint: 135826 ns, At safepoint: 7650 ns, Total: 143476 ns
[2021-08-20T18:34:32.806+0000][1][safepoint   ] Safepoint "Cleanup", Time since last: 270030332881 ns, Reaching safepoint: 155863 ns, At safepoint: 16562 ns, Total: 172425 ns
[2021-08-20T18:36:32.818+0000][1][safepoint   ] Safepoint "Cleanup", Time since last: 120011964905 ns, Reaching safepoint: 122087 ns, At safepoint: 16604 ns, Total: 138691 ns
[2021-08-20T18:37:02.822+0000][1][safepoint   ] Safepoint "Cleanup", Time since last: 30003613706 ns, Reaching safepoint: 105024 ns, At safepoint: 15345 ns, Total: 120369 ns
[2021-08-20T18:42:02.852+0000][1][safepoint   ] Safepoint "Cleanup", Time since last: 300030043547 ns, Reaching safepoint: 83370 ns, At safepoint: 10587 ns, Total: 93957 ns
[2021-08-20T18:45:02.866+0000][1][safepoint   ] Safepoint "Cleanup", Time since last: 180014159846 ns, Reaching safepoint: 104662 ns, At safepoint: 11646 ns, Total: 116308 ns
[2021-08-20T18:47:26.880+0000][1][safepoint   ] Safepoint "Cleanup", Time since last: 144013468003 ns, Reaching safepoint: 53773 ns, At safepoint: 3551 ns, Total: 57324 ns
[2021-08-20T18:47:51.882+0000][1][safepoint   ] Safepoint "Cleanup", Time since last: 25002317889 ns, Reaching safepoint: 116931 ns, At safepoint: 9296 ns, Total: 126227 ns
[2021-08-20T18:52:02.910+0000][1][safepoint   ] Safepoint "Cleanup", Time since last: 251027806261 ns, Reaching safepoint: 148852 ns, At safepoint: 8223 ns, Total: 157075 ns
[2021-08-20T18:54:46.928+0000][1][safepoint   ] Safepoint "Cleanup", Time since last: 164017970068 ns, Reaching safepoint: 117451 ns, At safepoint: 8740 ns, Total: 126191 ns
[2021-08-20T18:57:26.946+0000][1][safepoint   ] Safepoint "Cleanup", Time since last: 160018010709 ns, Reaching safepoint: 124498 ns, At safepoint: 16800 ns, Total: 141298 ns
[2021-08-20T18:58:32.955+0000][1][safepoint   ] Safepoint "Cleanup", Time since last: 66008183374 ns, Reaching safepoint: 115441 ns, At safepoint: 9709 ns, Total: 125150 ns
[2021-08-20T19:01:32.975+0000][1][safepoint   ] Safepoint "Cleanup", Time since last: 180020042111 ns, Reaching safepoint: 140789 ns, At safepoint: 8960 ns, Total: 149749 ns
[2021-08-20T19:06:03.004+0000][1][safepoint   ] Safepoint "Cleanup", Time since last: 270028844508 ns, Reaching safepoint: 114230 ns, At safepoint: 8841 ns, Total: 123071 ns
[2021-08-20T19:10:03.032+0000][1][safepoint   ] Safepoint "Cleanup", Time since last: 240027727833 ns, Reaching safepoint: 146099 ns, At safepoint: 16286 ns, Total: 162385 ns
[2021-08-20T19:12:03.047+0000][1][safepoint   ] Safepoint "Cleanup", Time since last: 120014450662 ns, Reaching safepoint: 444081 ns, At safepoint: 17157 ns, Total: 461238 ns
[2021-08-20T19:28:33.168+0000][1][safepoint   ] Safepoint "Cleanup", Time since last: 990120610030 ns, Reaching safepoint: 143277 ns, At safepoint: 16735 ns, Total: 160012 ns
[2021-08-20T19:36:33.227+0000][1][safepoint   ] Safepoint "Cleanup", Time since last: 480059432056 ns, Reaching safepoint: 157446 ns, At safepoint: 11243 ns, Total: 168689 ns
[2021-08-20T19:37:03.231+0000][1][safepoint   ] Safepoint "Cleanup", Time since last: 30003891487 ns, Reaching safepoint: 168498 ns, At safepoint: 39548 ns, Total: 208046 ns
[2021-08-20T19:45:03.290+0000][1][safepoint   ] Safepoint "Cleanup", Time since last: 480058542183 ns, Reaching safepoint: 139913 ns, At safepoint: 10016 ns, Total: 149929 ns
[2021-08-20T20:00:03.400+0000][1][safepoint   ] Safepoint "Cleanup", Time since last: 900109462271 ns, Reaching safepoint: 150579 ns, At safepoint: 11133 ns, Total: 161712 ns
[2021-08-20T20:05:33.440+0000][1][safepoint   ] Safepoint "Cleanup", Time since last: 330040220243 ns, Reaching safepoint: 151992 ns, At safepoint: 18892 ns, Total: 170884 ns
[2021-08-20T20:10:03.472+0000][1][safepoint   ] Safepoint "Cleanup", Time since last: 270032187363 ns, Reaching safepoint: 122941 ns, At safepoint: 8848 ns, Total: 131789 ns
[2021-08-20T20:10:33.476+0000][1][safepoint   ] Safepoint "Cleanup", Time since last: 30003550104 ns, Reaching safepoint: 99293 ns, At safepoint: 9430 ns, Total: 108723 ns
[2021-08-20T20:12:33.490+0000][1][safepoint   ] Safepoint "Cleanup", Time since last: 120014443426 ns, Reaching safepoint: 103569 ns, At safepoint: 8288 ns, Total: 111857 ns
[2021-08-20T20:13:03.494+0000][1][safepoint   ] Safepoint "Cleanup", Time since last: 30003798947 ns, Reaching safepoint: 114662 ns, At safepoint: 15145 ns, Total: 129807 ns
[2021-08-20T20:14:03.502+0000][1][safepoint   ] Safepoint "Cleanup", Time since last: 60007231888 ns, Reaching safepoint: 105544 ns, At safepoint: 16534 ns, Total: 122078 ns
[2021-08-20T20:16:33.520+0000][1][safepoint   ] Safepoint "Cleanup", Time since last: 150017867780 ns, Reaching safepoint: 122366 ns, At safepoint: 15850 ns, Total: 138216 ns
[2021-08-20T20:23:33.571+0000][1][safepoint   ] Safepoint "Cleanup", Time since last: 420050579412 ns, Reaching safepoint: 150203 ns, At safepoint: 17224 ns, Total: 167427 ns
[2021-08-20T20:44:42.719+0000][1][safepoint   ] Safepoint "Cleanup", Time since last: 1269148795581 ns, Reaching safepoint: 183867 ns, At safepoint: 11681 ns, Total: 195548 ns
[2021-08-20T21:03:33.846+0000][1][safepoint   ] Safepoint "Cleanup", Time since last: 1131126095872 ns, Reaching safepoint: 172004 ns, At safepoint: 17413 ns, Total: 189417 ns
[2021-08-20T21:10:02.890+0000][1][safepoint   ] Safepoint "Cleanup", Time since last: 389044438011 ns, Reaching safepoint: 150708 ns, At safepoint: 19270 ns, Total: 169978 ns
[2021-08-20T21:14:33.923+0000][1][safepoint   ] Safepoint "Cleanup", Time since last: 271032568229 ns, Reaching safepoint: 143984 ns, At safepoint: 19486 ns, Total: 163470 ns
[2021-08-20T21:15:02.927+0000][1][safepoint   ] Safepoint "Cleanup", Time since last: 29003701138 ns, Reaching safepoint: 143075 ns, At safepoint: 21386 ns, Total: 164461 ns
[2021-08-20T21:15:57.934+0000][1][safepoint   ] Safepoint "Cleanup", Time since last: 55007098190 ns, Reaching safepoint: 142831 ns, At safepoint: 9970 ns, Total: 152801 ns
[2021-08-20T21:16:33.939+0000][1][safepoint   ] Safepoint "Cleanup", Time since last: 36004361778 ns, Reaching safepoint: 109176 ns, At safepoint: 8532 ns, Total: 117708 ns
[2021-08-20T21:17:03.942+0000][1][safepoint   ] Safepoint "Cleanup", Time since last: 30003480857 ns, Reaching safepoint: 110796 ns, At safepoint: 16586 ns, Total: 127382 ns
[2021-08-20T21:17:55.133+0000][1][gc,heap,exit] Heap
[2021-08-20T21:17:55.133+0000][1][gc,heap,exit]  garbage-first heap   total 2097152K, used 402363K [0x0000000080000000, 0x0000000100000000)
[2021-08-20T21:17:55.133+0000][1][gc,heap,exit]   region size 1024K, 383 young (392192K), 16 survivors (16384K)
[2021-08-20T21:17:55.133+0000][1][gc,heap,exit]  Metaspace       used 70302K, committed 70912K, reserved 1114112K
[2021-08-20T21:17:55.133+0000][1][gc,heap,exit]   class space    used 9429K, committed 9728K, reserved 1048576K
