[2021-09-07T17:36:13.252+0000][1][gc] Using G1
[2021-09-07T17:36:13.262+0000][1][gc,init] Version: 16.0.1+9 (release)
[2021-09-07T17:36:13.262+0000][1][gc,init] CPUs: 12 total, 12 available
[2021-09-07T17:36:13.262+0000][1][gc,init] Memory: 15867M
[2021-09-07T17:36:13.262+0000][1][gc,init] Large Page Support: Disabled
[2021-09-07T17:36:13.262+0000][1][gc,init] NUMA Support: Disabled
[2021-09-07T17:36:13.262+0000][1][gc,init] Compressed Oops: Enabled (32-bit)
[2021-09-07T17:36:13.262+0000][1][gc,init] Heap Region Size: 1M
[2021-09-07T17:36:13.262+0000][1][gc,init] Heap Min Capacity: 2G
[2021-09-07T17:36:13.262+0000][1][gc,init] Heap Initial Capacity: 2G
[2021-09-07T17:36:13.262+0000][1][gc,init] Heap Max Capacity: 2G
[2021-09-07T17:36:13.262+0000][1][gc,init] Pre-touch: Disabled
[2021-09-07T17:36:13.262+0000][1][gc,init] Parallel Workers: 10
[2021-09-07T17:36:13.262+0000][1][gc,init] Concurrent Workers: 3
[2021-09-07T17:36:13.262+0000][1][gc,init] Concurrent Refinement Workers: 10
[2021-09-07T17:36:13.262+0000][1][gc,init] Periodic GC: Disabled
[2021-09-07T17:36:13.263+0000][1][gc,metaspace] CDS archive(s) mapped at: [0x0000000800000000-0x0000000800bea000-0x0000000800bea000), size 12492800, SharedBaseAddress: 0x0000000800000000, ArchiveRelocationMode: 0.
[2021-09-07T17:36:13.263+0000][1][gc,metaspace] Compressed class space mapped at: 0x0000000800c00000-0x0000000840c00000, reserved size: 1073741824
[2021-09-07T17:36:13.263+0000][1][gc,metaspace] Narrow klass base: 0x0000000800000000, Narrow klass shift: 3, Narrow klass range: 0x100000000
[2021-09-07T17:36:14.021+0000][1][safepoint   ] Safepoint "ICBufferFull", Time since last: 680529016 ns, Reaching safepoint: 78609 ns, At safepoint: 1849 ns, Total: 80458 ns
[2021-09-07T17:36:14.717+0000][1][safepoint   ] Safepoint "ICBufferFull", Time since last: 696370942 ns, Reaching safepoint: 89500 ns, At safepoint: 3803 ns, Total: 93303 ns
[2021-09-07T17:36:14.725+0000][1][gc,start    ] GC(0) Pause Young (Normal) (G1 Evacuation Pause)
[2021-09-07T17:36:14.726+0000][1][gc,task     ] GC(0) Using 10 workers of 10 for evacuation
[2021-09-07T17:36:14.726+0000][1][gc,age      ] GC(0) Desired survivor size 6815744 bytes, new threshold 15 (max threshold 15)
[2021-09-07T17:36:14.731+0000][1][gc,age      ] GC(0) Age table with threshold 15 (max threshold 15)
[2021-09-07T17:36:14.731+0000][1][gc,age      ] GC(0) - age   1:    9803320 bytes,    9803320 total
[2021-09-07T17:36:14.731+0000][1][gc,phases   ] GC(0)   Pre Evacuate Collection Set: 0.1ms
[2021-09-07T17:36:14.731+0000][1][gc,phases   ] GC(0)   Merge Heap Roots: 0.0ms
[2021-09-07T17:36:14.731+0000][1][gc,phases   ] GC(0)   Evacuate Collection Set: 3.0ms
[2021-09-07T17:36:14.731+0000][1][gc,phases   ] GC(0)   Post Evacuate Collection Set: 1.6ms
[2021-09-07T17:36:14.731+0000][1][gc,phases   ] GC(0)   Other: 0.5ms
[2021-09-07T17:36:14.731+0000][1][gc,heap     ] GC(0) Eden regions: 102->0(99)
[2021-09-07T17:36:14.731+0000][1][gc,heap     ] GC(0) Survivor regions: 0->10(13)
[2021-09-07T17:36:14.731+0000][1][gc,heap     ] GC(0) Old regions: 0->0
[2021-09-07T17:36:14.731+0000][1][gc,heap     ] GC(0) Archive regions: 2->2
[2021-09-07T17:36:14.731+0000][1][gc,heap     ] GC(0) Humongous regions: 1->1
[2021-09-07T17:36:14.731+0000][1][gc,metaspace] GC(0) Metaspace: 14368K(14656K)->14368K(14656K) NonClass: 12731K(12864K)->12731K(12864K) Class: 1636K(1792K)->1636K(1792K)
[2021-09-07T17:36:14.731+0000][1][gc          ] GC(0) Pause Young (Normal) (G1 Evacuation Pause) 103M->11M(2048M) 5.377ms
[2021-09-07T17:36:14.731+0000][1][gc,cpu      ] GC(0) User=0.03s Sys=0.01s Real=0.00s
[2021-09-07T17:36:14.731+0000][1][safepoint   ] Safepoint "G1CollectForAllocation", Time since last: 8000726 ns, Reaching safepoint: 24821 ns, At safepoint: 5447016 ns, Total: 5471837 ns
[2021-09-07T17:36:14.832+0000][1][gc,start    ] GC(1) Pause Young (Normal) (G1 Evacuation Pause)
[2021-09-07T17:36:14.832+0000][1][gc,task     ] GC(1) Using 10 workers of 10 for evacuation
[2021-09-07T17:36:14.832+0000][1][gc,age      ] GC(1) Desired survivor size 7340032 bytes, new threshold 1 (max threshold 15)
[2021-09-07T17:36:14.836+0000][1][gc,age      ] GC(1) Age table with threshold 1 (max threshold 15)
[2021-09-07T17:36:14.836+0000][1][gc,age      ] GC(1) - age   1:    2323752 bytes,    2323752 total
[2021-09-07T17:36:14.836+0000][1][gc,phases   ] GC(1)   Pre Evacuate Collection Set: 0.1ms
[2021-09-07T17:36:14.836+0000][1][gc,phases   ] GC(1)   Merge Heap Roots: 0.0ms
[2021-09-07T17:36:14.836+0000][1][gc,phases   ] GC(1)   Evacuate Collection Set: 2.7ms
[2021-09-07T17:36:14.836+0000][1][gc,phases   ] GC(1)   Post Evacuate Collection Set: 0.3ms
[2021-09-07T17:36:14.836+0000][1][gc,phases   ] GC(1)   Other: 0.1ms
[2021-09-07T17:36:14.836+0000][1][gc,heap     ] GC(1) Eden regions: 99->0(124)
[2021-09-07T17:36:14.836+0000][1][gc,heap     ] GC(1) Survivor regions: 10->3(14)
[2021-09-07T17:36:14.836+0000][1][gc,heap     ] GC(1) Old regions: 0->8
[2021-09-07T17:36:14.836+0000][1][gc,heap     ] GC(1) Archive regions: 2->2
[2021-09-07T17:36:14.836+0000][1][gc,heap     ] GC(1) Humongous regions: 1->1
[2021-09-07T17:36:14.836+0000][1][gc,metaspace] GC(1) Metaspace: 14534K(14848K)->14534K(14848K) NonClass: 12890K(13056K)->12890K(13056K) Class: 1643K(1792K)->1643K(1792K)
[2021-09-07T17:36:14.836+0000][1][gc          ] GC(1) Pause Young (Normal) (G1 Evacuation Pause) 110M->12M(2048M) 3.293ms
[2021-09-07T17:36:14.836+0000][1][gc,cpu      ] GC(1) User=0.03s Sys=0.00s Real=0.01s
[2021-09-07T17:36:14.836+0000][1][safepoint   ] Safepoint "G1CollectForAllocation", Time since last: 101447564 ns, Reaching safepoint: 41456 ns, At safepoint: 3331500 ns, Total: 3372956 ns
[2021-09-07T17:36:15.077+0000][1][gc,start    ] GC(2) Pause Young (Concurrent Start) (Metadata GC Threshold)
[2021-09-07T17:36:15.077+0000][1][gc,task     ] GC(2) Using 10 workers of 10 for evacuation
[2021-09-07T17:36:15.077+0000][1][gc,age      ] GC(2) Desired survivor size 8388608 bytes, new threshold 15 (max threshold 15)
[2021-09-07T17:36:15.078+0000][1][gc,age      ] GC(2) Age table with threshold 15 (max threshold 15)
[2021-09-07T17:36:15.078+0000][1][gc,age      ] GC(2) - age   1:    1694208 bytes,    1694208 total
[2021-09-07T17:36:15.078+0000][1][gc,age      ] GC(2) - age   2:      27240 bytes,    1721448 total
[2021-09-07T17:36:15.078+0000][1][gc,phases   ] GC(2)   Pre Evacuate Collection Set: 0.1ms
[2021-09-07T17:36:15.078+0000][1][gc,phases   ] GC(2)   Merge Heap Roots: 0.0ms
[2021-09-07T17:36:15.078+0000][1][gc,phases   ] GC(2)   Evacuate Collection Set: 0.9ms
[2021-09-07T17:36:15.078+0000][1][gc,phases   ] GC(2)   Post Evacuate Collection Set: 0.2ms
[2021-09-07T17:36:15.078+0000][1][gc,phases   ] GC(2)   Other: 0.2ms
[2021-09-07T17:36:15.078+0000][1][gc,heap     ] GC(2) Eden regions: 36->0(169)
[2021-09-07T17:36:15.078+0000][1][gc,heap     ] GC(2) Survivor regions: 3->2(16)
[2021-09-07T17:36:15.078+0000][1][gc,heap     ] GC(2) Old regions: 8->8
[2021-09-07T17:36:15.078+0000][1][gc,heap     ] GC(2) Archive regions: 2->2
[2021-09-07T17:36:15.078+0000][1][gc,heap     ] GC(2) Humongous regions: 1->1
[2021-09-07T17:36:15.078+0000][1][gc,metaspace] GC(2) Metaspace: 21034K(21248K)->21034K(21248K) NonClass: 18466K(18560K)->18466K(18560K) Class: 2568K(2688K)->2568K(2688K)
[2021-09-07T17:36:15.078+0000][1][gc          ] GC(2) Pause Young (Concurrent Start) (Metadata GC Threshold) 48M->11M(2048M) 1.500ms
[2021-09-07T17:36:15.078+0000][1][gc,cpu      ] GC(2) User=0.01s Sys=0.00s Real=0.00s
[2021-09-07T17:36:15.078+0000][1][safepoint   ] Safepoint "CollectForMetadataAllocation", Time since last: 240915018 ns, Reaching safepoint: 117429 ns, At safepoint: 1549554 ns, Total: 1666983 ns
[2021-09-07T17:36:15.078+0000][1][gc          ] GC(3) Concurrent Mark Cycle
[2021-09-07T17:36:15.078+0000][1][gc,marking  ] GC(3) Concurrent Clear Claimed Marks
[2021-09-07T17:36:15.078+0000][1][gc,marking  ] GC(3) Concurrent Clear Claimed Marks 0.012ms
[2021-09-07T17:36:15.078+0000][1][gc,marking  ] GC(3) Concurrent Scan Root Regions
[2021-09-07T17:36:15.079+0000][1][gc,marking  ] GC(3) Concurrent Scan Root Regions 0.666ms
[2021-09-07T17:36:15.079+0000][1][gc,marking  ] GC(3) Concurrent Mark
[2021-09-07T17:36:15.079+0000][1][gc,marking  ] GC(3) Concurrent Mark From Roots
[2021-09-07T17:36:15.079+0000][1][gc,task     ] GC(3) Using 3 workers of 3 for marking
[2021-09-07T17:36:15.082+0000][1][gc,marking  ] GC(3) Concurrent Mark From Roots 3.218ms
[2021-09-07T17:36:15.082+0000][1][gc,marking  ] GC(3) Concurrent Preclean
[2021-09-07T17:36:15.082+0000][1][gc,marking  ] GC(3) Concurrent Preclean 0.048ms
[2021-09-07T17:36:15.082+0000][1][gc,start    ] GC(3) Pause Remark
[2021-09-07T17:36:15.083+0000][1][gc          ] GC(3) Pause Remark 12M->12M(2048M) 0.789ms
[2021-09-07T17:36:15.083+0000][1][gc,cpu      ] GC(3) User=0.01s Sys=0.00s Real=0.01s
[2021-09-07T17:36:15.083+0000][1][safepoint   ] Safepoint "G1Concurrent", Time since last: 4017630 ns, Reaching safepoint: 216686 ns, At safepoint: 824165 ns, Total: 1040851 ns
[2021-09-07T17:36:15.083+0000][1][gc,marking  ] GC(3) Concurrent Mark 4.360ms
[2021-09-07T17:36:15.083+0000][1][gc,marking  ] GC(3) Concurrent Rebuild Remembered Sets
[2021-09-07T17:36:15.085+0000][1][gc,marking  ] GC(3) Concurrent Rebuild Remembered Sets 1.532ms
[2021-09-07T17:36:15.085+0000][1][gc,start    ] GC(3) Pause Cleanup
[2021-09-07T17:36:15.085+0000][1][gc          ] GC(3) Pause Cleanup 12M->12M(2048M) 0.128ms
[2021-09-07T17:36:15.085+0000][1][gc,cpu      ] GC(3) User=0.01s Sys=0.00s Real=0.00s
[2021-09-07T17:36:15.085+0000][1][safepoint   ] Safepoint "G1Concurrent", Time since last: 1578449 ns, Reaching safepoint: 88145 ns, At safepoint: 147064 ns, Total: 235209 ns
[2021-09-07T17:36:15.085+0000][1][gc,marking  ] GC(3) Concurrent Cleanup for Next Mark
[2021-09-07T17:36:15.088+0000][1][gc,marking  ] GC(3) Concurrent Cleanup for Next Mark 2.843ms
[2021-09-07T17:36:15.088+0000][1][gc          ] GC(3) Concurrent Mark Cycle 9.756ms
[2021-09-07T17:36:15.282+0000][1][safepoint   ] Safepoint "ICBufferFull", Time since last: 196735419 ns, Reaching safepoint: 82713 ns, At safepoint: 2832 ns, Total: 85545 ns
[2021-09-07T17:36:15.284+0000][1][safepoint   ] Safepoint "ICBufferFull", Time since last: 2152703 ns, Reaching safepoint: 38656 ns, At safepoint: 1865 ns, Total: 40521 ns
[2021-09-07T17:36:15.287+0000][1][safepoint   ] Safepoint "ICBufferFull", Time since last: 2479747 ns, Reaching safepoint: 36189 ns, At safepoint: 2300 ns, Total: 38489 ns
[2021-09-07T17:36:15.289+0000][1][safepoint   ] Safepoint "ICBufferFull", Time since last: 2290852 ns, Reaching safepoint: 27759 ns, At safepoint: 2187 ns, Total: 29946 ns
[2021-09-07T17:36:15.292+0000][1][safepoint   ] Safepoint "ICBufferFull", Time since last: 2859583 ns, Reaching safepoint: 29711 ns, At safepoint: 2087 ns, Total: 31798 ns
[2021-09-07T17:36:15.294+0000][1][safepoint   ] Safepoint "ICBufferFull", Time since last: 2082799 ns, Reaching safepoint: 26358 ns, At safepoint: 2199 ns, Total: 28557 ns
[2021-09-07T17:36:15.297+0000][1][safepoint   ] Safepoint "ICBufferFull", Time since last: 2893543 ns, Reaching safepoint: 26331 ns, At safepoint: 1470 ns, Total: 27801 ns
[2021-09-07T17:36:15.299+0000][1][safepoint   ] Safepoint "ICBufferFull", Time since last: 2225576 ns, Reaching safepoint: 36460 ns, At safepoint: 2355 ns, Total: 38815 ns
[2021-09-07T17:36:15.301+0000][1][safepoint   ] Safepoint "ICBufferFull", Time since last: 2350379 ns, Reaching safepoint: 23129 ns, At safepoint: 1391 ns, Total: 24520 ns
[2021-09-07T17:36:15.305+0000][1][safepoint   ] Safepoint "ICBufferFull", Time since last: 3530333 ns, Reaching safepoint: 25362 ns, At safepoint: 1982 ns, Total: 27344 ns
[2021-09-07T17:36:15.307+0000][1][safepoint   ] Safepoint "ICBufferFull", Time since last: 2218593 ns, Reaching safepoint: 22567 ns, At safepoint: 1672 ns, Total: 24239 ns
[2021-09-07T17:36:15.310+0000][1][safepoint   ] Safepoint "ICBufferFull", Time since last: 2336317 ns, Reaching safepoint: 23008 ns, At safepoint: 1547 ns, Total: 24555 ns
[2021-09-07T17:36:15.312+0000][1][safepoint   ] Safepoint "ICBufferFull", Time since last: 2504584 ns, Reaching safepoint: 21645 ns, At safepoint: 1468 ns, Total: 23113 ns
[2021-09-07T17:36:15.314+0000][1][safepoint   ] Safepoint "ICBufferFull", Time since last: 2291027 ns, Reaching safepoint: 20129 ns, At safepoint: 1429 ns, Total: 21558 ns
[2021-09-07T17:36:15.316+0000][1][safepoint   ] Safepoint "ICBufferFull", Time since last: 1815106 ns, Reaching safepoint: 21072 ns, At safepoint: 1375 ns, Total: 22447 ns
[2021-09-07T17:36:15.318+0000][1][safepoint   ] Safepoint "ICBufferFull", Time since last: 2043033 ns, Reaching safepoint: 22083 ns, At safepoint: 1208 ns, Total: 23291 ns
[2021-09-07T17:36:15.320+0000][1][safepoint   ] Safepoint "ICBufferFull", Time since last: 1411469 ns, Reaching safepoint: 21370 ns, At safepoint: 1390 ns, Total: 22760 ns
[2021-09-07T17:36:15.321+0000][1][safepoint   ] Safepoint "ICBufferFull", Time since last: 1614025 ns, Reaching safepoint: 20313 ns, At safepoint: 1163 ns, Total: 21476 ns
[2021-09-07T17:36:15.635+0000][1][safepoint   ] Safepoint "ICBufferFull", Time since last: 312993836 ns, Reaching safepoint: 83176 ns, At safepoint: 2428 ns, Total: 85604 ns
[2021-09-07T17:36:15.842+0000][1][gc,start    ] GC(4) Pause Young (Concurrent Start) (Metadata GC Threshold)
[2021-09-07T17:36:15.842+0000][1][gc,task     ] GC(4) Using 10 workers of 10 for evacuation
[2021-09-07T17:36:15.842+0000][1][gc,age      ] GC(4) Desired survivor size 12058624 bytes, new threshold 15 (max threshold 15)
[2021-09-07T17:36:15.845+0000][1][gc,age      ] GC(4) Age table with threshold 15 (max threshold 15)
[2021-09-07T17:36:15.845+0000][1][gc,age      ] GC(4) - age   1:    5564792 bytes,    5564792 total
[2021-09-07T17:36:15.845+0000][1][gc,age      ] GC(4) - age   2:    1635720 bytes,    7200512 total
[2021-09-07T17:36:15.845+0000][1][gc,age      ] GC(4) - age   3:      26920 bytes,    7227432 total
[2021-09-07T17:36:15.845+0000][1][gc,phases   ] GC(4)   Pre Evacuate Collection Set: 0.1ms
[2021-09-07T17:36:15.845+0000][1][gc,phases   ] GC(4)   Merge Heap Roots: 0.1ms
[2021-09-07T17:36:15.845+0000][1][gc,phases   ] GC(4)   Evacuate Collection Set: 2.7ms
[2021-09-07T17:36:15.845+0000][1][gc,phases   ] GC(4)   Post Evacuate Collection Set: 0.4ms
[2021-09-07T17:36:15.845+0000][1][gc,phases   ] GC(4)   Other: 0.2ms
[2021-09-07T17:36:15.845+0000][1][gc,heap     ] GC(4) Eden regions: 120->0(670)
[2021-09-07T17:36:15.845+0000][1][gc,heap     ] GC(4) Survivor regions: 2->8(23)
[2021-09-07T17:36:15.845+0000][1][gc,heap     ] GC(4) Old regions: 8->8
[2021-09-07T17:36:15.845+0000][1][gc,heap     ] GC(4) Archive regions: 2->2
[2021-09-07T17:36:15.845+0000][1][gc,heap     ] GC(4) Humongous regions: 2->1
[2021-09-07T17:36:15.845+0000][1][gc,metaspace] GC(4) Metaspace: 35472K(35776K)->35472K(35776K) NonClass: 30860K(31040K)->30860K(31040K) Class: 4612K(4736K)->4612K(4736K)
[2021-09-07T17:36:15.845+0000][1][gc          ] GC(4) Pause Young (Concurrent Start) (Metadata GC Threshold) 132M->17M(2048M) 3.495ms
[2021-09-07T17:36:15.845+0000][1][gc,cpu      ] GC(4) User=0.02s Sys=0.00s Real=0.01s
[2021-09-07T17:36:15.845+0000][1][gc          ] GC(5) Concurrent Mark Cycle
[2021-09-07T17:36:15.845+0000][1][gc,marking  ] GC(5) Concurrent Clear Claimed Marks
[2021-09-07T17:36:15.845+0000][1][safepoint   ] Safepoint "CollectForMetadataAllocation", Time since last: 207055503 ns, Reaching safepoint: 96078 ns, At safepoint: 3548623 ns, Total: 3644701 ns
[2021-09-07T17:36:15.845+0000][1][gc,marking  ] GC(5) Concurrent Clear Claimed Marks 0.027ms
[2021-09-07T17:36:15.845+0000][1][gc,marking  ] GC(5) Concurrent Scan Root Regions
[2021-09-07T17:36:15.847+0000][1][gc,marking  ] GC(5) Concurrent Scan Root Regions 1.298ms
[2021-09-07T17:36:15.847+0000][1][gc,marking  ] GC(5) Concurrent Mark
[2021-09-07T17:36:15.847+0000][1][gc,marking  ] GC(5) Concurrent Mark From Roots
[2021-09-07T17:36:15.847+0000][1][gc,task     ] GC(5) Using 3 workers of 3 for marking
[2021-09-07T17:36:15.850+0000][1][gc,marking  ] GC(5) Concurrent Mark From Roots 3.022ms
[2021-09-07T17:36:15.850+0000][1][gc,marking  ] GC(5) Concurrent Preclean
[2021-09-07T17:36:15.850+0000][1][gc,marking  ] GC(5) Concurrent Preclean 0.064ms
[2021-09-07T17:36:15.850+0000][1][gc,start    ] GC(5) Pause Remark
[2021-09-07T17:36:15.851+0000][1][gc          ] GC(5) Pause Remark 18M->18M(2048M) 0.778ms
[2021-09-07T17:36:15.851+0000][1][gc,cpu      ] GC(5) User=0.00s Sys=0.00s Real=0.00s
[2021-09-07T17:36:15.851+0000][1][safepoint   ] Safepoint "G1Concurrent", Time since last: 4495217 ns, Reaching safepoint: 29963 ns, At safepoint: 816131 ns, Total: 846094 ns
[2021-09-07T17:36:15.851+0000][1][gc,marking  ] GC(5) Concurrent Mark 4.005ms
[2021-09-07T17:36:15.851+0000][1][gc,marking  ] GC(5) Concurrent Rebuild Remembered Sets
[2021-09-07T17:36:15.852+0000][1][gc,marking  ] GC(5) Concurrent Rebuild Remembered Sets 1.538ms
[2021-09-07T17:36:15.852+0000][1][gc,start    ] GC(5) Pause Cleanup
[2021-09-07T17:36:15.852+0000][1][gc          ] GC(5) Pause Cleanup 18M->18M(2048M) 0.096ms
[2021-09-07T17:36:15.852+0000][1][gc,cpu      ] GC(5) User=0.00s Sys=0.00s Real=0.00s
[2021-09-07T17:36:15.852+0000][1][safepoint   ] Safepoint "G1Concurrent", Time since last: 1579735 ns, Reaching safepoint: 79701 ns, At safepoint: 113602 ns, Total: 193303 ns
[2021-09-07T17:36:15.852+0000][1][gc,marking  ] GC(5) Concurrent Cleanup for Next Mark
[2021-09-07T17:36:15.855+0000][1][gc,marking  ] GC(5) Concurrent Cleanup for Next Mark 2.908ms
[2021-09-07T17:36:15.855+0000][1][gc          ] GC(5) Concurrent Mark Cycle 10.066ms
[2021-09-07T17:36:16.045+0000][1][safepoint   ] Safepoint "ICBufferFull", Time since last: 192239584 ns, Reaching safepoint: 549692 ns, At safepoint: 2812 ns, Total: 552504 ns
[2021-09-07T17:36:16.376+0000][1][safepoint   ] Safepoint "ICBufferFull", Time since last: 330585686 ns, Reaching safepoint: 92373 ns, At safepoint: 2827 ns, Total: 95200 ns
[2021-09-07T17:36:16.734+0000][1][safepoint   ] Safepoint "ICBufferFull", Time since last: 358401751 ns, Reaching safepoint: 93162 ns, At safepoint: 2560 ns, Total: 95722 ns
[2021-09-07T17:36:17.097+0000][1][safepoint   ] Safepoint "ICBufferFull", Time since last: 362125897 ns, Reaching safepoint: 89984 ns, At safepoint: 5549 ns, Total: 95533 ns
[2021-09-07T17:36:17.261+0000][1][gc,start    ] GC(6) Pause Young (Concurrent Start) (Metadata GC Threshold)
[2021-09-07T17:36:17.261+0000][1][gc,task     ] GC(6) Using 10 workers of 10 for evacuation
[2021-09-07T17:36:17.261+0000][1][gc,age      ] GC(6) Desired survivor size 49283072 bytes, new threshold 15 (max threshold 15)
[2021-09-07T17:36:17.267+0000][1][gc,age      ] GC(6) Age table with threshold 15 (max threshold 15)
[2021-09-07T17:36:17.267+0000][1][gc,age      ] GC(6) - age   1:    8694616 bytes,    8694616 total
[2021-09-07T17:36:17.267+0000][1][gc,age      ] GC(6) - age   2:    5342104 bytes,   14036720 total
[2021-09-07T17:36:17.267+0000][1][gc,age      ] GC(6) - age   3:    1615488 bytes,   15652208 total
[2021-09-07T17:36:17.267+0000][1][gc,age      ] GC(6) - age   4:      26568 bytes,   15678776 total
[2021-09-07T17:36:17.268+0000][1][gc,phases   ] GC(6)   Pre Evacuate Collection Set: 0.1ms
[2021-09-07T17:36:17.268+0000][1][gc,phases   ] GC(6)   Merge Heap Roots: 0.0ms
[2021-09-07T17:36:17.268+0000][1][gc,phases   ] GC(6)   Evacuate Collection Set: 5.2ms
[2021-09-07T17:36:17.268+0000][1][gc,phases   ] GC(6)   Post Evacuate Collection Set: 0.6ms
[2021-09-07T17:36:17.268+0000][1][gc,phases   ] GC(6)   Other: 0.2ms
[2021-09-07T17:36:17.268+0000][1][gc,heap     ] GC(6) Eden regions: 112->0(922)
[2021-09-07T17:36:17.268+0000][1][gc,heap     ] GC(6) Survivor regions: 8->16(94)
[2021-09-07T17:36:17.268+0000][1][gc,heap     ] GC(6) Old regions: 8->8
[2021-09-07T17:36:17.268+0000][1][gc,heap     ] GC(6) Archive regions: 2->2
[2021-09-07T17:36:17.268+0000][1][gc,heap     ] GC(6) Humongous regions: 1->1
[2021-09-07T17:36:17.268+0000][1][gc,metaspace] GC(6) Metaspace: 59414K(59968K)->59414K(59968K) NonClass: 51358K(51648K)->51358K(51648K) Class: 8055K(8320K)->8055K(8320K)
[2021-09-07T17:36:17.268+0000][1][gc          ] GC(6) Pause Young (Concurrent Start) (Metadata GC Threshold) 128M->25M(2048M) 6.237ms
[2021-09-07T17:36:17.268+0000][1][gc,cpu      ] GC(6) User=0.06s Sys=0.00s Real=0.01s
[2021-09-07T17:36:17.268+0000][1][gc          ] GC(7) Concurrent Mark Cycle
[2021-09-07T17:36:17.268+0000][1][gc,marking  ] GC(7) Concurrent Clear Claimed Marks
[2021-09-07T17:36:17.268+0000][1][safepoint   ] Safepoint "CollectForMetadataAllocation", Time since last: 164708700 ns, Reaching safepoint: 42578 ns, At safepoint: 6316048 ns, Total: 6358626 ns
[2021-09-07T17:36:17.268+0000][1][gc,marking  ] GC(7) Concurrent Clear Claimed Marks 0.050ms
[2021-09-07T17:36:17.268+0000][1][gc,marking  ] GC(7) Concurrent Scan Root Regions
[2021-09-07T17:36:17.270+0000][1][gc,marking  ] GC(7) Concurrent Scan Root Regions 2.427ms
[2021-09-07T17:36:17.270+0000][1][gc,marking  ] GC(7) Concurrent Mark
[2021-09-07T17:36:17.270+0000][1][gc,marking  ] GC(7) Concurrent Mark From Roots
[2021-09-07T17:36:17.270+0000][1][gc,task     ] GC(7) Using 3 workers of 3 for marking
[2021-09-07T17:36:17.273+0000][1][gc,marking  ] GC(7) Concurrent Mark From Roots 3.045ms
[2021-09-07T17:36:17.273+0000][1][gc,marking  ] GC(7) Concurrent Preclean
[2021-09-07T17:36:17.273+0000][1][gc,marking  ] GC(7) Concurrent Preclean 0.058ms
[2021-09-07T17:36:17.273+0000][1][gc,start    ] GC(7) Pause Remark
[2021-09-07T17:36:17.274+0000][1][gc          ] GC(7) Pause Remark 27M->27M(2048M) 0.991ms
[2021-09-07T17:36:17.274+0000][1][gc,cpu      ] GC(7) User=0.01s Sys=0.00s Real=0.00s
[2021-09-07T17:36:17.274+0000][1][safepoint   ] Safepoint "G1Concurrent", Time since last: 5640773 ns, Reaching safepoint: 21740 ns, At safepoint: 1039078 ns, Total: 1060818 ns
[2021-09-07T17:36:17.274+0000][1][gc,marking  ] GC(7) Concurrent Mark 4.215ms
[2021-09-07T17:36:17.274+0000][1][gc,marking  ] GC(7) Concurrent Rebuild Remembered Sets
[2021-09-07T17:36:17.276+0000][1][gc,marking  ] GC(7) Concurrent Rebuild Remembered Sets 1.744ms
[2021-09-07T17:36:17.276+0000][1][gc,start    ] GC(7) Pause Cleanup
[2021-09-07T17:36:17.276+0000][1][gc          ] GC(7) Pause Cleanup 27M->27M(2048M) 0.103ms
[2021-09-07T17:36:17.276+0000][1][gc,cpu      ] GC(7) User=0.00s Sys=0.00s Real=0.00s
[2021-09-07T17:36:17.276+0000][1][safepoint   ] Safepoint "G1Concurrent", Time since last: 1802498 ns, Reaching safepoint: 147920 ns, At safepoint: 132601 ns, Total: 280521 ns
[2021-09-07T17:36:17.276+0000][1][gc,marking  ] GC(7) Concurrent Cleanup for Next Mark
[2021-09-07T17:36:17.279+0000][1][gc,marking  ] GC(7) Concurrent Cleanup for Next Mark 2.226ms
[2021-09-07T17:36:17.279+0000][1][gc          ] GC(7) Concurrent Mark Cycle 11.075ms
[2021-09-07T17:36:18.277+0000][1][safepoint   ] Safepoint "Cleanup", Time since last: 1000101033 ns, Reaching safepoint: 96924 ns, At safepoint: 4150 ns, Total: 101074 ns
[2021-09-07T17:36:20.277+0000][1][safepoint   ] Safepoint "Cleanup", Time since last: 2000179237 ns, Reaching safepoint: 38949 ns, At safepoint: 3640 ns, Total: 42589 ns
[2021-09-07T17:36:22.277+0000][1][safepoint   ] Safepoint "Cleanup", Time since last: 2000255022 ns, Reaching safepoint: 34216 ns, At safepoint: 2600 ns, Total: 36816 ns
[2021-09-07T17:36:25.278+0000][1][safepoint   ] Safepoint "Cleanup", Time since last: 3000436690 ns, Reaching safepoint: 70035 ns, At safepoint: 8438 ns, Total: 78473 ns
[2021-09-07T17:36:34.279+0000][1][safepoint   ] Safepoint "Cleanup", Time since last: 9001589522 ns, Reaching safepoint: 95405 ns, At safepoint: 9262 ns, Total: 104667 ns
[2021-09-07T17:36:41.282+0000][1][safepoint   ] Safepoint "Cleanup", Time since last: 7002258173 ns, Reaching safepoint: 181228 ns, At safepoint: 15865 ns, Total: 197093 ns
[2021-09-07T17:36:45.283+0000][1][safepoint   ] Safepoint "Cleanup", Time since last: 4001349624 ns, Reaching safepoint: 165278 ns, At safepoint: 13749 ns, Total: 179027 ns
[2021-09-07T17:36:47.285+0000][1][safepoint   ] Safepoint "Cleanup", Time since last: 2001760622 ns, Reaching safepoint: 33281 ns, At safepoint: 2595 ns, Total: 35876 ns
[2021-09-07T17:37:00.286+0000][1][safepoint   ] Safepoint "Cleanup", Time since last: 13001050776 ns, Reaching safepoint: 34656 ns, At safepoint: 14628 ns, Total: 49284 ns
[2021-09-07T17:37:01.286+0000][1][safepoint   ] Safepoint "Cleanup", Time since last: 1000093435 ns, Reaching safepoint: 71745 ns, At safepoint: 4848 ns, Total: 76593 ns
[2021-09-07T17:37:16.288+0000][1][safepoint   ] Safepoint "Cleanup", Time since last: 15001219089 ns, Reaching safepoint: 69654 ns, At safepoint: 3091 ns, Total: 72745 ns
[2021-09-07T17:37:17.288+0000][1][safepoint   ] Safepoint "Cleanup", Time since last: 1000108935 ns, Reaching safepoint: 37199 ns, At safepoint: 2270 ns, Total: 39469 ns
[2021-09-07T17:37:19.288+0000][1][safepoint   ] Safepoint "Cleanup", Time since last: 2000187529 ns, Reaching safepoint: 55539 ns, At safepoint: 4104 ns, Total: 59643 ns
[2021-09-07T17:37:29.289+0000][1][safepoint   ] Safepoint "Cleanup", Time since last: 10001033505 ns, Reaching safepoint: 145158 ns, At safepoint: 13848 ns, Total: 159006 ns
[2021-09-07T17:37:31.290+0000][1][safepoint   ] Safepoint "Cleanup", Time since last: 2000360455 ns, Reaching safepoint: 23700 ns, At safepoint: 2439 ns, Total: 26139 ns
[2021-09-07T17:37:42.291+0000][1][safepoint   ] Safepoint "Cleanup", Time since last: 11001585578 ns, Reaching safepoint: 103795 ns, At safepoint: 8403 ns, Total: 112198 ns
[2021-09-07T17:37:52.293+0000][1][safepoint   ] Safepoint "Cleanup", Time since last: 10001469417 ns, Reaching safepoint: 69304 ns, At safepoint: 7902 ns, Total: 77206 ns
[2021-09-07T17:37:54.293+0000][1][safepoint   ] Safepoint "Cleanup", Time since last: 2000361970 ns, Reaching safepoint: 69285 ns, At safepoint: 8475 ns, Total: 77760 ns
[2021-09-07T17:37:59.294+0000][1][safepoint   ] Safepoint "Cleanup", Time since last: 5000804853 ns, Reaching safepoint: 74476 ns, At safepoint: 8978 ns, Total: 83454 ns
[2021-09-07T17:38:02.295+0000][1][safepoint   ] Safepoint "Cleanup", Time since last: 3000532038 ns, Reaching safepoint: 73419 ns, At safepoint: 8613 ns, Total: 82032 ns
[2021-09-07T17:38:11.296+0000][1][safepoint   ] Safepoint "Cleanup", Time since last: 9001249776 ns, Reaching safepoint: 97600 ns, At safepoint: 14960 ns, Total: 112560 ns
[2021-09-07T17:38:17.297+0000][1][safepoint   ] Safepoint "Cleanup", Time since last: 6000879906 ns, Reaching safepoint: 69478 ns, At safepoint: 8565 ns, Total: 78043 ns
[2021-09-07T17:38:21.298+0000][1][safepoint   ] Safepoint "Cleanup", Time since last: 4000629140 ns, Reaching safepoint: 73216 ns, At safepoint: 8501 ns, Total: 81717 ns
[2021-09-07T17:38:24.298+0000][1][safepoint   ] Safepoint "Cleanup", Time since last: 3000489265 ns, Reaching safepoint: 125270 ns, At safepoint: 8807 ns, Total: 134077 ns
[2021-09-07T17:38:26.299+0000][1][safepoint   ] Safepoint "Cleanup", Time since last: 2000287908 ns, Reaching safepoint: 70426 ns, At safepoint: 8641 ns, Total: 79067 ns
[2021-09-07T17:38:27.299+0000][1][safepoint   ] Safepoint "Cleanup", Time since last: 1000217845 ns, Reaching safepoint: 68530 ns, At safepoint: 8013 ns, Total: 76543 ns
[2021-09-07T17:38:28.300+0000][1][safepoint   ] Safepoint "Cleanup", Time since last: 1000177342 ns, Reaching safepoint: 176924 ns, At safepoint: 15026 ns, Total: 191950 ns
[2021-09-07T17:38:39.301+0000][1][safepoint   ] Safepoint "Cleanup", Time since last: 11001325973 ns, Reaching safepoint: 72422 ns, At safepoint: 7971 ns, Total: 80393 ns
[2021-09-07T17:38:47.302+0000][1][safepoint   ] Safepoint "Cleanup", Time since last: 8000899519 ns, Reaching safepoint: 70798 ns, At safepoint: 8129 ns, Total: 78927 ns
[2021-09-07T17:38:48.302+0000][1][safepoint   ] Safepoint "Cleanup", Time since last: 1000158524 ns, Reaching safepoint: 68048 ns, At safepoint: 7875 ns, Total: 75923 ns
[2021-09-07T17:38:49.302+0000][1][safepoint   ] Safepoint "Cleanup", Time since last: 1000163731 ns, Reaching safepoint: 139625 ns, At safepoint: 12927 ns, Total: 152552 ns
[2021-09-07T17:38:50.303+0000][1][safepoint   ] Safepoint "Cleanup", Time since last: 1000168300 ns, Reaching safepoint: 60669 ns, At safepoint: 7870 ns, Total: 68539 ns
[2021-09-07T17:38:51.303+0000][1][safepoint   ] Safepoint "Cleanup", Time since last: 1000224545 ns, Reaching safepoint: 63911 ns, At safepoint: 7885 ns, Total: 71796 ns
[2021-09-07T17:38:54.304+0000][1][safepoint   ] Safepoint "Cleanup", Time since last: 3000406456 ns, Reaching safepoint: 134367 ns, At safepoint: 8418 ns, Total: 142785 ns
[2021-09-07T17:39:26.307+0000][1][safepoint   ] Safepoint "Cleanup", Time since last: 32003792510 ns, Reaching safepoint: 117758 ns, At safepoint: 8223 ns, Total: 125981 ns
[2021-09-07T17:39:28.308+0000][1][safepoint   ] Safepoint "Cleanup", Time since last: 2000320142 ns, Reaching safepoint: 81574 ns, At safepoint: 8230 ns, Total: 89804 ns
[2021-09-07T17:39:47.310+0000][1][safepoint   ] Safepoint "Cleanup", Time since last: 19002391843 ns, Reaching safepoint: 96769 ns, At safepoint: 8354 ns, Total: 105123 ns
[2021-09-07T17:39:51.311+0000][1][safepoint   ] Safepoint "Cleanup", Time since last: 4000591223 ns, Reaching safepoint: 114326 ns, At safepoint: 8655 ns, Total: 122981 ns
[2021-09-07T17:39:52.311+0000][1][safepoint   ] Safepoint "Cleanup", Time since last: 1000213186 ns, Reaching safepoint: 88655 ns, At safepoint: 8862 ns, Total: 97517 ns
[2021-09-07T17:40:18.315+0000][1][safepoint   ] Safepoint "Cleanup", Time since last: 26003286558 ns, Reaching safepoint: 159854 ns, At safepoint: 9831 ns, Total: 169685 ns
[2021-09-07T17:40:22.316+0000][1][safepoint   ] Safepoint "Cleanup", Time since last: 4000621924 ns, Reaching safepoint: 70532 ns, At safepoint: 8492 ns, Total: 79024 ns
[2021-09-07T17:40:23.316+0000][1][safepoint   ] Safepoint "Cleanup", Time since last: 1000234766 ns, Reaching safepoint: 72521 ns, At safepoint: 9232 ns, Total: 81753 ns
[2021-09-07T17:40:26.316+0000][1][safepoint   ] Safepoint "Cleanup", Time since last: 3000487311 ns, Reaching safepoint: 73848 ns, At safepoint: 8748 ns, Total: 82596 ns
[2021-09-07T17:40:34.318+0000][1][safepoint   ] Safepoint "Cleanup", Time since last: 8001039182 ns, Reaching safepoint: 72663 ns, At safepoint: 8884 ns, Total: 81547 ns
[2021-09-07T17:40:47.319+0000][1][safepoint   ] Safepoint "Cleanup", Time since last: 13001776083 ns, Reaching safepoint: 134533 ns, At safepoint: 8763 ns, Total: 143296 ns
[2021-09-07T17:40:53.320+0000][1][safepoint   ] Safepoint "Cleanup", Time since last: 6000848146 ns, Reaching safepoint: 34835 ns, At safepoint: 2469 ns, Total: 37304 ns
[2021-09-07T17:40:58.321+0000][1][safepoint   ] Safepoint "Cleanup", Time since last: 5000643099 ns, Reaching safepoint: 124988 ns, At safepoint: 8975 ns, Total: 133963 ns
[2021-09-07T17:41:13.323+0000][1][safepoint   ] Safepoint "Cleanup", Time since last: 15002053289 ns, Reaching safepoint: 131755 ns, At safepoint: 8816 ns, Total: 140571 ns
[2021-09-07T17:41:17.324+0000][1][safepoint   ] Safepoint "Cleanup", Time since last: 4000483505 ns, Reaching safepoint: 102316 ns, At safepoint: 9584 ns, Total: 111900 ns
[2021-09-07T17:41:21.325+0000][1][safepoint   ] Safepoint "Cleanup", Time since last: 4000460680 ns, Reaching safepoint: 128360 ns, At safepoint: 14858 ns, Total: 143218 ns
[2021-09-07T17:41:41.327+0000][1][safepoint   ] Safepoint "Cleanup", Time since last: 20002294870 ns, Reaching safepoint: 116304 ns, At safepoint: 8495 ns, Total: 124799 ns
[2021-09-07T17:41:50.328+0000][1][safepoint   ] Safepoint "Cleanup", Time since last: 9000995980 ns, Reaching safepoint: 123498 ns, At safepoint: 4240 ns, Total: 127738 ns
[2021-09-07T17:42:29.332+0000][1][safepoint   ] Safepoint "Cleanup", Time since last: 39003850366 ns, Reaching safepoint: 132801 ns, At safepoint: 9353 ns, Total: 142154 ns
[2021-09-07T17:42:31.332+0000][1][safepoint   ] Safepoint "Cleanup", Time since last: 2000321847 ns, Reaching safepoint: 80798 ns, At safepoint: 8821 ns, Total: 89619 ns
[2021-09-07T17:42:39.334+0000][1][safepoint   ] Safepoint "Cleanup", Time since last: 8001084990 ns, Reaching safepoint: 37433 ns, At safepoint: 2081 ns, Total: 39514 ns
[2021-09-07T17:42:47.335+0000][1][safepoint   ] Safepoint "Cleanup", Time since last: 8001066176 ns, Reaching safepoint: 50310 ns, At safepoint: 2221 ns, Total: 52531 ns
[2021-09-07T17:43:07.337+0000][1][safepoint   ] Safepoint "Cleanup", Time since last: 20002326618 ns, Reaching safepoint: 133989 ns, At safepoint: 9064 ns, Total: 143053 ns
[2021-09-07T17:43:08.337+0000][1][safepoint   ] Safepoint "Cleanup", Time since last: 1000212702 ns, Reaching safepoint: 73032 ns, At safepoint: 9936 ns, Total: 82968 ns
[2021-09-07T17:43:18.339+0000][1][safepoint   ] Safepoint "Cleanup", Time since last: 10001271038 ns, Reaching safepoint: 114121 ns, At safepoint: 8731 ns, Total: 122852 ns
[2021-09-07T17:43:30.147+0000][1][safepoint   ] Safepoint "Cleanup", Time since last: 11808164974 ns, Reaching safepoint: 21857 ns, At safepoint: 1288 ns, Total: 23145 ns
[2021-09-07T17:43:31.556+0000][1][safepoint   ] Safepoint "Cleanup", Time since last: 1408327470 ns, Reaching safepoint: 326807 ns, At safepoint: 16076 ns, Total: 342883 ns
[2021-09-07T17:43:32.556+0000][1][safepoint   ] Safepoint "Cleanup", Time since last: 1000237667 ns, Reaching safepoint: 122155 ns, At safepoint: 14582 ns, Total: 136737 ns
[2021-09-07T17:43:47.558+0000][1][safepoint   ] Safepoint "Cleanup", Time since last: 15001955956 ns, Reaching safepoint: 152879 ns, At safepoint: 10030 ns, Total: 162909 ns
[2021-09-07T17:44:04.561+0000][1][safepoint   ] Safepoint "Cleanup", Time since last: 17002254366 ns, Reaching safepoint: 112024 ns, At safepoint: 10334 ns, Total: 122358 ns
[2021-09-07T17:44:27.564+0000][1][safepoint   ] Safepoint "Cleanup", Time since last: 23003065502 ns, Reaching safepoint: 156105 ns, At safepoint: 11919 ns, Total: 168024 ns
[2021-09-07T17:45:01.568+0000][1][safepoint   ] Safepoint "Cleanup", Time since last: 34003721226 ns, Reaching safepoint: 143016 ns, At safepoint: 13336 ns, Total: 156352 ns
[2021-09-07T17:45:17.570+0000][1][safepoint   ] Safepoint "Cleanup", Time since last: 16002289691 ns, Reaching safepoint: 153373 ns, At safepoint: 12537 ns, Total: 165910 ns
[2021-09-07T17:45:37.573+0000][1][safepoint   ] Safepoint "Cleanup", Time since last: 20002642372 ns, Reaching safepoint: 43791 ns, At safepoint: 3344 ns, Total: 47135 ns
[2021-09-07T17:45:39.573+0000][1][safepoint   ] Safepoint "Cleanup", Time since last: 2000262865 ns, Reaching safepoint: 210986 ns, At safepoint: 15701 ns, Total: 226687 ns
[2021-09-07T17:46:07.577+0000][1][safepoint   ] Safepoint "Cleanup", Time since last: 28003212768 ns, Reaching safepoint: 157405 ns, At safepoint: 14138 ns, Total: 171543 ns
[2021-09-07T17:46:16.713+0000][1][safepoint   ] Safepoint "Cleanup", Time since last: 9136209908 ns, Reaching safepoint: 87593 ns, At safepoint: 9842 ns, Total: 97435 ns
[2021-09-07T17:46:17.835+0000][1][safepoint   ] Safepoint "Cleanup", Time since last: 1121794016 ns, Reaching safepoint: 77919 ns, At safepoint: 3928 ns, Total: 81847 ns
[2021-09-07T17:46:47.442+0000][1][safepoint   ] Safepoint "Cleanup", Time since last: 29607025922 ns, Reaching safepoint: 127883 ns, At safepoint: 14040 ns, Total: 141923 ns
[2021-09-07T17:47:07.445+0000][1][safepoint   ] Safepoint "Cleanup", Time since last: 20002557474 ns, Reaching safepoint: 150732 ns, At safepoint: 13399 ns, Total: 164131 ns
[2021-09-07T17:47:13.446+0000][1][safepoint   ] Safepoint "Cleanup", Time since last: 6000734161 ns, Reaching safepoint: 122657 ns, At safepoint: 11324 ns, Total: 133981 ns
[2021-09-07T17:47:17.447+0000][1][safepoint   ] Safepoint "Cleanup", Time since last: 4000630000 ns, Reaching safepoint: 203333 ns, At safepoint: 19364 ns, Total: 222697 ns
[2021-09-07T17:47:54.451+0000][1][safepoint   ] Safepoint "Cleanup", Time since last: 37004514382 ns, Reaching safepoint: 222972 ns, At safepoint: 18969 ns, Total: 241941 ns
[2021-09-07T17:48:01.453+0000][1][safepoint   ] Safepoint "Cleanup", Time since last: 7000988779 ns, Reaching safepoint: 221506 ns, At safepoint: 19077 ns, Total: 240583 ns
[2021-09-07T17:48:17.455+0000][1][safepoint   ] Safepoint "Cleanup", Time since last: 16001888882 ns, Reaching safepoint: 131120 ns, At safepoint: 8225 ns, Total: 139345 ns
[2021-09-07T17:48:22.455+0000][1][safepoint   ] Safepoint "Cleanup", Time since last: 5000580911 ns, Reaching safepoint: 151497 ns, At safepoint: 15201 ns, Total: 166698 ns
[2021-09-07T17:48:41.457+0000][1][safepoint   ] Safepoint "Cleanup", Time since last: 19002071393 ns, Reaching safepoint: 102572 ns, At safepoint: 10275 ns, Total: 112847 ns
[2021-09-07T17:49:03.460+0000][1][safepoint   ] Safepoint "Cleanup", Time since last: 22002690731 ns, Reaching safepoint: 160255 ns, At safepoint: 12000 ns, Total: 172255 ns
[2021-09-07T17:50:17.468+0000][1][safepoint   ] Safepoint "Cleanup", Time since last: 74007466472 ns, Reaching safepoint: 195050 ns, At safepoint: 10383 ns, Total: 205433 ns
[2021-09-07T17:50:51.472+0000][1][safepoint   ] Safepoint "Cleanup", Time since last: 34003678702 ns, Reaching safepoint: 68765 ns, At safepoint: 4382 ns, Total: 73147 ns
[2021-09-07T17:51:17.475+0000][1][safepoint   ] Safepoint "Cleanup", Time since last: 26002744819 ns, Reaching safepoint: 149830 ns, At safepoint: 10965 ns, Total: 160795 ns
[2021-09-07T17:51:23.475+0000][1][safepoint   ] Safepoint "Cleanup", Time since last: 6000528004 ns, Reaching safepoint: 45931 ns, At safepoint: 2546 ns, Total: 48477 ns
[2021-09-07T17:51:42.477+0000][1][safepoint   ] Safepoint "Cleanup", Time since last: 19002016463 ns, Reaching safepoint: 129840 ns, At safepoint: 10188 ns, Total: 140028 ns
[2021-09-07T17:53:16.488+0000][1][safepoint   ] Safepoint "Cleanup", Time since last: 94010341120 ns, Reaching safepoint: 160107 ns, At safepoint: 13829 ns, Total: 173936 ns
[2021-09-07T17:53:35.490+0000][1][safepoint   ] Safepoint "Cleanup", Time since last: 19002235202 ns, Reaching safepoint: 155094 ns, At safepoint: 12016 ns, Total: 167110 ns
[2021-09-07T17:54:38.498+0000][1][safepoint   ] Safepoint "Cleanup", Time since last: 63007202877 ns, Reaching safepoint: 74030 ns, At safepoint: 3568 ns, Total: 77598 ns
[2021-09-07T17:54:39.498+0000][1][safepoint   ] Safepoint "Cleanup", Time since last: 1000171166 ns, Reaching safepoint: 180562 ns, At safepoint: 15211 ns, Total: 195773 ns
[2021-09-07T17:54:54.500+0000][1][safepoint   ] Safepoint "Cleanup", Time since last: 15001685427 ns, Reaching safepoint: 155197 ns, At safepoint: 13863 ns, Total: 169060 ns
[2021-09-07T17:55:17.502+0000][1][safepoint   ] Safepoint "Cleanup", Time since last: 23002390304 ns, Reaching safepoint: 62541 ns, At safepoint: 5131 ns, Total: 67672 ns
[2021-09-07T17:55:28.503+0000][1][safepoint   ] Safepoint "Cleanup", Time since last: 11000906028 ns, Reaching safepoint: 174949 ns, At safepoint: 14778 ns, Total: 189727 ns
[2021-09-07T17:55:54.506+0000][1][safepoint   ] Safepoint "Cleanup", Time since last: 26002999183 ns, Reaching safepoint: 99239 ns, At safepoint: 2871 ns, Total: 102110 ns
[2021-09-07T17:55:56.507+0000][1][safepoint   ] Safepoint "Cleanup", Time since last: 2000233681 ns, Reaching safepoint: 101600 ns, At safepoint: 10034 ns, Total: 111634 ns
[2021-09-07T17:56:47.513+0000][1][safepoint   ] Safepoint "Cleanup", Time since last: 51006198530 ns, Reaching safepoint: 134279 ns, At safepoint: 10571 ns, Total: 144850 ns
[2021-09-07T17:57:41.519+0000][1][safepoint   ] Safepoint "Cleanup", Time since last: 54005929777 ns, Reaching safepoint: 115699 ns, At safepoint: 16691 ns, Total: 132390 ns
[2021-09-07T17:57:54.521+0000][1][safepoint   ] Safepoint "Cleanup", Time since last: 13001419544 ns, Reaching safepoint: 231825 ns, At safepoint: 14375 ns, Total: 246200 ns
[2021-09-07T17:58:23.525+0000][1][safepoint   ] Safepoint "Cleanup", Time since last: 29003541213 ns, Reaching safepoint: 190662 ns, At safepoint: 10626 ns, Total: 201288 ns
[2021-09-07T17:58:40.527+0000][1][safepoint   ] Safepoint "Cleanup", Time since last: 17002131699 ns, Reaching safepoint: 92478 ns, At safepoint: 5972 ns, Total: 98450 ns
[2021-09-07T18:00:01.536+0000][1][safepoint   ] Safepoint "Cleanup", Time since last: 81008918254 ns, Reaching safepoint: 73307 ns, At safepoint: 2862 ns, Total: 76169 ns
[2021-09-07T18:01:17.545+0000][1][safepoint   ] Safepoint "Cleanup", Time since last: 76009176008 ns, Reaching safepoint: 150409 ns, At safepoint: 10093 ns, Total: 160502 ns
[2021-09-07T18:01:47.549+0000][1][safepoint   ] Safepoint "Cleanup", Time since last: 30003941908 ns, Reaching safepoint: 135860 ns, At safepoint: 9751 ns, Total: 145611 ns
[2021-09-07T18:02:31.555+0000][1][safepoint   ] Safepoint "Cleanup", Time since last: 44005195593 ns, Reaching safepoint: 87303 ns, At safepoint: 3037 ns, Total: 90340 ns
[2021-09-07T18:02:37.555+0000][1][safepoint   ] Safepoint "Cleanup", Time since last: 6000681950 ns, Reaching safepoint: 125044 ns, At safepoint: 15312 ns, Total: 140356 ns
[2021-09-07T18:02:47.557+0000][1][safepoint   ] Safepoint "Cleanup", Time since last: 10001269409 ns, Reaching safepoint: 145361 ns, At safepoint: 10090 ns, Total: 155451 ns
[2021-09-07T18:03:17.560+0000][1][safepoint   ] Safepoint "Cleanup", Time since last: 30003200925 ns, Reaching safepoint: 132243 ns, At safepoint: 10533 ns, Total: 142776 ns
[2021-09-07T18:04:47.569+0000][1][safepoint   ] Safepoint "Cleanup", Time since last: 90008620323 ns, Reaching safepoint: 160998 ns, At safepoint: 11727 ns, Total: 172725 ns
[2021-09-07T18:05:34.574+0000][1][safepoint   ] Safepoint "Cleanup", Time since last: 47005034834 ns, Reaching safepoint: 48947 ns, At safepoint: 3044 ns, Total: 51991 ns
[2021-09-07T18:05:36.574+0000][1][safepoint   ] Safepoint "Cleanup", Time since last: 2000297044 ns, Reaching safepoint: 79190 ns, At safepoint: 10928 ns, Total: 90118 ns
[2021-09-07T18:05:47.576+0000][1][safepoint   ] Safepoint "Cleanup", Time since last: 11001270417 ns, Reaching safepoint: 80688 ns, At safepoint: 10078 ns, Total: 90766 ns
[2021-09-07T18:06:09.579+0000][1][safepoint   ] Safepoint "Cleanup", Time since last: 22002664951 ns, Reaching safepoint: 158206 ns, At safepoint: 11679 ns, Total: 169885 ns
[2021-09-07T18:06:17.579+0000][1][safepoint   ] Safepoint "Cleanup", Time since last: 8000731563 ns, Reaching safepoint: 133767 ns, At safepoint: 9996 ns, Total: 143763 ns
[2021-09-07T18:06:51.584+0000][1][safepoint   ] Safepoint "Cleanup", Time since last: 34004130312 ns, Reaching safepoint: 119143 ns, At safepoint: 9655 ns, Total: 128798 ns
[2021-09-07T18:07:17.587+0000][1][safepoint   ] Safepoint "Cleanup", Time since last: 26003068049 ns, Reaching safepoint: 106249 ns, At safepoint: 10055 ns, Total: 116304 ns
[2021-09-07T18:07:27.588+0000][1][safepoint   ] Safepoint "Cleanup", Time since last: 10001174313 ns, Reaching safepoint: 89397 ns, At safepoint: 10781 ns, Total: 100178 ns
[2021-09-07T18:08:21.594+0000][1][safepoint   ] Safepoint "Cleanup", Time since last: 54005754506 ns, Reaching safepoint: 160319 ns, At safepoint: 14510 ns, Total: 174829 ns
[2021-09-07T18:08:47.597+0000][1][safepoint   ] Safepoint "Cleanup", Time since last: 26002940265 ns, Reaching safepoint: 49922 ns, At safepoint: 4611 ns, Total: 54533 ns
[2021-09-07T18:11:17.614+0000][1][safepoint   ] Safepoint "Cleanup", Time since last: 150016331150 ns, Reaching safepoint: 117857 ns, At safepoint: 10124 ns, Total: 127981 ns
[2021-09-07T18:11:51.617+0000][1][safepoint   ] Safepoint "Cleanup", Time since last: 34003663743 ns, Reaching safepoint: 138273 ns, At safepoint: 17220 ns, Total: 155493 ns
[2021-09-07T18:12:33.622+0000][1][safepoint   ] Safepoint "Cleanup", Time since last: 42004797220 ns, Reaching safepoint: 117059 ns, At safepoint: 10170 ns, Total: 127229 ns
[2021-09-07T18:13:46.630+0000][1][safepoint   ] Safepoint "Cleanup", Time since last: 73007445777 ns, Reaching safepoint: 192978 ns, At safepoint: 9514 ns, Total: 202492 ns
[2021-09-07T18:13:55.631+0000][1][safepoint   ] Safepoint "Cleanup", Time since last: 9001089576 ns, Reaching safepoint: 173717 ns, At safepoint: 17046 ns, Total: 190763 ns
[2021-09-07T18:16:17.648+0000][1][safepoint   ] Safepoint "Cleanup", Time since last: 142016431001 ns, Reaching safepoint: 107009 ns, At safepoint: 9921 ns, Total: 116930 ns
[2021-09-07T18:18:56.667+0000][1][safepoint   ] Safepoint "Cleanup", Time since last: 159019416828 ns, Reaching safepoint: 155000 ns, At safepoint: 10074 ns, Total: 165074 ns
[2021-09-07T18:19:47.674+0000][1][safepoint   ] Safepoint "Cleanup", Time since last: 51006461786 ns, Reaching safepoint: 156698 ns, At safepoint: 12250 ns, Total: 168948 ns
[2021-09-07T18:20:17.678+0000][1][safepoint   ] Safepoint "Cleanup", Time since last: 30003949146 ns, Reaching safepoint: 112406 ns, At safepoint: 9675 ns, Total: 122081 ns
[2021-09-07T18:20:47.681+0000][1][safepoint   ] Safepoint "Cleanup", Time since last: 30003210812 ns, Reaching safepoint: 159629 ns, At safepoint: 8546 ns, Total: 168175 ns
[2021-09-07T18:21:02.683+0000][1][safepoint   ] Safepoint "Cleanup", Time since last: 15001918893 ns, Reaching safepoint: 82630 ns, At safepoint: 10223 ns, Total: 92853 ns
[2021-09-07T18:21:17.686+0000][1][safepoint   ] Safepoint "Cleanup", Time since last: 15002013433 ns, Reaching safepoint: 133644 ns, At safepoint: 9989 ns, Total: 143633 ns
[2021-09-07T18:22:17.693+0000][1][safepoint   ] Safepoint "Cleanup", Time since last: 60007529398 ns, Reaching safepoint: 163082 ns, At safepoint: 16888 ns, Total: 179970 ns
[2021-09-07T18:24:47.712+0000][1][safepoint   ] Safepoint "Cleanup", Time since last: 150018480669 ns, Reaching safepoint: 162693 ns, At safepoint: 12146 ns, Total: 174839 ns
[2021-09-07T18:25:17.716+0000][1][safepoint   ] Safepoint "Cleanup", Time since last: 30003487758 ns, Reaching safepoint: 127344 ns, At safepoint: 9810 ns, Total: 137154 ns
[2021-09-07T18:26:46.727+0000][1][safepoint   ] Safepoint "Cleanup", Time since last: 89010938997 ns, Reaching safepoint: 194140 ns, At safepoint: 70854 ns, Total: 264994 ns
[2021-09-07T18:28:51.742+0000][1][safepoint   ] Safepoint "Cleanup", Time since last: 125014523297 ns, Reaching safepoint: 155399 ns, At safepoint: 19787 ns, Total: 175186 ns
[2021-09-07T18:30:17.752+0000][1][safepoint   ] Safepoint "Cleanup", Time since last: 86010346118 ns, Reaching safepoint: 161001 ns, At safepoint: 19858 ns, Total: 180859 ns
[2021-09-07T18:33:47.777+0000][1][safepoint   ] Safepoint "Cleanup", Time since last: 210025002390 ns, Reaching safepoint: 153263 ns, At safepoint: 21805 ns, Total: 175068 ns
[2021-09-07T18:35:47.792+0000][1][safepoint   ] Safepoint "Cleanup", Time since last: 120014508705 ns, Reaching safepoint: 118365 ns, At safepoint: 16930 ns, Total: 135295 ns
[2021-09-07T18:36:47.799+0000][1][safepoint   ] Safepoint "Cleanup", Time since last: 60007328419 ns, Reaching safepoint: 114764 ns, At safepoint: 17654 ns, Total: 132418 ns
[2021-09-07T18:40:47.829+0000][1][safepoint   ] Safepoint "Cleanup", Time since last: 240029215732 ns, Reaching safepoint: 156362 ns, At safepoint: 21004 ns, Total: 177366 ns
[2021-09-07T18:42:26.841+0000][1][safepoint   ] Safepoint "Cleanup", Time since last: 99012480325 ns, Reaching safepoint: 142109 ns, At safepoint: 16212 ns, Total: 158321 ns
[2021-09-07T18:42:47.844+0000][1][safepoint   ] Safepoint "Cleanup", Time since last: 21002671451 ns, Reaching safepoint: 158130 ns, At safepoint: 12354 ns, Total: 170484 ns
[2021-09-07T18:43:17.848+0000][1][safepoint   ] Safepoint "Cleanup", Time since last: 30003867505 ns, Reaching safepoint: 107000 ns, At safepoint: 17344 ns, Total: 124344 ns
[2021-09-07T18:43:41.852+0000][1][safepoint   ] Safepoint "Cleanup", Time since last: 24003186952 ns, Reaching safepoint: 116085 ns, At safepoint: 10188 ns, Total: 126273 ns
[2021-09-07T18:45:17.864+0000][1][safepoint   ] Safepoint "Cleanup", Time since last: 96011892770 ns, Reaching safepoint: 160217 ns, At safepoint: 14013 ns, Total: 174230 ns
[2021-09-07T18:49:36.895+0000][1][safepoint   ] Safepoint "Cleanup", Time since last: 259031645342 ns, Reaching safepoint: 152761 ns, At safepoint: 12605 ns, Total: 165366 ns
[2021-09-07T18:51:17.908+0000][1][safepoint   ] Safepoint "Cleanup", Time since last: 101012246393 ns, Reaching safepoint: 109908 ns, At safepoint: 26026 ns, Total: 135934 ns
[2021-09-07T18:56:17.945+0000][1][safepoint   ] Safepoint "Cleanup", Time since last: 300036617583 ns, Reaching safepoint: 137423 ns, At safepoint: 9276 ns, Total: 146699 ns
[2021-09-07T18:58:17.959+0000][1][safepoint   ] Safepoint "Cleanup", Time since last: 120014599608 ns, Reaching safepoint: 111117 ns, At safepoint: 16028 ns, Total: 127145 ns
[2021-09-07T19:02:47.993+0000][1][safepoint   ] Safepoint "Cleanup", Time since last: 270033970343 ns, Reaching safepoint: 108024 ns, At safepoint: 9494 ns, Total: 117518 ns
[2021-09-07T19:05:48.016+0000][1][safepoint   ] Safepoint "Cleanup", Time since last: 180022734553 ns, Reaching safepoint: 111474 ns, At safepoint: 16433 ns, Total: 127907 ns
[2021-09-07T19:06:17.020+0000][1][safepoint   ] Safepoint "Cleanup", Time since last: 29003674537 ns, Reaching safepoint: 106115 ns, At safepoint: 9045 ns, Total: 115160 ns
[2021-09-07T19:08:37.038+0000][1][safepoint   ] Safepoint "Cleanup", Time since last: 140017911697 ns, Reaching safepoint: 117905 ns, At safepoint: 9500 ns, Total: 127405 ns
[2021-09-07T19:09:18.043+0000][1][safepoint   ] Safepoint "Cleanup", Time since last: 41005177318 ns, Reaching safepoint: 108024 ns, At safepoint: 9156 ns, Total: 117180 ns
[2021-09-07T19:11:18.058+0000][1][safepoint   ] Safepoint "Cleanup", Time since last: 120014668719 ns, Reaching safepoint: 107155 ns, At safepoint: 9885 ns, Total: 117040 ns
[2021-09-07T19:11:48.062+0000][1][safepoint   ] Safepoint "Cleanup", Time since last: 30003847374 ns, Reaching safepoint: 113999 ns, At safepoint: 9459 ns, Total: 123458 ns
[2021-09-07T19:12:48.070+0000][1][safepoint   ] Safepoint "Cleanup", Time since last: 60007305791 ns, Reaching safepoint: 111639 ns, At safepoint: 16221 ns, Total: 127860 ns
[2021-09-07T19:14:37.083+0000][1][safepoint   ] Safepoint "Cleanup", Time since last: 109013638988 ns, Reaching safepoint: 113247 ns, At safepoint: 9611 ns, Total: 122858 ns
[2021-09-07T19:18:48.115+0000][1][safepoint   ] Safepoint "Cleanup", Time since last: 251031250829 ns, Reaching safepoint: 192853 ns, At safepoint: 9094 ns, Total: 201947 ns
[2021-09-07T19:23:48.152+0000][1][safepoint   ] Safepoint "Cleanup", Time since last: 300037558082 ns, Reaching safepoint: 112636 ns, At safepoint: 16383 ns, Total: 129019 ns
[2021-09-07T19:28:18.186+0000][1][safepoint   ] Safepoint "Cleanup", Time since last: 270033596582 ns, Reaching safepoint: 143640 ns, At safepoint: 9255 ns, Total: 152895 ns
[2021-09-07T19:31:01.207+0000][1][safepoint   ] Safepoint "Cleanup", Time since last: 163020269869 ns, Reaching safepoint: 116744 ns, At safepoint: 9871 ns, Total: 126615 ns
[2021-09-07T19:33:41.227+0000][1][safepoint   ] Safepoint "Cleanup", Time since last: 160020309849 ns, Reaching safepoint: 105938 ns, At safepoint: 16258 ns, Total: 122196 ns
[2021-09-07T19:37:48.258+0000][1][safepoint   ] Safepoint "Cleanup", Time since last: 247030395767 ns, Reaching safepoint: 116284 ns, At safepoint: 9845 ns, Total: 126129 ns
[2021-09-07T19:42:18.291+0000][1][safepoint   ] Safepoint "Cleanup", Time since last: 270033625079 ns, Reaching safepoint: 153448 ns, At safepoint: 12528 ns, Total: 165976 ns
[2021-09-07T19:42:48.295+0000][1][safepoint   ] Safepoint "Cleanup", Time since last: 30003751278 ns, Reaching safepoint: 140126 ns, At safepoint: 9000 ns, Total: 149126 ns
[2021-09-07T19:43:48.303+0000][1][safepoint   ] Safepoint "Cleanup", Time since last: 60007665788 ns, Reaching safepoint: 135723 ns, At safepoint: 10821 ns, Total: 146544 ns
[2021-09-07T19:44:48.311+0000][1][safepoint   ] Safepoint "Cleanup", Time since last: 60007610072 ns, Reaching safepoint: 175831 ns, At safepoint: 10983 ns, Total: 186814 ns
[2021-09-07T19:45:48.319+0000][1][safepoint   ] Safepoint "Cleanup", Time since last: 60007611981 ns, Reaching safepoint: 133581 ns, At safepoint: 10692 ns, Total: 144273 ns
[2021-09-07T19:46:17.322+0000][1][safepoint   ] Safepoint "Cleanup", Time since last: 29003721597 ns, Reaching safepoint: 126681 ns, At safepoint: 17058 ns, Total: 143739 ns
[2021-09-07T19:46:18.323+0000][1][safepoint   ] Safepoint "Cleanup", Time since last: 1000208250 ns, Reaching safepoint: 113942 ns, At safepoint: 10946 ns, Total: 124888 ns
[2021-09-07T19:47:18.331+0000][1][safepoint   ] Safepoint "Cleanup", Time since last: 60007787354 ns, Reaching safepoint: 186288 ns, At safepoint: 27459 ns, Total: 213747 ns
[2021-09-07T19:49:48.350+0000][1][safepoint   ] Safepoint "Cleanup", Time since last: 150019020928 ns, Reaching safepoint: 155340 ns, At safepoint: 21057 ns, Total: 176397 ns
[2021-09-07T19:56:21.399+0000][1][safepoint   ] Safepoint "Cleanup", Time since last: 393048896946 ns, Reaching safepoint: 155348 ns, At safepoint: 13026 ns, Total: 168374 ns
[2021-09-07T20:01:17.437+0000][1][safepoint   ] Safepoint "Cleanup", Time since last: 296037379814 ns, Reaching safepoint: 180184 ns, At safepoint: 17755 ns, Total: 197939 ns
[2021-09-07T20:13:17.526+0000][1][safepoint   ] Safepoint "Cleanup", Time since last: 720089143300 ns, Reaching safepoint: 170099 ns, At safepoint: 26021 ns, Total: 196120 ns
[2021-09-07T20:21:17.586+0000][1][safepoint   ] Safepoint "Cleanup", Time since last: 480060116063 ns, Reaching safepoint: 167384 ns, At safepoint: 11569 ns, Total: 178953 ns
[2021-09-07T20:29:47.650+0000][1][safepoint   ] Safepoint "Cleanup", Time since last: 510063465715 ns, Reaching safepoint: 110612 ns, At safepoint: 16085 ns, Total: 126697 ns
[2021-09-07T20:34:47.688+0000][1][safepoint   ] Safepoint "Cleanup", Time since last: 300037528212 ns, Reaching safepoint: 133074 ns, At safepoint: 15099 ns, Total: 148173 ns
[2021-09-07T20:35:17.692+0000][1][safepoint   ] Safepoint "Cleanup", Time since last: 30003950653 ns, Reaching safepoint: 100070 ns, At safepoint: 16001 ns, Total: 116071 ns
[2021-09-07T20:36:17.700+0000][1][safepoint   ] Safepoint "Cleanup", Time since last: 60007837025 ns, Reaching safepoint: 131670 ns, At safepoint: 9190 ns, Total: 140860 ns
[2021-09-07T20:38:17.715+0000][1][safepoint   ] Safepoint "Cleanup", Time since last: 120014998707 ns, Reaching safepoint: 150157 ns, At safepoint: 18020 ns, Total: 168177 ns
[2021-09-07T20:41:47.742+0000][1][safepoint   ] Safepoint "Cleanup", Time since last: 210026725119 ns, Reaching safepoint: 101105 ns, At safepoint: 15971 ns, Total: 117076 ns
[2021-09-07T20:46:47.779+0000][1][safepoint   ] Safepoint "Cleanup", Time since last: 300036997277 ns, Reaching safepoint: 142489 ns, At safepoint: 21279 ns, Total: 163768 ns
[2021-09-07T20:47:47.786+0000][1][safepoint   ] Safepoint "Cleanup", Time since last: 60007333670 ns, Reaching safepoint: 124465 ns, At safepoint: 9407 ns, Total: 133872 ns
[2021-09-07T20:48:47.794+0000][1][safepoint   ] Safepoint "Cleanup", Time since last: 60007730995 ns, Reaching safepoint: 128149 ns, At safepoint: 15128 ns, Total: 143277 ns
[2021-09-07T20:50:27.807+0000][1][safepoint   ] Safepoint "Cleanup", Time since last: 100012792758 ns, Reaching safepoint: 148301 ns, At safepoint: 15301 ns, Total: 163602 ns
[2021-09-07T20:50:47.810+0000][1][safepoint   ] Safepoint "Cleanup", Time since last: 20002708268 ns, Reaching safepoint: 99279 ns, At safepoint: 10534 ns, Total: 109813 ns
[2021-09-07T20:52:47.825+0000][1][safepoint   ] Safepoint "Cleanup", Time since last: 120014806561 ns, Reaching safepoint: 158821 ns, At safepoint: 21111 ns, Total: 179932 ns
[2021-09-07T21:18:48.020+0000][1][safepoint   ] Safepoint "Cleanup", Time since last: 1560195138710 ns, Reaching safepoint: 154111 ns, At safepoint: 21344 ns, Total: 175455 ns
[2021-09-07T21:26:18.076+0000][1][safepoint   ] Safepoint "Cleanup", Time since last: 450055429768 ns, Reaching safepoint: 153789 ns, At safepoint: 12182 ns, Total: 165971 ns
[2021-09-07T21:39:17.173+0000][1][safepoint   ] Safepoint "Cleanup", Time since last: 779096619095 ns, Reaching safepoint: 110112 ns, At safepoint: 17045 ns, Total: 127157 ns
[2021-09-07T21:41:17.187+0000][1][safepoint   ] Safepoint "Cleanup", Time since last: 120014793079 ns, Reaching safepoint: 124072 ns, At safepoint: 18826 ns, Total: 142898 ns
[2021-09-07T21:45:48.223+0000][1][safepoint   ] Safepoint "Cleanup", Time since last: 271035759185 ns, Reaching safepoint: 145418 ns, At safepoint: 20723 ns, Total: 166141 ns
[2021-09-07T21:50:18.257+0000][1][safepoint   ] Safepoint "Cleanup", Time since last: 270033702531 ns, Reaching safepoint: 127437 ns, At safepoint: 10178 ns, Total: 137615 ns
[2021-09-07T21:50:48.261+0000][1][safepoint   ] Safepoint "Cleanup", Time since last: 30003324554 ns, Reaching safepoint: 132518 ns, At safepoint: 16594 ns, Total: 149112 ns
[2021-09-07T21:51:48.268+0000][1][safepoint   ] Safepoint "Cleanup", Time since last: 60007513825 ns, Reaching safepoint: 126759 ns, At safepoint: 10548 ns, Total: 137307 ns
[2021-09-07T21:52:48.276+0000][1][safepoint   ] Safepoint "Cleanup", Time since last: 60007462071 ns, Reaching safepoint: 109941 ns, At safepoint: 16867 ns, Total: 126808 ns
[2021-09-07T22:03:48.353+0000][1][safepoint   ] Safepoint "Cleanup", Time since last: 660076498817 ns, Reaching safepoint: 110011 ns, At safepoint: 9578 ns, Total: 119589 ns
[2021-09-07T22:04:17.356+0000][1][safepoint   ] Safepoint "Cleanup", Time since last: 29003613561 ns, Reaching safepoint: 115025 ns, At safepoint: 16282 ns, Total: 131307 ns
[2021-09-07T22:06:17.371+0000][1][safepoint   ] Safepoint "Cleanup", Time since last: 120014843827 ns, Reaching safepoint: 113609 ns, At safepoint: 17970 ns, Total: 131579 ns
[2021-09-07T22:11:48.413+0000][1][safepoint   ] Safepoint "Cleanup", Time since last: 331041831401 ns, Reaching safepoint: 151564 ns, At safepoint: 21255 ns, Total: 172819 ns
[2021-09-07T22:20:48.481+0000][1][safepoint   ] Safepoint "Cleanup", Time since last: 540068056806 ns, Reaching safepoint: 118298 ns, At safepoint: 16323 ns, Total: 134621 ns
[2021-09-07T22:22:48.496+0000][1][safepoint   ] Safepoint "Cleanup", Time since last: 120014852816 ns, Reaching safepoint: 105661 ns, At safepoint: 10449 ns, Total: 116110 ns
[2021-09-07T22:24:48.511+0000][1][safepoint   ] Safepoint "Cleanup", Time since last: 120014761020 ns, Reaching safepoint: 172355 ns, At safepoint: 24783 ns, Total: 197138 ns
[2021-09-07T22:31:17.560+0000][1][safepoint   ] Safepoint "Cleanup", Time since last: 389048062011 ns, Reaching safepoint: 104140 ns, At safepoint: 9723 ns, Total: 113863 ns
[2021-09-07T22:31:42.563+0000][1][safepoint   ] Safepoint "Cleanup", Time since last: 25003329185 ns, Reaching safepoint: 114984 ns, At safepoint: 10024 ns, Total: 125008 ns
[2021-09-07T22:36:17.596+0000][1][safepoint   ] Safepoint "Cleanup", Time since last: 275033104367 ns, Reaching safepoint: 156069 ns, At safepoint: 13527 ns, Total: 169596 ns
[2021-09-07T22:41:18.635+0000][1][safepoint   ] Safepoint "Cleanup", Time since last: 301038413219 ns, Reaching safepoint: 202922 ns, At safepoint: 12356 ns, Total: 215278 ns
[2021-09-07T22:41:48.639+0000][1][safepoint   ] Safepoint "Cleanup", Time since last: 30003884567 ns, Reaching safepoint: 107941 ns, At safepoint: 17466 ns, Total: 125407 ns
[2021-09-07T22:43:18.650+0000][1][safepoint   ] Safepoint "Cleanup", Time since last: 90011276588 ns, Reaching safepoint: 106544 ns, At safepoint: 16935 ns, Total: 123479 ns
[2021-09-07T22:51:17.710+0000][1][safepoint   ] Safepoint "Cleanup", Time since last: 479059446057 ns, Reaching safepoint: 111191 ns, At safepoint: 10003 ns, Total: 121194 ns
[2021-09-07T22:52:47.721+0000][1][safepoint   ] Safepoint "Cleanup", Time since last: 90011163300 ns, Reaching safepoint: 151539 ns, At safepoint: 16456 ns, Total: 167995 ns
[2021-09-07T22:56:48.752+0000][1][safepoint   ] Safepoint "Cleanup", Time since last: 241030606048 ns, Reaching safepoint: 168283 ns, At safepoint: 11774 ns, Total: 180057 ns
[2021-09-07T22:57:18.756+0000][1][safepoint   ] Safepoint "Cleanup", Time since last: 30003871968 ns, Reaching safepoint: 129233 ns, At safepoint: 16886 ns, Total: 146119 ns
[2021-09-07T23:06:17.821+0000][1][safepoint   ] Safepoint "Cleanup", Time since last: 539064683524 ns, Reaching safepoint: 135535 ns, At safepoint: 10083 ns, Total: 145618 ns
[2021-09-07T23:07:11.828+0000][1][safepoint   ] Safepoint "Cleanup", Time since last: 54006669124 ns, Reaching safepoint: 112334 ns, At safepoint: 10441 ns, Total: 122775 ns
[2021-09-07T23:10:48.855+0000][1][safepoint   ] Safepoint "Cleanup", Time since last: 217027437863 ns, Reaching safepoint: 111125 ns, At safepoint: 17936 ns, Total: 129061 ns
[2021-09-07T23:11:17.859+0000][1][safepoint   ] Safepoint "Cleanup", Time since last: 29003589778 ns, Reaching safepoint: 171234 ns, At safepoint: 11898 ns, Total: 183132 ns
[2021-09-07T23:12:47.870+0000][1][safepoint   ] Safepoint "Cleanup", Time since last: 90011335994 ns, Reaching safepoint: 105696 ns, At safepoint: 9184 ns, Total: 114880 ns
[2021-09-07T23:12:48.871+0000][1][safepoint   ] Safepoint "Cleanup", Time since last: 1000224966 ns, Reaching safepoint: 130481 ns, At safepoint: 13005 ns, Total: 143486 ns
[2021-09-07T23:16:17.897+0000][1][safepoint   ] Safepoint "Cleanup", Time since last: 209026357889 ns, Reaching safepoint: 116196 ns, At safepoint: 9934 ns, Total: 126130 ns
[2021-09-07T23:41:17.087+0000][1][safepoint   ] Safepoint "Cleanup", Time since last: 1499189805441 ns, Reaching safepoint: 150387 ns, At safepoint: 11855 ns, Total: 162242 ns
[2021-09-07T23:51:49.167+0000][1][safepoint   ] Safepoint "Cleanup", Time since last: 632079426575 ns, Reaching safepoint: 155475 ns, At safepoint: 16910 ns, Total: 172385 ns
[2021-09-08T00:00:48.235+0000][1][safepoint   ] Safepoint "Cleanup", Time since last: 539068100958 ns, Reaching safepoint: 108473 ns, At safepoint: 16882 ns, Total: 125355 ns
[2021-09-08T00:03:18.254+0000][1][safepoint   ] Safepoint "Cleanup", Time since last: 150019149713 ns, Reaching safepoint: 108433 ns, At safepoint: 16848 ns, Total: 125281 ns
[2021-09-08T00:06:17.277+0000][1][safepoint   ] Safepoint "Cleanup", Time since last: 179022549950 ns, Reaching safepoint: 156318 ns, At safepoint: 19194 ns, Total: 175512 ns
[2021-09-08T00:21:18.389+0000][1][safepoint   ] Safepoint "Cleanup", Time since last: 901111730215 ns, Reaching safepoint: 222321 ns, At safepoint: 32938 ns, Total: 255259 ns
[2021-09-08T00:59:17.673+0000][1][safepoint   ] Safepoint "Cleanup", Time since last: 2279283806873 ns, Reaching safepoint: 141714 ns, At safepoint: 12766 ns, Total: 154480 ns
[2021-09-08T01:04:48.714+0000][1][safepoint   ] Safepoint "Cleanup", Time since last: 331040983928 ns, Reaching safepoint: 131710 ns, At safepoint: 10184 ns, Total: 141894 ns
[2021-09-08T01:09:48.752+0000][1][safepoint   ] Safepoint "Cleanup", Time since last: 300037204452 ns, Reaching safepoint: 163530 ns, At safepoint: 19754 ns, Total: 183284 ns
[2021-09-08T01:11:18.763+0000][1][safepoint   ] Safepoint "Cleanup", Time since last: 90010940379 ns, Reaching safepoint: 170658 ns, At safepoint: 8505 ns, Total: 179163 ns
[2021-09-08T01:41:17.987+0000][1][safepoint   ] Safepoint "Cleanup", Time since last: 1799223957737 ns, Reaching safepoint: 190177 ns, At safepoint: 17015 ns, Total: 207192 ns
[2021-09-08T01:56:17.099+0000][1][safepoint   ] Safepoint "Cleanup", Time since last: 899111858779 ns, Reaching safepoint: 118403 ns, At safepoint: 13525 ns, Total: 131928 ns
[2021-09-08T02:01:17.138+0000][1][safepoint   ] Safepoint "Cleanup", Time since last: 300038670026 ns, Reaching safepoint: 100420 ns, At safepoint: 9056 ns, Total: 109476 ns
[2021-09-08T02:08:49.194+0000][1][safepoint   ] Safepoint "Cleanup", Time since last: 452056352018 ns, Reaching safepoint: 138124 ns, At safepoint: 16360 ns, Total: 154484 ns
[2021-09-08T02:21:49.292+0000][1][safepoint   ] Safepoint "Cleanup", Time since last: 780097957194 ns, Reaching safepoint: 152667 ns, At safepoint: 23993 ns, Total: 176660 ns
[2021-09-08T02:26:49.330+0000][1][safepoint   ] Safepoint "Cleanup", Time since last: 300037580130 ns, Reaching safepoint: 144309 ns, At safepoint: 21745 ns, Total: 166054 ns
[2021-09-08T02:31:49.366+0000][1][safepoint   ] Safepoint "Cleanup", Time since last: 300036161150 ns, Reaching safepoint: 162619 ns, At safepoint: 19166 ns, Total: 181785 ns
[2021-09-08T02:33:28.379+0000][1][safepoint   ] Safepoint "Cleanup", Time since last: 99012286638 ns, Reaching safepoint: 172496 ns, At safepoint: 8953 ns, Total: 181449 ns
[2021-09-08T03:01:17.586+0000][1][safepoint   ] Safepoint "Cleanup", Time since last: 1669207171844 ns, Reaching safepoint: 154410 ns, At safepoint: 15369 ns, Total: 169779 ns
[2021-09-08T03:05:49.620+0000][1][safepoint   ] Safepoint "Cleanup", Time since last: 272033706900 ns, Reaching safepoint: 109640 ns, At safepoint: 17262 ns, Total: 126902 ns
[2021-09-08T03:13:19.676+0000][1][safepoint   ] Safepoint "Cleanup", Time since last: 450056114377 ns, Reaching safepoint: 134139 ns, At safepoint: 17118 ns, Total: 151257 ns
[2021-09-08T03:26:17.773+0000][1][safepoint   ] Safepoint "Cleanup", Time since last: 778096544346 ns, Reaching safepoint: 108458 ns, At safepoint: 10911 ns, Total: 119369 ns
[2021-09-08T03:26:19.773+0000][1][safepoint   ] Safepoint "Cleanup", Time since last: 2000359483 ns, Reaching safepoint: 85268 ns, At safepoint: 10411 ns, Total: 95679 ns
[2021-09-08T03:59:49.025+0000][1][safepoint   ] Safepoint "Cleanup", Time since last: 2009251051731 ns, Reaching safepoint: 153945 ns, At safepoint: 18870 ns, Total: 172815 ns
[2021-09-08T04:06:48.077+0000][1][safepoint   ] Safepoint "Cleanup", Time since last: 419052490305 ns, Reaching safepoint: 160179 ns, At safepoint: 18991 ns, Total: 179170 ns
[2021-09-08T04:16:18.148+0000][1][safepoint   ] Safepoint "Cleanup", Time since last: 570070213563 ns, Reaching safepoint: 109636 ns, At safepoint: 9854 ns, Total: 119490 ns
[2021-09-08T04:21:17.184+0000][1][safepoint   ] Safepoint "Cleanup", Time since last: 299036750897 ns, Reaching safepoint: 98924 ns, At safepoint: 9126 ns, Total: 108050 ns
[2021-09-08T04:23:19.200+0000][1][safepoint   ] Safepoint "Cleanup", Time since last: 122015044157 ns, Reaching safepoint: 102940 ns, At safepoint: 16153 ns, Total: 119093 ns
[2021-09-08T04:26:48.226+0000][1][safepoint   ] Safepoint "Cleanup", Time since last: 209026228575 ns, Reaching safepoint: 108709 ns, At safepoint: 9735 ns, Total: 118444 ns
[2021-09-08T04:27:18.230+0000][1][safepoint   ] Safepoint "Cleanup", Time since last: 30003819889 ns, Reaching safepoint: 131085 ns, At safepoint: 10125 ns, Total: 141210 ns
[2021-09-08T04:27:48.234+0000][1][safepoint   ] Safepoint "Cleanup", Time since last: 30003884664 ns, Reaching safepoint: 110362 ns, At safepoint: 16351 ns, Total: 126713 ns
[2021-09-08T04:31:48.264+0000][1][safepoint   ] Safepoint "Cleanup", Time since last: 240029747871 ns, Reaching safepoint: 146520 ns, At safepoint: 15852 ns, Total: 162372 ns
[2021-09-08T04:36:17.297+0000][1][safepoint   ] Safepoint "Cleanup", Time since last: 269032593248 ns, Reaching safepoint: 146919 ns, At safepoint: 12126 ns, Total: 159045 ns
[2021-09-08T04:41:17.334+0000][1][safepoint   ] Safepoint "Cleanup", Time since last: 300037768454 ns, Reaching safepoint: 105093 ns, At safepoint: 15864 ns, Total: 120957 ns
[2021-09-08T04:43:19.350+0000][1][safepoint   ] Safepoint "Cleanup", Time since last: 122015514967 ns, Reaching safepoint: 163660 ns, At safepoint: 18464 ns, Total: 182124 ns
[2021-09-08T04:47:19.379+0000][1][safepoint   ] Safepoint "Cleanup", Time since last: 240028637522 ns, Reaching safepoint: 106849 ns, At safepoint: 9176 ns, Total: 116025 ns
[2021-09-08T04:48:49.391+0000][1][safepoint   ] Safepoint "Cleanup", Time since last: 90011502755 ns, Reaching safepoint: 113961 ns, At safepoint: 16511 ns, Total: 130472 ns
[2021-09-08T04:51:17.409+0000][1][safepoint   ] Safepoint "Cleanup", Time since last: 148018163968 ns, Reaching safepoint: 105668 ns, At safepoint: 9204 ns, Total: 114872 ns
[2021-09-08T04:55:10.534+0000][1][gc,heap,exit] Heap
[2021-09-08T04:55:10.534+0000][1][gc,heap,exit]  garbage-first heap   total 2097152K, used 1048933K [0x0000000080000000, 0x0000000100000000)
[2021-09-08T04:55:10.534+0000][1][gc,heap,exit]   region size 1024K, 1015 young (1039360K), 16 survivors (16384K)
[2021-09-08T04:55:10.534+0000][1][gc,heap,exit]  Metaspace       used 71155K, committed 71744K, reserved 1114112K
[2021-09-08T04:55:10.534+0000][1][gc,heap,exit]   class space    used 9411K, committed 9728K, reserved 1048576K
