[2021-09-03T17:42:37.185+0000][1][gc] Using G1
[2021-09-03T17:42:37.195+0000][1][gc,init] Version: 16.0.1+9 (release)
[2021-09-03T17:42:37.195+0000][1][gc,init] CPUs: 12 total, 12 available
[2021-09-03T17:42:37.195+0000][1][gc,init] Memory: 15867M
[2021-09-03T17:42:37.195+0000][1][gc,init] Large Page Support: Disabled
[2021-09-03T17:42:37.195+0000][1][gc,init] NUMA Support: Disabled
[2021-09-03T17:42:37.195+0000][1][gc,init] Compressed Oops: Enabled (32-bit)
[2021-09-03T17:42:37.195+0000][1][gc,init] Heap Region Size: 1M
[2021-09-03T17:42:37.195+0000][1][gc,init] Heap Min Capacity: 2G
[2021-09-03T17:42:37.195+0000][1][gc,init] Heap Initial Capacity: 2G
[2021-09-03T17:42:37.195+0000][1][gc,init] Heap Max Capacity: 2G
[2021-09-03T17:42:37.195+0000][1][gc,init] Pre-touch: Disabled
[2021-09-03T17:42:37.195+0000][1][gc,init] Parallel Workers: 10
[2021-09-03T17:42:37.195+0000][1][gc,init] Concurrent Workers: 3
[2021-09-03T17:42:37.195+0000][1][gc,init] Concurrent Refinement Workers: 10
[2021-09-03T17:42:37.195+0000][1][gc,init] Periodic GC: Disabled
[2021-09-03T17:42:37.196+0000][1][gc,metaspace] CDS archive(s) mapped at: [0x0000000800000000-0x0000000800bea000-0x0000000800bea000), size 12492800, SharedBaseAddress: 0x0000000800000000, ArchiveRelocationMode: 0.
[2021-09-03T17:42:37.196+0000][1][gc,metaspace] Compressed class space mapped at: 0x0000000800c00000-0x0000000840c00000, reserved size: 1073741824
[2021-09-03T17:42:37.196+0000][1][gc,metaspace] Narrow klass base: 0x0000000800000000, Narrow klass shift: 3, Narrow klass range: 0x100000000
[2021-09-03T17:42:37.853+0000][1][safepoint   ] Safepoint "ICBufferFull", Time since last: 580332359 ns, Reaching safepoint: 155474 ns, At safepoint: 5635 ns, Total: 161109 ns
[2021-09-03T17:42:38.443+0000][1][safepoint   ] Safepoint "ICBufferFull", Time since last: 589559173 ns, Reaching safepoint: 75715 ns, At safepoint: 1925 ns, Total: 77640 ns
[2021-09-03T17:42:38.524+0000][1][gc,start    ] GC(0) Pause Young (Normal) (G1 Evacuation Pause)
[2021-09-03T17:42:38.524+0000][1][gc,task     ] GC(0) Using 10 workers of 10 for evacuation
[2021-09-03T17:42:38.524+0000][1][gc,age      ] GC(0) Desired survivor size 6815744 bytes, new threshold 15 (max threshold 15)
[2021-09-03T17:42:38.529+0000][1][gc,age      ] GC(0) Age table with threshold 15 (max threshold 15)
[2021-09-03T17:42:38.529+0000][1][gc,age      ] GC(0) - age   1:    9775152 bytes,    9775152 total
[2021-09-03T17:42:38.529+0000][1][gc,phases   ] GC(0)   Pre Evacuate Collection Set: 0.1ms
[2021-09-03T17:42:38.529+0000][1][gc,phases   ] GC(0)   Merge Heap Roots: 0.0ms
[2021-09-03T17:42:38.529+0000][1][gc,phases   ] GC(0)   Evacuate Collection Set: 2.7ms
[2021-09-03T17:42:38.529+0000][1][gc,phases   ] GC(0)   Post Evacuate Collection Set: 1.6ms
[2021-09-03T17:42:38.529+0000][1][gc,phases   ] GC(0)   Other: 0.4ms
[2021-09-03T17:42:38.529+0000][1][gc,heap     ] GC(0) Eden regions: 102->0(99)
[2021-09-03T17:42:38.529+0000][1][gc,heap     ] GC(0) Survivor regions: 0->11(13)
[2021-09-03T17:42:38.529+0000][1][gc,heap     ] GC(0) Old regions: 0->0
[2021-09-03T17:42:38.529+0000][1][gc,heap     ] GC(0) Archive regions: 2->2
[2021-09-03T17:42:38.529+0000][1][gc,heap     ] GC(0) Humongous regions: 1->1
[2021-09-03T17:42:38.529+0000][1][gc,metaspace] GC(0) Metaspace: 14414K(14720K)->14414K(14720K) NonClass: 12773K(12928K)->12773K(12928K) Class: 1640K(1792K)->1640K(1792K)
[2021-09-03T17:42:38.529+0000][1][gc          ] GC(0) Pause Young (Normal) (G1 Evacuation Pause) 103M->12M(2048M) 4.869ms
[2021-09-03T17:42:38.529+0000][1][gc,cpu      ] GC(0) User=0.03s Sys=0.01s Real=0.00s
[2021-09-03T17:42:38.529+0000][1][safepoint   ] Safepoint "G1CollectForAllocation", Time since last: 81063529 ns, Reaching safepoint: 51841 ns, At safepoint: 4930365 ns, Total: 4982206 ns
[2021-09-03T17:42:38.645+0000][1][gc,start    ] GC(1) Pause Young (Normal) (G1 Evacuation Pause)
[2021-09-03T17:42:38.645+0000][1][gc,task     ] GC(1) Using 10 workers of 10 for evacuation
[2021-09-03T17:42:38.645+0000][1][gc,age      ] GC(1) Desired survivor size 7340032 bytes, new threshold 1 (max threshold 15)
[2021-09-03T17:42:38.650+0000][1][gc,age      ] GC(1) Age table with threshold 1 (max threshold 15)
[2021-09-03T17:42:38.650+0000][1][gc,age      ] GC(1) - age   1:    2290344 bytes,    2290344 total
[2021-09-03T17:42:38.650+0000][1][gc,phases   ] GC(1)   Pre Evacuate Collection Set: 0.2ms
[2021-09-03T17:42:38.650+0000][1][gc,phases   ] GC(1)   Merge Heap Roots: 0.0ms
[2021-09-03T17:42:38.650+0000][1][gc,phases   ] GC(1)   Evacuate Collection Set: 4.1ms
[2021-09-03T17:42:38.650+0000][1][gc,phases   ] GC(1)   Post Evacuate Collection Set: 0.5ms
[2021-09-03T17:42:38.650+0000][1][gc,phases   ] GC(1)   Other: 0.1ms
[2021-09-03T17:42:38.650+0000][1][gc,heap     ] GC(1) Eden regions: 99->0(123)
[2021-09-03T17:42:38.650+0000][1][gc,heap     ] GC(1) Survivor regions: 11->3(14)
[2021-09-03T17:42:38.650+0000][1][gc,heap     ] GC(1) Old regions: 0->9
[2021-09-03T17:42:38.650+0000][1][gc,heap     ] GC(1) Archive regions: 2->2
[2021-09-03T17:42:38.650+0000][1][gc,heap     ] GC(1) Humongous regions: 1->1
[2021-09-03T17:42:38.650+0000][1][gc,metaspace] GC(1) Metaspace: 14597K(14912K)->14597K(14912K) NonClass: 12949K(13120K)->12949K(13120K) Class: 1647K(1792K)->1647K(1792K)
[2021-09-03T17:42:38.650+0000][1][gc          ] GC(1) Pause Young (Normal) (G1 Evacuation Pause) 111M->12M(2048M) 4.981ms
[2021-09-03T17:42:38.650+0000][1][gc,cpu      ] GC(1) User=0.01s Sys=0.00s Real=0.00s
[2021-09-03T17:42:38.650+0000][1][safepoint   ] Safepoint "G1CollectForAllocation", Time since last: 116095697 ns, Reaching safepoint: 41435 ns, At safepoint: 5034910 ns, Total: 5076345 ns
[2021-09-03T17:42:38.894+0000][1][gc,start    ] GC(2) Pause Young (Concurrent Start) (Metadata GC Threshold)
[2021-09-03T17:42:38.894+0000][1][gc,task     ] GC(2) Using 10 workers of 10 for evacuation
[2021-09-03T17:42:38.894+0000][1][gc,age      ] GC(2) Desired survivor size 8388608 bytes, new threshold 15 (max threshold 15)
[2021-09-03T17:42:38.895+0000][1][gc,age      ] GC(2) Age table with threshold 15 (max threshold 15)
[2021-09-03T17:42:38.895+0000][1][gc,age      ] GC(2) - age   1:    1683352 bytes,    1683352 total
[2021-09-03T17:42:38.895+0000][1][gc,age      ] GC(2) - age   2:      27176 bytes,    1710528 total
[2021-09-03T17:42:38.895+0000][1][gc,phases   ] GC(2)   Pre Evacuate Collection Set: 0.2ms
[2021-09-03T17:42:38.895+0000][1][gc,phases   ] GC(2)   Merge Heap Roots: 0.0ms
[2021-09-03T17:42:38.895+0000][1][gc,phases   ] GC(2)   Evacuate Collection Set: 0.7ms
[2021-09-03T17:42:38.895+0000][1][gc,phases   ] GC(2)   Post Evacuate Collection Set: 0.2ms
[2021-09-03T17:42:38.895+0000][1][gc,phases   ] GC(2)   Other: 0.2ms
[2021-09-03T17:42:38.895+0000][1][gc,heap     ] GC(2) Eden regions: 36->0(168)
[2021-09-03T17:42:38.895+0000][1][gc,heap     ] GC(2) Survivor regions: 3->2(16)
[2021-09-03T17:42:38.895+0000][1][gc,heap     ] GC(2) Old regions: 9->9
[2021-09-03T17:42:38.895+0000][1][gc,heap     ] GC(2) Archive regions: 2->2
[2021-09-03T17:42:38.895+0000][1][gc,heap     ] GC(2) Humongous regions: 1->1
[2021-09-03T17:42:38.895+0000][1][gc,metaspace] GC(2) Metaspace: 21019K(21248K)->21019K(21248K) NonClass: 18454K(18560K)->18454K(18560K) Class: 2564K(2688K)->2564K(2688K)
[2021-09-03T17:42:38.895+0000][1][gc          ] GC(2) Pause Young (Concurrent Start) (Metadata GC Threshold) 48M->12M(2048M) 1.319ms
[2021-09-03T17:42:38.895+0000][1][gc,cpu      ] GC(2) User=0.01s Sys=0.00s Real=0.01s
[2021-09-03T17:42:38.895+0000][1][safepoint   ] Safepoint "CollectForMetadataAllocation", Time since last: 243572577 ns, Reaching safepoint: 95970 ns, At safepoint: 1370807 ns, Total: 1466777 ns
[2021-09-03T17:42:38.895+0000][1][gc          ] GC(3) Concurrent Mark Cycle
[2021-09-03T17:42:38.895+0000][1][gc,marking  ] GC(3) Concurrent Clear Claimed Marks
[2021-09-03T17:42:38.895+0000][1][gc,marking  ] GC(3) Concurrent Clear Claimed Marks 0.009ms
[2021-09-03T17:42:38.895+0000][1][gc,marking  ] GC(3) Concurrent Scan Root Regions
[2021-09-03T17:42:38.896+0000][1][gc,marking  ] GC(3) Concurrent Scan Root Regions 0.695ms
[2021-09-03T17:42:38.896+0000][1][gc,marking  ] GC(3) Concurrent Mark
[2021-09-03T17:42:38.896+0000][1][gc,marking  ] GC(3) Concurrent Mark From Roots
[2021-09-03T17:42:38.896+0000][1][gc,task     ] GC(3) Using 3 workers of 3 for marking
[2021-09-03T17:42:38.898+0000][1][gc,marking  ] GC(3) Concurrent Mark From Roots 2.568ms
[2021-09-03T17:42:38.898+0000][1][gc,marking  ] GC(3) Concurrent Preclean
[2021-09-03T17:42:38.898+0000][1][gc,marking  ] GC(3) Concurrent Preclean 0.067ms
[2021-09-03T17:42:38.898+0000][1][gc,start    ] GC(3) Pause Remark
[2021-09-03T17:42:38.899+0000][1][gc          ] GC(3) Pause Remark 13M->13M(2048M) 0.631ms
[2021-09-03T17:42:38.899+0000][1][gc,cpu      ] GC(3) User=0.00s Sys=0.01s Real=0.00s
[2021-09-03T17:42:38.899+0000][1][safepoint   ] Safepoint "G1Concurrent", Time since last: 3445915 ns, Reaching safepoint: 26177 ns, At safepoint: 658642 ns, Total: 684819 ns
[2021-09-03T17:42:38.899+0000][1][gc,marking  ] GC(3) Concurrent Mark 3.378ms
[2021-09-03T17:42:38.899+0000][1][gc,marking  ] GC(3) Concurrent Rebuild Remembered Sets
[2021-09-03T17:42:38.900+0000][1][gc,marking  ] GC(3) Concurrent Rebuild Remembered Sets 1.258ms
[2021-09-03T17:42:38.900+0000][1][gc,start    ] GC(3) Pause Cleanup
[2021-09-03T17:42:38.900+0000][1][gc          ] GC(3) Pause Cleanup 13M->13M(2048M) 0.077ms
[2021-09-03T17:42:38.900+0000][1][gc,cpu      ] GC(3) User=0.00s Sys=0.00s Real=0.00s
[2021-09-03T17:42:38.900+0000][1][safepoint   ] Safepoint "G1Concurrent", Time since last: 1299701 ns, Reaching safepoint: 77134 ns, At safepoint: 91397 ns, Total: 168531 ns
[2021-09-03T17:42:38.901+0000][1][gc,marking  ] GC(3) Concurrent Cleanup for Next Mark
[2021-09-03T17:42:38.903+0000][1][gc,marking  ] GC(3) Concurrent Cleanup for Next Mark 2.627ms
[2021-09-03T17:42:38.903+0000][1][gc          ] GC(3) Concurrent Mark Cycle 8.240ms
[2021-09-03T17:42:39.100+0000][1][safepoint   ] Safepoint "ICBufferFull", Time since last: 199858784 ns, Reaching safepoint: 92947 ns, At safepoint: 2869 ns, Total: 95816 ns
[2021-09-03T17:42:39.103+0000][1][safepoint   ] Safepoint "ICBufferFull", Time since last: 2080009 ns, Reaching safepoint: 87943 ns, At safepoint: 3843 ns, Total: 91786 ns
[2021-09-03T17:42:39.105+0000][1][safepoint   ] Safepoint "ICBufferFull", Time since last: 2442507 ns, Reaching safepoint: 28113 ns, At safepoint: 1793 ns, Total: 29906 ns
[2021-09-03T17:42:39.107+0000][1][safepoint   ] Safepoint "ICBufferFull", Time since last: 2156773 ns, Reaching safepoint: 101739 ns, At safepoint: 3679 ns, Total: 105418 ns
[2021-09-03T17:42:39.110+0000][1][safepoint   ] Safepoint "ICBufferFull", Time since last: 2452561 ns, Reaching safepoint: 25826 ns, At safepoint: 1433 ns, Total: 27259 ns
[2021-09-03T17:42:39.112+0000][1][safepoint   ] Safepoint "ICBufferFull", Time since last: 1905582 ns, Reaching safepoint: 53827 ns, At safepoint: 729 ns, Total: 54556 ns
[2021-09-03T17:42:39.115+0000][1][safepoint   ] Safepoint "ICBufferFull", Time since last: 3363757 ns, Reaching safepoint: 29421 ns, At safepoint: 2026 ns, Total: 31447 ns
[2021-09-03T17:42:39.118+0000][1][safepoint   ] Safepoint "ICBufferFull", Time since last: 2343532 ns, Reaching safepoint: 18702 ns, At safepoint: 1581 ns, Total: 20283 ns
[2021-09-03T17:42:39.120+0000][1][safepoint   ] Safepoint "ICBufferFull", Time since last: 2165389 ns, Reaching safepoint: 21913 ns, At safepoint: 1443 ns, Total: 23356 ns
[2021-09-03T17:42:39.123+0000][1][safepoint   ] Safepoint "ICBufferFull", Time since last: 2992580 ns, Reaching safepoint: 18071 ns, At safepoint: 2556 ns, Total: 20627 ns
[2021-09-03T17:42:39.125+0000][1][safepoint   ] Safepoint "ICBufferFull", Time since last: 2118291 ns, Reaching safepoint: 13171 ns, At safepoint: 1379 ns, Total: 14550 ns
[2021-09-03T17:42:39.127+0000][1][safepoint   ] Safepoint "ICBufferFull", Time since last: 2420458 ns, Reaching safepoint: 106592 ns, At safepoint: 2217 ns, Total: 108809 ns
[2021-09-03T17:42:39.129+0000][1][safepoint   ] Safepoint "ICBufferFull", Time since last: 1727178 ns, Reaching safepoint: 16953 ns, At safepoint: 1874 ns, Total: 18827 ns
[2021-09-03T17:42:39.132+0000][1][safepoint   ] Safepoint "ICBufferFull", Time since last: 2928530 ns, Reaching safepoint: 96165 ns, At safepoint: 2424 ns, Total: 98589 ns
[2021-09-03T17:42:39.134+0000][1][safepoint   ] Safepoint "ICBufferFull", Time since last: 1690473 ns, Reaching safepoint: 19299 ns, At safepoint: 1545 ns, Total: 20844 ns
[2021-09-03T17:42:39.136+0000][1][safepoint   ] Safepoint "ICBufferFull", Time since last: 1893608 ns, Reaching safepoint: 16860 ns, At safepoint: 13055 ns, Total: 29915 ns
[2021-09-03T17:42:39.138+0000][1][safepoint   ] Safepoint "ICBufferFull", Time since last: 1710622 ns, Reaching safepoint: 15280 ns, At safepoint: 1033 ns, Total: 16313 ns
[2021-09-03T17:42:39.140+0000][1][safepoint   ] Safepoint "ICBufferFull", Time since last: 2074683 ns, Reaching safepoint: 21553 ns, At safepoint: 2000 ns, Total: 23553 ns
[2021-09-03T17:42:39.444+0000][1][safepoint   ] Safepoint "ICBufferFull", Time since last: 304688408 ns, Reaching safepoint: 91409 ns, At safepoint: 2849 ns, Total: 94258 ns
[2021-09-03T17:42:39.664+0000][1][gc,start    ] GC(4) Pause Young (Concurrent Start) (Metadata GC Threshold)
[2021-09-03T17:42:39.664+0000][1][gc,task     ] GC(4) Using 10 workers of 10 for evacuation
[2021-09-03T17:42:39.664+0000][1][gc,age      ] GC(4) Desired survivor size 12058624 bytes, new threshold 15 (max threshold 15)
[2021-09-03T17:42:39.668+0000][1][gc,age      ] GC(4) Age table with threshold 15 (max threshold 15)
[2021-09-03T17:42:39.668+0000][1][gc,age      ] GC(4) - age   1:    5536104 bytes,    5536104 total
[2021-09-03T17:42:39.668+0000][1][gc,age      ] GC(4) - age   2:    1624320 bytes,    7160424 total
[2021-09-03T17:42:39.668+0000][1][gc,age      ] GC(4) - age   3:      26856 bytes,    7187280 total
[2021-09-03T17:42:39.668+0000][1][gc,phases   ] GC(4)   Pre Evacuate Collection Set: 0.2ms
[2021-09-03T17:42:39.668+0000][1][gc,phases   ] GC(4)   Merge Heap Roots: 0.1ms
[2021-09-03T17:42:39.668+0000][1][gc,phases   ] GC(4)   Evacuate Collection Set: 2.7ms
[2021-09-03T17:42:39.668+0000][1][gc,phases   ] GC(4)   Post Evacuate Collection Set: 0.4ms
[2021-09-03T17:42:39.668+0000][1][gc,phases   ] GC(4)   Other: 0.2ms
[2021-09-03T17:42:39.668+0000][1][gc,heap     ] GC(4) Eden regions: 119->0(758)
[2021-09-03T17:42:39.668+0000][1][gc,heap     ] GC(4) Survivor regions: 2->8(23)
[2021-09-03T17:42:39.668+0000][1][gc,heap     ] GC(4) Old regions: 9->9
[2021-09-03T17:42:39.668+0000][1][gc,heap     ] GC(4) Archive regions: 2->2
[2021-09-03T17:42:39.668+0000][1][gc,heap     ] GC(4) Humongous regions: 2->1
[2021-09-03T17:42:39.668+0000][1][gc,metaspace] GC(4) Metaspace: 35353K(35648K)->35353K(35648K) NonClass: 30759K(30912K)->30759K(30912K) Class: 4594K(4736K)->4594K(4736K)
[2021-09-03T17:42:39.668+0000][1][gc          ] GC(4) Pause Young (Concurrent Start) (Metadata GC Threshold) 132M->17M(2048M) 3.546ms
[2021-09-03T17:42:39.668+0000][1][gc,cpu      ] GC(4) User=0.03s Sys=0.00s Real=0.00s
[2021-09-03T17:42:39.668+0000][1][gc          ] GC(5) Concurrent Mark Cycle
[2021-09-03T17:42:39.668+0000][1][safepoint   ] Safepoint "CollectForMetadataAllocation", Time since last: 219748255 ns, Reaching safepoint: 127293 ns, At safepoint: 3596832 ns, Total: 3724125 ns
[2021-09-03T17:42:39.668+0000][1][gc,marking  ] GC(5) Concurrent Clear Claimed Marks
[2021-09-03T17:42:39.668+0000][1][gc,marking  ] GC(5) Concurrent Clear Claimed Marks 0.024ms
[2021-09-03T17:42:39.668+0000][1][gc,marking  ] GC(5) Concurrent Scan Root Regions
[2021-09-03T17:42:39.669+0000][1][gc,marking  ] GC(5) Concurrent Scan Root Regions 1.331ms
[2021-09-03T17:42:39.669+0000][1][gc,marking  ] GC(5) Concurrent Mark
[2021-09-03T17:42:39.669+0000][1][gc,marking  ] GC(5) Concurrent Mark From Roots
[2021-09-03T17:42:39.669+0000][1][gc,task     ] GC(5) Using 3 workers of 3 for marking
[2021-09-03T17:42:39.673+0000][1][gc,marking  ] GC(5) Concurrent Mark From Roots 3.463ms
[2021-09-03T17:42:39.673+0000][1][gc,marking  ] GC(5) Concurrent Preclean
[2021-09-03T17:42:39.673+0000][1][gc,marking  ] GC(5) Concurrent Preclean 0.086ms
[2021-09-03T17:42:39.673+0000][1][gc,start    ] GC(5) Pause Remark
[2021-09-03T17:42:39.674+0000][1][gc          ] GC(5) Pause Remark 18M->18M(2048M) 0.964ms
[2021-09-03T17:42:39.674+0000][1][gc,cpu      ] GC(5) User=0.00s Sys=0.00s Real=0.00s
[2021-09-03T17:42:39.674+0000][1][safepoint   ] Safepoint "G1Concurrent", Time since last: 4987018 ns, Reaching safepoint: 86780 ns, At safepoint: 1000535 ns, Total: 1087315 ns
[2021-09-03T17:42:39.674+0000][1][gc,marking  ] GC(5) Concurrent Mark 4.698ms
[2021-09-03T17:42:39.674+0000][1][gc,marking  ] GC(5) Concurrent Rebuild Remembered Sets
[2021-09-03T17:42:39.676+0000][1][gc,marking  ] GC(5) Concurrent Rebuild Remembered Sets 1.871ms
[2021-09-03T17:42:39.676+0000][1][gc,start    ] GC(5) Pause Cleanup
[2021-09-03T17:42:39.676+0000][1][gc          ] GC(5) Pause Cleanup 19M->19M(2048M) 0.146ms
[2021-09-03T17:42:39.676+0000][1][gc,cpu      ] GC(5) User=0.00s Sys=0.00s Real=0.00s
[2021-09-03T17:42:39.676+0000][1][safepoint   ] Safepoint "G1Concurrent", Time since last: 1923480 ns, Reaching safepoint: 83283 ns, At safepoint: 162387 ns, Total: 245670 ns
[2021-09-03T17:42:39.676+0000][1][gc,marking  ] GC(5) Concurrent Cleanup for Next Mark
[2021-09-03T17:42:39.679+0000][1][gc,marking  ] GC(5) Concurrent Cleanup for Next Mark 3.288ms
[2021-09-03T17:42:39.679+0000][1][gc          ] GC(5) Concurrent Mark Cycle 11.587ms
[2021-09-03T17:42:39.886+0000][1][safepoint   ] Safepoint "ICBufferFull", Time since last: 209372584 ns, Reaching safepoint: 561897 ns, At safepoint: 4339 ns, Total: 566236 ns
[2021-09-03T17:42:40.100+0000][1][safepoint   ] Safepoint "ICBufferFull", Time since last: 213752881 ns, Reaching safepoint: 112388 ns, At safepoint: 3965 ns, Total: 116353 ns
[2021-09-03T17:42:40.339+0000][1][safepoint   ] Safepoint "ICBufferFull", Time since last: 238746349 ns, Reaching safepoint: 127493 ns, At safepoint: 2967 ns, Total: 130460 ns
[2021-09-03T17:42:40.784+0000][1][safepoint   ] Safepoint "ICBufferFull", Time since last: 444830614 ns, Reaching safepoint: 147350 ns, At safepoint: 4859 ns, Total: 152209 ns
[2021-09-03T17:42:40.915+0000][1][gc,start    ] GC(6) Pause Young (Concurrent Start) (Metadata GC Threshold)
[2021-09-03T17:42:40.915+0000][1][gc,task     ] GC(6) Using 10 workers of 10 for evacuation
[2021-09-03T17:42:40.915+0000][1][gc,age      ] GC(6) Desired survivor size 55574528 bytes, new threshold 15 (max threshold 15)
[2021-09-03T17:42:40.921+0000][1][gc,age      ] GC(6) Age table with threshold 15 (max threshold 15)
[2021-09-03T17:42:40.921+0000][1][gc,age      ] GC(6) - age   1:    8555184 bytes,    8555184 total
[2021-09-03T17:42:40.921+0000][1][gc,age      ] GC(6) - age   2:    5316192 bytes,   13871376 total
[2021-09-03T17:42:40.921+0000][1][gc,age      ] GC(6) - age   3:    1604264 bytes,   15475640 total
[2021-09-03T17:42:40.921+0000][1][gc,age      ] GC(6) - age   4:      26504 bytes,   15502144 total
[2021-09-03T17:42:40.921+0000][1][gc,phases   ] GC(6)   Pre Evacuate Collection Set: 0.2ms
[2021-09-03T17:42:40.921+0000][1][gc,phases   ] GC(6)   Merge Heap Roots: 0.0ms
[2021-09-03T17:42:40.921+0000][1][gc,phases   ] GC(6)   Evacuate Collection Set: 5.1ms
[2021-09-03T17:42:40.921+0000][1][gc,phases   ] GC(6)   Post Evacuate Collection Set: 0.5ms
[2021-09-03T17:42:40.921+0000][1][gc,phases   ] GC(6)   Other: 0.2ms
[2021-09-03T17:42:40.921+0000][1][gc,heap     ] GC(6) Eden regions: 109->0(844)
[2021-09-03T17:42:40.921+0000][1][gc,heap     ] GC(6) Survivor regions: 8->16(106)
[2021-09-03T17:42:40.921+0000][1][gc,heap     ] GC(6) Old regions: 9->9
[2021-09-03T17:42:40.921+0000][1][gc,heap     ] GC(6) Archive regions: 2->2
[2021-09-03T17:42:40.921+0000][1][gc,heap     ] GC(6) Humongous regions: 1->1
[2021-09-03T17:42:40.921+0000][1][gc,metaspace] GC(6) Metaspace: 59145K(59648K)->59145K(59648K) NonClass: 51131K(51392K)->51131K(51392K) Class: 8013K(8256K)->8013K(8256K)
[2021-09-03T17:42:40.921+0000][1][gc          ] GC(6) Pause Young (Concurrent Start) (Metadata GC Threshold) 126M->25M(2048M) 6.016ms
[2021-09-03T17:42:40.921+0000][1][gc,cpu      ] GC(6) User=0.05s Sys=0.00s Real=0.00s
[2021-09-03T17:42:40.921+0000][1][gc          ] GC(7) Concurrent Mark Cycle
[2021-09-03T17:42:40.921+0000][1][safepoint   ] Safepoint "CollectForMetadataAllocation", Time since last: 131493914 ns, Reaching safepoint: 51215 ns, At safepoint: 6072911 ns, Total: 6124126 ns
[2021-09-03T17:42:40.921+0000][1][gc,marking  ] GC(7) Concurrent Clear Claimed Marks
[2021-09-03T17:42:40.921+0000][1][gc,marking  ] GC(7) Concurrent Clear Claimed Marks 0.043ms
[2021-09-03T17:42:40.922+0000][1][gc,marking  ] GC(7) Concurrent Scan Root Regions
[2021-09-03T17:42:40.924+0000][1][gc,marking  ] GC(7) Concurrent Scan Root Regions 2.882ms
[2021-09-03T17:42:40.924+0000][1][gc,marking  ] GC(7) Concurrent Mark
[2021-09-03T17:42:40.924+0000][1][gc,marking  ] GC(7) Concurrent Mark From Roots
[2021-09-03T17:42:40.924+0000][1][gc,task     ] GC(7) Using 3 workers of 3 for marking
[2021-09-03T17:42:40.927+0000][1][gc,marking  ] GC(7) Concurrent Mark From Roots 2.736ms
[2021-09-03T17:42:40.927+0000][1][gc,marking  ] GC(7) Concurrent Preclean
[2021-09-03T17:42:40.927+0000][1][gc,marking  ] GC(7) Concurrent Preclean 0.077ms
[2021-09-03T17:42:40.927+0000][1][gc,start    ] GC(7) Pause Remark
[2021-09-03T17:42:40.928+0000][1][gc          ] GC(7) Pause Remark 27M->27M(2048M) 1.082ms
[2021-09-03T17:42:40.928+0000][1][gc,cpu      ] GC(7) User=0.01s Sys=0.00s Real=0.00s
[2021-09-03T17:42:40.928+0000][1][safepoint   ] Safepoint "G1Concurrent", Time since last: 5832460 ns, Reaching safepoint: 22659 ns, At safepoint: 1129323 ns, Total: 1151982 ns
[2021-09-03T17:42:40.928+0000][1][gc,marking  ] GC(7) Concurrent Mark 4.025ms
[2021-09-03T17:42:40.928+0000][1][gc,marking  ] GC(7) Concurrent Rebuild Remembered Sets
[2021-09-03T17:42:40.930+0000][1][gc,marking  ] GC(7) Concurrent Rebuild Remembered Sets 1.659ms
[2021-09-03T17:42:40.930+0000][1][gc,start    ] GC(7) Pause Cleanup
[2021-09-03T17:42:40.930+0000][1][gc          ] GC(7) Pause Cleanup 28M->28M(2048M) 0.122ms
[2021-09-03T17:42:40.930+0000][1][gc,cpu      ] GC(7) User=0.00s Sys=0.00s Real=0.00s
[2021-09-03T17:42:40.930+0000][1][safepoint   ] Safepoint "G1Concurrent", Time since last: 1715923 ns, Reaching safepoint: 152253 ns, At safepoint: 150865 ns, Total: 303118 ns
[2021-09-03T17:42:40.930+0000][1][gc,marking  ] GC(7) Concurrent Cleanup for Next Mark
[2021-09-03T17:42:40.933+0000][1][gc,marking  ] GC(7) Concurrent Cleanup for Next Mark 2.414ms
[2021-09-03T17:42:40.933+0000][1][gc          ] GC(7) Concurrent Mark Cycle 11.469ms
[2021-09-03T17:42:41.931+0000][1][safepoint   ] Safepoint "Cleanup", Time since last: 1000077733 ns, Reaching safepoint: 53314 ns, At safepoint: 3702 ns, Total: 57016 ns
[2021-09-03T17:42:43.931+0000][1][safepoint   ] Safepoint "Cleanup", Time since last: 2000224965 ns, Reaching safepoint: 31797 ns, At safepoint: 24698 ns, Total: 56495 ns
[2021-09-03T17:42:44.931+0000][1][safepoint   ] Safepoint "Cleanup", Time since last: 1000096931 ns, Reaching safepoint: 30523 ns, At safepoint: 14098 ns, Total: 44621 ns
[2021-09-03T17:42:45.931+0000][1][safepoint   ] Safepoint "Cleanup", Time since last: 1000159476 ns, Reaching safepoint: 141927 ns, At safepoint: 13056 ns, Total: 154983 ns
[2021-09-03T17:42:46.932+0000][1][safepoint   ] Safepoint "Cleanup", Time since last: 1000203392 ns, Reaching safepoint: 120986 ns, At safepoint: 10900 ns, Total: 131886 ns
[2021-09-03T17:42:48.932+0000][1][safepoint   ] Safepoint "Cleanup", Time since last: 2000343556 ns, Reaching safepoint: 96681 ns, At safepoint: 8554 ns, Total: 105235 ns
[2021-09-03T17:42:49.932+0000][1][safepoint   ] Safepoint "Cleanup", Time since last: 1000208424 ns, Reaching safepoint: 97154 ns, At safepoint: 10258 ns, Total: 107412 ns
[2021-09-03T17:42:57.934+0000][1][safepoint   ] Safepoint "Cleanup", Time since last: 8001145377 ns, Reaching safepoint: 95210 ns, At safepoint: 8900 ns, Total: 104110 ns
[2021-09-03T17:43:04.312+0000][1][safepoint   ] Safepoint "Cleanup", Time since last: 7000960895 ns, Reaching safepoint: 68335 ns, At safepoint: 9103 ns, Total: 77438 ns
[2021-09-03T17:43:08.313+0000][1][safepoint   ] Safepoint "Cleanup", Time since last: 4000605634 ns, Reaching safepoint: 100430 ns, At safepoint: 8724 ns, Total: 109154 ns
[2021-09-03T17:43:10.313+0000][1][safepoint   ] Safepoint "Cleanup", Time since last: 2000367113 ns, Reaching safepoint: 100029 ns, At safepoint: 8413 ns, Total: 108442 ns
[2021-09-03T17:43:12.313+0000][1][safepoint   ] Safepoint "Cleanup", Time since last: 2000389856 ns, Reaching safepoint: 25294 ns, At safepoint: 2565 ns, Total: 27859 ns
[2021-09-03T17:43:24.315+0000][1][safepoint   ] Safepoint "Cleanup", Time since last: 12001595019 ns, Reaching safepoint: 69204 ns, At safepoint: 8853 ns, Total: 78057 ns
[2021-09-03T17:43:25.315+0000][1][safepoint   ] Safepoint "Cleanup", Time since last: 1000212550 ns, Reaching safepoint: 59659 ns, At safepoint: 8017 ns, Total: 67676 ns
[2021-09-03T17:43:39.317+0000][1][safepoint   ] Safepoint "Cleanup", Time since last: 14001473337 ns, Reaching safepoint: 67728 ns, At safepoint: 8323 ns, Total: 76051 ns
[2021-09-03T17:43:40.317+0000][1][safepoint   ] Safepoint "Cleanup", Time since last: 1000155444 ns, Reaching safepoint: 89208 ns, At safepoint: 8726 ns, Total: 97934 ns
[2021-09-03T17:43:41.317+0000][1][safepoint   ] Safepoint "Cleanup", Time since last: 1000189816 ns, Reaching safepoint: 57342 ns, At safepoint: 7540 ns, Total: 64882 ns
[2021-09-03T17:43:44.318+0000][1][safepoint   ] Safepoint "Cleanup", Time since last: 3000311452 ns, Reaching safepoint: 66529 ns, At safepoint: 8194 ns, Total: 74723 ns
[2021-09-03T17:43:45.318+0000][1][safepoint   ] Safepoint "Cleanup", Time since last: 1000162110 ns, Reaching safepoint: 57300 ns, At safepoint: 7442 ns, Total: 64742 ns
[2021-09-03T17:43:52.319+0000][1][safepoint   ] Safepoint "Cleanup", Time since last: 7000670743 ns, Reaching safepoint: 133972 ns, At safepoint: 9174 ns, Total: 143146 ns
[2021-09-03T17:43:54.319+0000][1][safepoint   ] Safepoint "Cleanup", Time since last: 2000231625 ns, Reaching safepoint: 86966 ns, At safepoint: 8333 ns, Total: 95299 ns
[2021-09-03T17:44:05.328+0000][1][safepoint   ] Safepoint "Cleanup", Time since last: 11008177381 ns, Reaching safepoint: 100735 ns, At safepoint: 9104 ns, Total: 109839 ns
[2021-09-03T17:44:15.350+0000][1][safepoint   ] Safepoint "Cleanup", Time since last: 10021972351 ns, Reaching safepoint: 95850 ns, At safepoint: 8461 ns, Total: 104311 ns
[2021-09-03T17:44:16.351+0000][1][safepoint   ] Safepoint "Cleanup", Time since last: 1001581233 ns, Reaching safepoint: 64387 ns, At safepoint: 8022 ns, Total: 72409 ns
[2021-09-03T17:44:17.353+0000][1][safepoint   ] Safepoint "Cleanup", Time since last: 1001415888 ns, Reaching safepoint: 60864 ns, At safepoint: 7807 ns, Total: 68671 ns
[2021-09-03T17:44:20.356+0000][1][safepoint   ] Safepoint "Cleanup", Time since last: 3002790667 ns, Reaching safepoint: 105813 ns, At safepoint: 8410 ns, Total: 114223 ns
[2021-09-03T17:44:22.357+0000][1][safepoint   ] Safepoint "Cleanup", Time since last: 2000925785 ns, Reaching safepoint: 66851 ns, At safepoint: 8011 ns, Total: 74862 ns
[2021-09-03T17:44:25.359+0000][1][safepoint   ] Safepoint "Cleanup", Time since last: 3001965421 ns, Reaching safepoint: 169701 ns, At safepoint: 13604 ns, Total: 183305 ns
[2021-09-03T17:44:34.361+0000][1][safepoint   ] Safepoint "Cleanup", Time since last: 9002452580 ns, Reaching safepoint: 69361 ns, At safepoint: 8402 ns, Total: 77763 ns
[2021-09-03T17:44:40.363+0000][1][safepoint   ] Safepoint "Cleanup", Time since last: 6001318398 ns, Reaching safepoint: 67965 ns, At safepoint: 8258 ns, Total: 76223 ns
[2021-09-03T17:44:43.363+0000][1][safepoint   ] Safepoint "Cleanup", Time since last: 3000489818 ns, Reaching safepoint: 70104 ns, At safepoint: 8281 ns, Total: 78385 ns
[2021-09-03T17:44:47.364+0000][1][safepoint   ] Safepoint "Cleanup", Time since last: 4000781323 ns, Reaching safepoint: 22655 ns, At safepoint: 1918 ns, Total: 24573 ns
[2021-09-03T17:44:49.365+0000][1][safepoint   ] Safepoint "Cleanup", Time since last: 2000577869 ns, Reaching safepoint: 63917 ns, At safepoint: 8177 ns, Total: 72094 ns
[2021-09-03T17:44:50.365+0000][1][safepoint   ] Safepoint "Cleanup", Time since last: 1000229996 ns, Reaching safepoint: 117560 ns, At safepoint: 12872 ns, Total: 130432 ns
[2021-09-03T17:44:52.366+0000][1][safepoint   ] Safepoint "Cleanup", Time since last: 2000585400 ns, Reaching safepoint: 167386 ns, At safepoint: 14827 ns, Total: 182213 ns
[2021-09-03T17:45:03.369+0000][1][safepoint   ] Safepoint "Cleanup", Time since last: 11002597898 ns, Reaching safepoint: 99218 ns, At safepoint: 8669 ns, Total: 107887 ns
[2021-09-03T17:45:09.370+0000][1][safepoint   ] Safepoint "Cleanup", Time since last: 6001247646 ns, Reaching safepoint: 67754 ns, At safepoint: 8226 ns, Total: 75980 ns
[2021-09-03T17:45:10.370+0000][1][safepoint   ] Safepoint "Cleanup", Time since last: 1000280506 ns, Reaching safepoint: 69396 ns, At safepoint: 8450 ns, Total: 77846 ns
[2021-09-03T17:45:11.371+0000][1][safepoint   ] Safepoint "Cleanup", Time since last: 1000300194 ns, Reaching safepoint: 178378 ns, At safepoint: 14986 ns, Total: 193364 ns
[2021-09-03T17:45:12.371+0000][1][safepoint   ] Safepoint "Cleanup", Time since last: 1000289819 ns, Reaching safepoint: 58139 ns, At safepoint: 7594 ns, Total: 65733 ns
[2021-09-03T17:45:14.372+0000][1][safepoint   ] Safepoint "Cleanup", Time since last: 2000438775 ns, Reaching safepoint: 182631 ns, At safepoint: 24766 ns, Total: 207397 ns
[2021-09-03T17:45:17.373+0000][1][safepoint   ] Safepoint "Cleanup", Time since last: 3000655825 ns, Reaching safepoint: 107217 ns, At safepoint: 10395 ns, Total: 117612 ns
[2021-09-03T17:45:49.377+0000][1][safepoint   ] Safepoint "Cleanup", Time since last: 32004627619 ns, Reaching safepoint: 124074 ns, At safepoint: 8821 ns, Total: 132895 ns
[2021-09-03T17:46:10.379+0000][1][safepoint   ] Safepoint "Cleanup", Time since last: 21001744522 ns, Reaching safepoint: 124500 ns, At safepoint: 8835 ns, Total: 133335 ns
[2021-09-03T17:46:14.380+0000][1][safepoint   ] Safepoint "Cleanup", Time since last: 4000393370 ns, Reaching safepoint: 89791 ns, At safepoint: 9666 ns, Total: 99457 ns
[2021-09-03T17:46:15.380+0000][1][safepoint   ] Safepoint "Cleanup", Time since last: 1000131686 ns, Reaching safepoint: 59266 ns, At safepoint: 7586 ns, Total: 66852 ns
[2021-09-03T17:46:20.381+0000][1][safepoint   ] Safepoint "Cleanup", Time since last: 5000537556 ns, Reaching safepoint: 127682 ns, At safepoint: 9912 ns, Total: 137594 ns
[2021-09-03T17:46:28.382+0000][1][safepoint   ] Safepoint "Cleanup", Time since last: 8000843646 ns, Reaching safepoint: 106383 ns, At safepoint: 8401 ns, Total: 114784 ns
[2021-09-03T17:46:40.383+0000][1][safepoint   ] Safepoint "Cleanup", Time since last: 12001109953 ns, Reaching safepoint: 55440 ns, At safepoint: 2630 ns, Total: 58070 ns
[2021-09-03T17:46:42.383+0000][1][safepoint   ] Safepoint "Cleanup", Time since last: 2000144311 ns, Reaching safepoint: 32598 ns, At safepoint: 2285 ns, Total: 34883 ns
[2021-09-03T17:46:45.383+0000][1][safepoint   ] Safepoint "Cleanup", Time since last: 3000238296 ns, Reaching safepoint: 35450 ns, At safepoint: 4934 ns, Total: 40384 ns
[2021-09-03T17:46:46.383+0000][1][safepoint   ] Safepoint "Cleanup", Time since last: 1000150268 ns, Reaching safepoint: 46530 ns, At safepoint: 3339 ns, Total: 49869 ns
[2021-09-03T17:46:49.384+0000][1][safepoint   ] Safepoint "Cleanup", Time since last: 3000358121 ns, Reaching safepoint: 37512 ns, At safepoint: 2622 ns, Total: 40134 ns
[2021-09-03T17:46:57.385+0000][1][safepoint   ] Safepoint "Cleanup", Time since last: 8000844385 ns, Reaching safepoint: 39653 ns, At safepoint: 15086 ns, Total: 54739 ns
[2021-09-03T17:47:09.386+0000][1][safepoint   ] Safepoint "Cleanup", Time since last: 12000998399 ns, Reaching safepoint: 77125 ns, At safepoint: 6269 ns, Total: 83394 ns
[2021-09-03T17:47:10.386+0000][1][safepoint   ] Safepoint "Cleanup", Time since last: 1000158301 ns, Reaching safepoint: 53665 ns, At safepoint: 3862 ns, Total: 57527 ns
[2021-09-03T17:47:20.387+0000][1][safepoint   ] Safepoint "Cleanup", Time since last: 10001248923 ns, Reaching safepoint: 40364 ns, At safepoint: 2120 ns, Total: 42484 ns
[2021-09-03T17:47:36.389+0000][1][safepoint   ] Safepoint "Cleanup", Time since last: 16001733431 ns, Reaching safepoint: 41121 ns, At safepoint: 3040 ns, Total: 44161 ns
[2021-09-03T17:47:40.390+0000][1][safepoint   ] Safepoint "Cleanup", Time since last: 4000443328 ns, Reaching safepoint: 80474 ns, At safepoint: 8362 ns, Total: 88836 ns
[2021-09-03T17:47:44.390+0000][1][safepoint   ] Safepoint "Cleanup", Time since last: 4000654322 ns, Reaching safepoint: 136458 ns, At safepoint: 12896 ns, Total: 149354 ns
[2021-09-03T17:48:07.393+0000][1][safepoint   ] Safepoint "Cleanup", Time since last: 23002777083 ns, Reaching safepoint: 113451 ns, At safepoint: 8419 ns, Total: 121870 ns
[2021-09-03T17:48:15.394+0000][1][safepoint   ] Safepoint "Cleanup", Time since last: 8000982208 ns, Reaching safepoint: 108938 ns, At safepoint: 15590 ns, Total: 124528 ns
[2021-09-03T17:48:21.395+0000][1][safepoint   ] Safepoint "Cleanup", Time since last: 6000730671 ns, Reaching safepoint: 111564 ns, At safepoint: 8973 ns, Total: 120537 ns
[2021-09-03T17:48:52.399+0000][1][safepoint   ] Safepoint "Cleanup", Time since last: 31003387718 ns, Reaching safepoint: 42057 ns, At safepoint: 3021 ns, Total: 45078 ns
[2021-09-03T17:48:54.399+0000][1][safepoint   ] Safepoint "Cleanup", Time since last: 2000223358 ns, Reaching safepoint: 33095 ns, At safepoint: 15114 ns, Total: 48209 ns
[2021-09-03T17:49:01.400+0000][1][safepoint   ] Safepoint "Cleanup", Time since last: 7000755340 ns, Reaching safepoint: 43415 ns, At safepoint: 2317 ns, Total: 45732 ns
[2021-09-03T17:49:02.400+0000][1][safepoint   ] Safepoint "Cleanup", Time since last: 1000109825 ns, Reaching safepoint: 51390 ns, At safepoint: 2615 ns, Total: 54005 ns
[2021-09-03T17:49:10.401+0000][1][safepoint   ] Safepoint "Cleanup", Time since last: 8000711785 ns, Reaching safepoint: 90938 ns, At safepoint: 9929 ns, Total: 100867 ns
[2021-09-03T17:49:30.403+0000][1][safepoint   ] Safepoint "Cleanup", Time since last: 20002083736 ns, Reaching safepoint: 89743 ns, At safepoint: 9973 ns, Total: 99716 ns
[2021-09-03T17:49:31.403+0000][1][safepoint   ] Safepoint "Cleanup", Time since last: 1000251748 ns, Reaching safepoint: 139256 ns, At safepoint: 17802 ns, Total: 157058 ns
[2021-09-03T17:49:41.405+0000][1][safepoint   ] Safepoint "Cleanup", Time since last: 10001232249 ns, Reaching safepoint: 118906 ns, At safepoint: 11721 ns, Total: 130627 ns
[2021-09-03T17:50:08.408+0000][1][safepoint   ] Safepoint "Cleanup", Time since last: 27003339441 ns, Reaching safepoint: 181688 ns, At safepoint: 10528 ns, Total: 192216 ns
[2021-09-03T17:50:10.409+0000][1][safepoint   ] Safepoint "Cleanup", Time since last: 2000396730 ns, Reaching safepoint: 91530 ns, At safepoint: 10385 ns, Total: 101915 ns
[2021-09-03T17:50:55.415+0000][1][safepoint   ] Safepoint "Cleanup", Time since last: 45005765864 ns, Reaching safepoint: 161156 ns, At safepoint: 10737 ns, Total: 171893 ns
[2021-09-03T17:51:37.419+0000][1][safepoint   ] Safepoint "Cleanup", Time since last: 42004805885 ns, Reaching safepoint: 50947 ns, At safepoint: 2429 ns, Total: 53376 ns
[2021-09-03T17:52:02.422+0000][1][safepoint   ] Safepoint "Cleanup", Time since last: 25002368004 ns, Reaching safepoint: 69556 ns, At safepoint: 3379 ns, Total: 72935 ns
[2021-09-03T17:52:04.422+0000][1][safepoint   ] Safepoint "Cleanup", Time since last: 2000252287 ns, Reaching safepoint: 135680 ns, At safepoint: 13173 ns, Total: 148853 ns
[2021-09-03T17:52:40.427+0000][1][safepoint   ] Safepoint "Cleanup", Time since last: 36003984411 ns, Reaching safepoint: 233521 ns, At safepoint: 15673 ns, Total: 249194 ns
[2021-09-03T17:52:41.587+0000][1][safepoint   ] Safepoint "Cleanup", Time since last: 1159934052 ns, Reaching safepoint: 353497 ns, At safepoint: 16186 ns, Total: 369683 ns
[2021-09-03T17:52:44.775+0000][1][safepoint   ] Safepoint "Cleanup", Time since last: 3187850341 ns, Reaching safepoint: 27743 ns, At safepoint: 1981 ns, Total: 29724 ns
[2021-09-03T17:53:10.778+0000][1][safepoint   ] Safepoint "Cleanup", Time since last: 26002869621 ns, Reaching safepoint: 161154 ns, At safepoint: 11086 ns, Total: 172240 ns
[2021-09-03T17:53:35.781+0000][1][safepoint   ] Safepoint "Cleanup", Time since last: 25002666574 ns, Reaching safepoint: 121620 ns, At safepoint: 9294 ns, Total: 130914 ns
[2021-09-03T17:53:40.781+0000][1][safepoint   ] Safepoint "Cleanup", Time since last: 5000569416 ns, Reaching safepoint: 41358 ns, At safepoint: 2556 ns, Total: 43914 ns
[2021-09-03T17:53:50.782+0000][1][safepoint   ] Safepoint "Cleanup", Time since last: 10001232811 ns, Reaching safepoint: 96657 ns, At safepoint: 9667 ns, Total: 106324 ns
[2021-09-03T17:54:10.785+0000][1][safepoint   ] Safepoint "Cleanup", Time since last: 20002311181 ns, Reaching safepoint: 129197 ns, At safepoint: 8307 ns, Total: 137504 ns
[2021-09-03T17:54:40.788+0000][1][safepoint   ] Safepoint "Cleanup", Time since last: 30003004777 ns, Reaching safepoint: 49643 ns, At safepoint: 2377 ns, Total: 52020 ns
[2021-09-03T17:55:07.790+0000][1][safepoint   ] Safepoint "Cleanup", Time since last: 27002165898 ns, Reaching safepoint: 43765 ns, At safepoint: 2607 ns, Total: 46372 ns
[2021-09-03T17:56:06.797+0000][1][safepoint   ] Safepoint "Cleanup", Time since last: 59006177205 ns, Reaching safepoint: 126808 ns, At safepoint: 8309 ns, Total: 135117 ns
[2021-09-03T17:57:39.804+0000][1][safepoint   ] Safepoint "Cleanup", Time since last: 93007847702 ns, Reaching safepoint: 54861 ns, At safepoint: 15573 ns, Total: 70434 ns
[2021-09-03T17:57:40.805+0000][1][safepoint   ] Safepoint "Cleanup", Time since last: 1000153888 ns, Reaching safepoint: 64836 ns, At safepoint: 5174 ns, Total: 70010 ns
[2021-09-03T17:57:56.806+0000][1][safepoint   ] Safepoint "Cleanup", Time since last: 16001578263 ns, Reaching safepoint: 143122 ns, At safepoint: 8451 ns, Total: 151573 ns
[2021-09-03T17:58:08.808+0000][1][safepoint   ] Safepoint "Cleanup", Time since last: 12001535220 ns, Reaching safepoint: 172688 ns, At safepoint: 7799 ns, Total: 180487 ns
[2021-09-03T17:58:49.813+0000][1][safepoint   ] Safepoint "Cleanup", Time since last: 41004762989 ns, Reaching safepoint: 117800 ns, At safepoint: 16188 ns, Total: 133988 ns
[2021-09-03T18:01:04.829+0000][1][safepoint   ] Safepoint "Cleanup", Time since last: 135016079558 ns, Reaching safepoint: 156737 ns, At safepoint: 8172 ns, Total: 164909 ns
[2021-09-03T18:01:24.832+0000][1][safepoint   ] Safepoint "Cleanup", Time since last: 20002429832 ns, Reaching safepoint: 42690 ns, At safepoint: 2608 ns, Total: 45298 ns
[2021-09-03T18:01:40.833+0000][1][safepoint   ] Safepoint "Cleanup", Time since last: 16001540757 ns, Reaching safepoint: 99097 ns, At safepoint: 7355 ns, Total: 106452 ns
[2021-09-03T18:02:39.840+0000][1][safepoint   ] Safepoint "Cleanup", Time since last: 59006951627 ns, Reaching safepoint: 108512 ns, At safepoint: 9740 ns, Total: 118252 ns
[2021-09-03T18:02:40.841+0000][1][safepoint   ] Safepoint "Cleanup", Time since last: 1000174948 ns, Reaching safepoint: 93968 ns, At safepoint: 9385 ns, Total: 103353 ns
[2021-09-03T18:03:10.844+0000][1][safepoint   ] Safepoint "Cleanup", Time since last: 30003472367 ns, Reaching safepoint: 158483 ns, At safepoint: 8138 ns, Total: 166621 ns
[2021-09-03T18:03:40.848+0000][1][safepoint   ] Safepoint "Cleanup", Time since last: 30003834551 ns, Reaching safepoint: 130626 ns, At safepoint: 9442 ns, Total: 140068 ns
[2021-09-03T18:04:04.851+0000][1][safepoint   ] Safepoint "Cleanup", Time since last: 24002914958 ns, Reaching safepoint: 133414 ns, At safepoint: 8989 ns, Total: 142403 ns
[2021-09-03T18:05:04.858+0000][1][safepoint   ] Safepoint "Cleanup", Time since last: 60006582258 ns, Reaching safepoint: 122498 ns, At safepoint: 9266 ns, Total: 131764 ns
[2021-09-03T18:07:10.872+0000][1][safepoint   ] Safepoint "Cleanup", Time since last: 126014090404 ns, Reaching safepoint: 145609 ns, At safepoint: 9284 ns, Total: 154893 ns
[2021-09-03T18:07:14.873+0000][1][safepoint   ] Safepoint "Cleanup", Time since last: 4000443817 ns, Reaching safepoint: 106129 ns, At safepoint: 7792 ns, Total: 113921 ns
[2021-09-03T18:09:10.887+0000][1][safepoint   ] Safepoint "Cleanup", Time since last: 116013562942 ns, Reaching safepoint: 187415 ns, At safepoint: 8544 ns, Total: 195959 ns
[2021-09-03T18:09:29.889+0000][1][safepoint   ] Safepoint "Cleanup", Time since last: 19002195112 ns, Reaching safepoint: 115716 ns, At safepoint: 12029 ns, Total: 127745 ns
[2021-09-03T18:10:36.897+0000][1][safepoint   ] Safepoint "Cleanup", Time since last: 67007443892 ns, Reaching safepoint: 145514 ns, At safepoint: 11065 ns, Total: 156579 ns
[2021-09-03T18:10:40.897+0000][1][safepoint   ] Safepoint "Cleanup", Time since last: 4000468470 ns, Reaching safepoint: 101279 ns, At safepoint: 9719 ns, Total: 110998 ns
[2021-09-03T18:12:10.905+0000][1][safepoint   ] Safepoint "Cleanup", Time since last: 90007838395 ns, Reaching safepoint: 46067 ns, At safepoint: 2806 ns, Total: 48873 ns
[2021-09-03T18:12:32.907+0000][1][safepoint   ] Safepoint "Cleanup", Time since last: 22002015545 ns, Reaching safepoint: 37589 ns, At safepoint: 2440 ns, Total: 40029 ns
[2021-09-03T18:12:40.908+0000][1][safepoint   ] Safepoint "Cleanup", Time since last: 8000738476 ns, Reaching safepoint: 32280 ns, At safepoint: 2502 ns, Total: 34782 ns
[2021-09-03T18:13:10.911+0000][1][safepoint   ] Safepoint "Cleanup", Time since last: 30002567241 ns, Reaching safepoint: 47365 ns, At safepoint: 2969 ns, Total: 50334 ns
[2021-09-03T18:13:14.911+0000][1][safepoint   ] Safepoint "Cleanup", Time since last: 4000417728 ns, Reaching safepoint: 36423 ns, At safepoint: 2132 ns, Total: 38555 ns
[2021-09-03T18:13:40.913+0000][1][safepoint   ] Safepoint "Cleanup", Time since last: 26002213471 ns, Reaching safepoint: 37732 ns, At safepoint: 2693 ns, Total: 40425 ns
[2021-09-03T18:13:49.914+0000][1][safepoint   ] Safepoint "Cleanup", Time since last: 9000862386 ns, Reaching safepoint: 107482 ns, At safepoint: 3519 ns, Total: 111001 ns
[2021-09-03T18:14:40.919+0000][1][safepoint   ] Safepoint "Cleanup", Time since last: 51004508762 ns, Reaching safepoint: 39429 ns, At safepoint: 2777 ns, Total: 42206 ns
[2021-09-03T18:14:44.919+0000][1][safepoint   ] Safepoint "Cleanup", Time since last: 4000402643 ns, Reaching safepoint: 38841 ns, At safepoint: 4326 ns, Total: 43167 ns
[2021-09-03T18:15:09.921+0000][1][safepoint   ] Safepoint "Cleanup", Time since last: 25002139868 ns, Reaching safepoint: 46195 ns, At safepoint: 4826 ns, Total: 51021 ns
[2021-09-03T18:15:10.922+0000][1][safepoint   ] Safepoint "Cleanup", Time since last: 1000134236 ns, Reaching safepoint: 38838 ns, At safepoint: 4128 ns, Total: 42966 ns
[2021-09-03T18:16:34.928+0000][1][safepoint   ] Safepoint "Cleanup", Time since last: 84006704151 ns, Reaching safepoint: 44856 ns, At safepoint: 16311 ns, Total: 61167 ns
[2021-09-03T18:18:13.936+0000][1][safepoint   ] Safepoint "Cleanup", Time since last: 99007833292 ns, Reaching safepoint: 60224 ns, At safepoint: 3049 ns, Total: 63273 ns
[2021-09-03T18:18:40.938+0000][1][safepoint   ] Safepoint "Cleanup", Time since last: 27002153405 ns, Reaching safepoint: 56551 ns, At safepoint: 3072 ns, Total: 59623 ns
[2021-09-03T18:18:44.939+0000][1][safepoint   ] Safepoint "Cleanup", Time since last: 4000410203 ns, Reaching safepoint: 26729 ns, At safepoint: 2363 ns, Total: 29092 ns
[2021-09-03T18:18:55.940+0000][1][safepoint   ] Safepoint "Cleanup", Time since last: 11000946857 ns, Reaching safepoint: 26935 ns, At safepoint: 2286 ns, Total: 29221 ns
[2021-09-03T18:19:10.941+0000][1][safepoint   ] Safepoint "Cleanup", Time since last: 15001245836 ns, Reaching safepoint: 41254 ns, At safepoint: 4492 ns, Total: 45746 ns
[2021-09-03T18:20:09.946+0000][1][safepoint   ] Safepoint "Cleanup", Time since last: 59004971629 ns, Reaching safepoint: 47849 ns, At safepoint: 3537 ns, Total: 51386 ns
[2021-09-03T18:22:40.959+0000][1][safepoint   ] Safepoint "Cleanup", Time since last: 151012919689 ns, Reaching safepoint: 34956 ns, At safepoint: 2294 ns, Total: 37250 ns
[2021-09-03T18:23:40.964+0000][1][safepoint   ] Safepoint "Cleanup", Time since last: 60005159426 ns, Reaching safepoint: 47788 ns, At safepoint: 2401 ns, Total: 50189 ns
[2021-09-03T18:26:10.977+0000][1][safepoint   ] Safepoint "Cleanup", Time since last: 150012926318 ns, Reaching safepoint: 44855 ns, At safepoint: 4912 ns, Total: 49767 ns
[2021-09-03T18:26:40.980+0000][1][safepoint   ] Safepoint "Cleanup", Time since last: 30002684142 ns, Reaching safepoint: 49775 ns, At safepoint: 2634 ns, Total: 52409 ns
[2021-09-03T18:27:10.982+0000][1][safepoint   ] Safepoint "Cleanup", Time since last: 30002125042 ns, Reaching safepoint: 46375 ns, At safepoint: 2859 ns, Total: 49234 ns
[2021-09-03T18:27:24.984+0000][1][safepoint   ] Safepoint "Cleanup", Time since last: 14001289430 ns, Reaching safepoint: 31985 ns, At safepoint: 2456 ns, Total: 34441 ns
[2021-09-03T18:27:40.985+0000][1][safepoint   ] Safepoint "Cleanup", Time since last: 16001317844 ns, Reaching safepoint: 23629 ns, At safepoint: 2177 ns, Total: 25806 ns
[2021-09-03T18:29:59.997+0000][1][safepoint   ] Safepoint "Cleanup", Time since last: 139011613209 ns, Reaching safepoint: 42172 ns, At safepoint: 4183 ns, Total: 46355 ns
[2021-09-03T18:30:10.998+0000][1][safepoint   ] Safepoint "Cleanup", Time since last: 11000973842 ns, Reaching safepoint: 48346 ns, At safepoint: 4002 ns, Total: 52348 ns
[2021-09-03T18:31:11.002+0000][1][safepoint   ] Safepoint "Cleanup", Time since last: 60004797615 ns, Reaching safepoint: 47754 ns, At safepoint: 2621 ns, Total: 50375 ns
[2021-09-03T18:32:41.010+0000][1][safepoint   ] Safepoint "Cleanup", Time since last: 90007288740 ns, Reaching safepoint: 41208 ns, At safepoint: 2666 ns, Total: 43874 ns
[2021-09-03T18:35:11.022+0000][1][safepoint   ] Safepoint "Cleanup", Time since last: 150012653181 ns, Reaching safepoint: 44312 ns, At safepoint: 2762 ns, Total: 47074 ns
[2021-09-03T18:36:41.030+0000][1][safepoint   ] Safepoint "Cleanup", Time since last: 90007400059 ns, Reaching safepoint: 32375 ns, At safepoint: 4067 ns, Total: 36442 ns
[2021-09-03T18:37:45.035+0000][1][safepoint   ] Safepoint "Cleanup", Time since last: 64005347931 ns, Reaching safepoint: 40409 ns, At safepoint: 2433 ns, Total: 42842 ns
[2021-09-03T18:39:41.046+0000][1][safepoint   ] Safepoint "Cleanup", Time since last: 116010362268 ns, Reaching safepoint: 46381 ns, At safepoint: 4904 ns, Total: 51285 ns
[2021-09-03T18:40:16.049+0000][1][safepoint   ] Safepoint "Cleanup", Time since last: 35003063186 ns, Reaching safepoint: 106881 ns, At safepoint: 3534 ns, Total: 110415 ns
[2021-09-03T18:41:41.057+0000][1][safepoint   ] Safepoint "Cleanup", Time since last: 85007701151 ns, Reaching safepoint: 36769 ns, At safepoint: 3706 ns, Total: 40475 ns
[2021-09-03T18:42:41.062+0000][1][safepoint   ] Safepoint "Cleanup", Time since last: 60005295137 ns, Reaching safepoint: 40768 ns, At safepoint: 1936 ns, Total: 42704 ns
[2021-09-03T18:43:41.067+0000][1][safepoint   ] Safepoint "Cleanup", Time since last: 60005482789 ns, Reaching safepoint: 37938 ns, At safepoint: 2655 ns, Total: 40593 ns
[2021-09-03T18:45:41.078+0000][1][safepoint   ] Safepoint "Cleanup", Time since last: 120010669096 ns, Reaching safepoint: 40362 ns, At safepoint: 2816 ns, Total: 43178 ns
[2021-09-03T18:46:50.084+0000][1][safepoint   ] Safepoint "Cleanup", Time since last: 69006047492 ns, Reaching safepoint: 40935 ns, At safepoint: 2338 ns, Total: 43273 ns
[2021-09-03T18:48:41.094+0000][1][safepoint   ] Safepoint "Cleanup", Time since last: 111009245846 ns, Reaching safepoint: 130696 ns, At safepoint: 17497 ns, Total: 148193 ns
[2021-09-03T18:49:11.097+0000][1][safepoint   ] Safepoint "Cleanup", Time since last: 30003024747 ns, Reaching safepoint: 98018 ns, At safepoint: 10316 ns, Total: 108334 ns
[2021-09-03T18:51:41.112+0000][1][safepoint   ] Safepoint "Cleanup", Time since last: 150014800729 ns, Reaching safepoint: 114768 ns, At safepoint: 11924 ns, Total: 126692 ns
[2021-09-03T18:51:55.113+0000][1][safepoint   ] Safepoint "Cleanup", Time since last: 14001467858 ns, Reaching safepoint: 46275 ns, At safepoint: 3998 ns, Total: 50273 ns
[2021-09-03T18:52:11.114+0000][1][safepoint   ] Safepoint "Cleanup", Time since last: 16001114921 ns, Reaching safepoint: 48160 ns, At safepoint: 6346 ns, Total: 54506 ns
[2021-09-03T18:52:41.116+0000][1][safepoint   ] Safepoint "Cleanup", Time since last: 30001800194 ns, Reaching safepoint: 36607 ns, At safepoint: 4658 ns, Total: 41265 ns
[2021-09-03T18:57:40.150+0000][1][safepoint   ] Safepoint "Cleanup", Time since last: 299033932586 ns, Reaching safepoint: 131764 ns, At safepoint: 10735 ns, Total: 142499 ns
[2021-09-03T18:58:11.155+0000][1][safepoint   ] Safepoint "Cleanup", Time since last: 31004129438 ns, Reaching safepoint: 137076 ns, At safepoint: 9461 ns, Total: 146537 ns
[2021-09-03T18:58:41.158+0000][1][safepoint   ] Safepoint "Cleanup", Time since last: 30003622402 ns, Reaching safepoint: 150472 ns, At safepoint: 9630 ns, Total: 160102 ns
[2021-09-03T18:59:11.162+0000][1][safepoint   ] Safepoint "Cleanup", Time since last: 30003391544 ns, Reaching safepoint: 112991 ns, At safepoint: 17012 ns, Total: 130003 ns
[2021-09-03T18:59:41.166+0000][1][safepoint   ] Safepoint "Cleanup", Time since last: 30003648322 ns, Reaching safepoint: 135222 ns, At safepoint: 16755 ns, Total: 151977 ns
[2021-09-03T19:03:41.189+0000][1][safepoint   ] Safepoint "Cleanup", Time since last: 240023370361 ns, Reaching safepoint: 84431 ns, At safepoint: 7438 ns, Total: 91869 ns
[2021-09-03T19:05:41.199+0000][1][safepoint   ] Safepoint "Cleanup", Time since last: 120009760348 ns, Reaching safepoint: 109537 ns, At safepoint: 15831 ns, Total: 125368 ns
[2021-09-03T19:08:10.213+0000][1][safepoint   ] Safepoint "Cleanup", Time since last: 149014168455 ns, Reaching safepoint: 74567 ns, At safepoint: 5215 ns, Total: 79782 ns
[2021-09-03T19:09:10.219+0000][1][safepoint   ] Safepoint "Cleanup", Time since last: 60005711350 ns, Reaching safepoint: 56034 ns, At safepoint: 3120 ns, Total: 59154 ns
[2021-09-03T19:12:40.241+0000][1][safepoint   ] Safepoint "Cleanup", Time since last: 210021740203 ns, Reaching safepoint: 103903 ns, At safepoint: 6568 ns, Total: 110471 ns
[2021-09-03T19:15:10.258+0000][1][safepoint   ] Safepoint "Cleanup", Time since last: 150016489392 ns, Reaching safepoint: 112435 ns, At safepoint: 8038 ns, Total: 120473 ns
[2021-09-03T19:15:40.261+0000][1][safepoint   ] Safepoint "Cleanup", Time since last: 30003001798 ns, Reaching safepoint: 138360 ns, At safepoint: 7801 ns, Total: 146161 ns
[2021-09-03T19:17:10.270+0000][1][safepoint   ] Safepoint "Cleanup", Time since last: 90009565533 ns, Reaching safepoint: 96512 ns, At safepoint: 8078 ns, Total: 104590 ns
[2021-09-03T19:17:40.274+0000][1][safepoint   ] Safepoint "Cleanup", Time since last: 30003191066 ns, Reaching safepoint: 32007 ns, At safepoint: 1716 ns, Total: 33723 ns
[2021-09-03T19:18:10.277+0000][1][safepoint   ] Safepoint "Cleanup", Time since last: 30003495597 ns, Reaching safepoint: 105166 ns, At safepoint: 15498 ns, Total: 120664 ns
[2021-09-03T19:19:10.285+0000][1][safepoint   ] Safepoint "Cleanup", Time since last: 60007652814 ns, Reaching safepoint: 103798 ns, At safepoint: 16197 ns, Total: 119995 ns
[2021-09-03T19:28:00.347+0000][1][safepoint   ] Safepoint "Cleanup", Time since last: 530061910974 ns, Reaching safepoint: 139053 ns, At safepoint: 15633 ns, Total: 154686 ns
[2021-09-03T19:31:14.878+0000][1][safepoint   ] Safepoint "Cleanup", Time since last: 194530847177 ns, Reaching safepoint: 41170 ns, At safepoint: 2034 ns, Total: 43204 ns
[2021-09-03T19:31:15.366+0000][1][safepoint   ] Safepoint "ICBufferFull", Time since last: 487808740 ns, Reaching safepoint: 212923 ns, At safepoint: 8206 ns, Total: 221129 ns
[2021-09-03T19:31:16.366+0000][1][safepoint   ] Safepoint "Cleanup", Time since last: 1000090814 ns, Reaching safepoint: 56962 ns, At safepoint: 3480 ns, Total: 60442 ns
[2021-09-03T19:31:18.366+0000][1][safepoint   ] Safepoint "Cleanup", Time since last: 2000191973 ns, Reaching safepoint: 145252 ns, At safepoint: 10543 ns, Total: 155795 ns
[2021-09-03T19:31:19.367+0000][1][safepoint   ] Safepoint "Cleanup", Time since last: 1000203333 ns, Reaching safepoint: 248269 ns, At safepoint: 20834 ns, Total: 269103 ns
[2021-09-03T19:31:20.367+0000][1][safepoint   ] Safepoint "Cleanup", Time since last: 1000217219 ns, Reaching safepoint: 257616 ns, At safepoint: 18242 ns, Total: 275858 ns
[2021-09-03T19:31:26.368+0000][1][safepoint   ] Safepoint "Cleanup", Time since last: 6000703488 ns, Reaching safepoint: 155681 ns, At safepoint: 32910 ns, Total: 188591 ns
[2021-09-03T19:31:31.369+0000][1][safepoint   ] Safepoint "Cleanup", Time since last: 5000811028 ns, Reaching safepoint: 146502 ns, At safepoint: 14322 ns, Total: 160824 ns
[2021-09-03T19:31:36.370+0000][1][safepoint   ] Safepoint "Cleanup", Time since last: 5000702389 ns, Reaching safepoint: 179678 ns, At safepoint: 14792 ns, Total: 194470 ns
[2021-09-03T19:31:40.371+0000][1][safepoint   ] Safepoint "Cleanup", Time since last: 4000573072 ns, Reaching safepoint: 122755 ns, At safepoint: 13421 ns, Total: 136176 ns
[2021-09-03T19:31:41.371+0000][1][safepoint   ] Safepoint "Cleanup", Time since last: 1000228339 ns, Reaching safepoint: 147778 ns, At safepoint: 15461 ns, Total: 163239 ns
[2021-09-03T19:31:44.372+0000][1][safepoint   ] Safepoint "Cleanup", Time since last: 3000425816 ns, Reaching safepoint: 103618 ns, At safepoint: 10338 ns, Total: 113956 ns
[2021-09-03T19:31:46.372+0000][1][safepoint   ] Safepoint "Cleanup", Time since last: 2000249685 ns, Reaching safepoint: 124707 ns, At safepoint: 12891 ns, Total: 137598 ns
[2021-09-03T19:31:51.373+0000][1][safepoint   ] Safepoint "Cleanup", Time since last: 5000655082 ns, Reaching safepoint: 192818 ns, At safepoint: 17339 ns, Total: 210157 ns
[2021-09-03T19:31:56.374+0000][1][safepoint   ] Safepoint "Cleanup", Time since last: 5000526532 ns, Reaching safepoint: 214733 ns, At safepoint: 17328 ns, Total: 232061 ns
[2021-09-03T19:32:01.375+0000][1][safepoint   ] Safepoint "Cleanup", Time since last: 5000680575 ns, Reaching safepoint: 161665 ns, At safepoint: 18248 ns, Total: 179913 ns
[2021-09-03T19:32:06.376+0000][1][safepoint   ] Safepoint "Cleanup", Time since last: 5000665023 ns, Reaching safepoint: 199528 ns, At safepoint: 15942 ns, Total: 215470 ns
[2021-09-03T19:32:11.172+0000][1][safepoint   ] Safepoint "Cleanup", Time since last: 4796647937 ns, Reaching safepoint: 106623 ns, At safepoint: 6153 ns, Total: 112776 ns
[2021-09-03T19:32:12.173+0000][1][safepoint   ] Safepoint "Cleanup", Time since last: 1000091186 ns, Reaching safepoint: 93573 ns, At safepoint: 3540 ns, Total: 97113 ns
[2021-09-03T19:32:16.173+0000][1][safepoint   ] Safepoint "Cleanup", Time since last: 4000333514 ns, Reaching safepoint: 129466 ns, At safepoint: 5978 ns, Total: 135444 ns
[2021-09-03T19:32:21.174+0000][1][safepoint   ] Safepoint "Cleanup", Time since last: 5000490925 ns, Reaching safepoint: 99909 ns, At safepoint: 4669 ns, Total: 104578 ns
[2021-09-03T19:32:25.174+0000][1][safepoint   ] Safepoint "Cleanup", Time since last: 4000557050 ns, Reaching safepoint: 90861 ns, At safepoint: 11299 ns, Total: 102160 ns
[2021-09-03T19:32:26.174+0000][1][safepoint   ] Safepoint "Cleanup", Time since last: 1000175646 ns, Reaching safepoint: 51521 ns, At safepoint: 3422 ns, Total: 54943 ns
[2021-09-03T19:32:27.175+0000][1][safepoint   ] Safepoint "Cleanup", Time since last: 1000167631 ns, Reaching safepoint: 126360 ns, At safepoint: 13766 ns, Total: 140126 ns
[2021-09-03T19:32:31.175+0000][1][safepoint   ] Safepoint "Cleanup", Time since last: 4000516033 ns, Reaching safepoint: 80523 ns, At safepoint: 3572 ns, Total: 84095 ns
[2021-09-03T19:32:36.176+0000][1][safepoint   ] Safepoint "Cleanup", Time since last: 5000653712 ns, Reaching safepoint: 56880 ns, At safepoint: 4398 ns, Total: 61278 ns
[2021-09-03T19:32:40.420+0000][1][gc,heap,exit] Heap
[2021-09-03T19:32:40.420+0000][1][gc,heap,exit]  garbage-first heap   total 2097152K, used 344750K [0x0000000080000000, 0x0000000100000000)
[2021-09-03T19:32:40.420+0000][1][gc,heap,exit]   region size 1024K, 321 young (328704K), 16 survivors (16384K)
[2021-09-03T19:32:40.420+0000][1][gc,heap,exit]  Metaspace       used 71307K, committed 72000K, reserved 1114112K
[2021-09-03T19:32:40.420+0000][1][gc,heap,exit]   class space    used 9560K, committed 9920K, reserved 1048576K
