[2021-08-18T17:56:52.167+0000][1][gc] Using G1
[2021-08-18T17:56:52.179+0000][1][gc,init] Version: 16.0.1+9 (release)
[2021-08-18T17:56:52.179+0000][1][gc,init] CPUs: 12 total, 12 available
[2021-08-18T17:56:52.179+0000][1][gc,init] Memory: 15867M
[2021-08-18T17:56:52.179+0000][1][gc,init] Large Page Support: Disabled
[2021-08-18T17:56:52.179+0000][1][gc,init] NUMA Support: Disabled
[2021-08-18T17:56:52.179+0000][1][gc,init] Compressed Oops: Enabled (32-bit)
[2021-08-18T17:56:52.179+0000][1][gc,init] Heap Region Size: 1M
[2021-08-18T17:56:52.179+0000][1][gc,init] Heap Min Capacity: 2G
[2021-08-18T17:56:52.179+0000][1][gc,init] Heap Initial Capacity: 2G
[2021-08-18T17:56:52.179+0000][1][gc,init] Heap Max Capacity: 2G
[2021-08-18T17:56:52.179+0000][1][gc,init] Pre-touch: Disabled
[2021-08-18T17:56:52.179+0000][1][gc,init] Parallel Workers: 10
[2021-08-18T17:56:52.179+0000][1][gc,init] Concurrent Workers: 3
[2021-08-18T17:56:52.179+0000][1][gc,init] Concurrent Refinement Workers: 10
[2021-08-18T17:56:52.179+0000][1][gc,init] Periodic GC: Disabled
[2021-08-18T17:56:52.182+0000][1][gc,metaspace] CDS archive(s) mapped at: [0x0000000800000000-0x0000000800bea000-0x0000000800bea000), size 12492800, SharedBaseAddress: 0x0000000800000000, ArchiveRelocationMode: 0.
[2021-08-18T17:56:52.182+0000][1][gc,metaspace] Compressed class space mapped at: 0x0000000800c00000-0x0000000840c00000, reserved size: 1073741824
[2021-08-18T17:56:52.182+0000][1][gc,metaspace] Narrow klass base: 0x0000000800000000, Narrow klass shift: 3, Narrow klass range: 0x100000000
[2021-08-18T17:56:52.818+0000][1][safepoint   ] Safepoint "ICBufferFull", Time since last: 552476370 ns, Reaching safepoint: 124992 ns, At safepoint: 4388 ns, Total: 129380 ns
[2021-08-18T17:56:53.448+0000][1][safepoint   ] Safepoint "ICBufferFull", Time since last: 630176747 ns, Reaching safepoint: 208528 ns, At safepoint: 5478 ns, Total: 214006 ns
[2021-08-18T17:56:53.604+0000][1][gc,start    ] GC(0) Pause Young (Normal) (G1 Evacuation Pause)
[2021-08-18T17:56:53.605+0000][1][gc,task     ] GC(0) Using 10 workers of 10 for evacuation
[2021-08-18T17:56:53.605+0000][1][gc,age      ] GC(0) Desired survivor size 6815744 bytes, new threshold 15 (max threshold 15)
[2021-08-18T17:56:53.609+0000][1][gc,age      ] GC(0) Age table with threshold 15 (max threshold 15)
[2021-08-18T17:56:53.609+0000][1][gc,age      ] GC(0) - age   1:    9795264 bytes,    9795264 total
[2021-08-18T17:56:53.609+0000][1][gc,phases   ] GC(0)   Pre Evacuate Collection Set: 0.1ms
[2021-08-18T17:56:53.609+0000][1][gc,phases   ] GC(0)   Merge Heap Roots: 0.1ms
[2021-08-18T17:56:53.609+0000][1][gc,phases   ] GC(0)   Evacuate Collection Set: 2.8ms
[2021-08-18T17:56:53.609+0000][1][gc,phases   ] GC(0)   Post Evacuate Collection Set: 1.5ms
[2021-08-18T17:56:53.609+0000][1][gc,phases   ] GC(0)   Other: 0.6ms
[2021-08-18T17:56:53.609+0000][1][gc,heap     ] GC(0) Eden regions: 102->0(99)
[2021-08-18T17:56:53.609+0000][1][gc,heap     ] GC(0) Survivor regions: 0->10(13)
[2021-08-18T17:56:53.609+0000][1][gc,heap     ] GC(0) Old regions: 0->0
[2021-08-18T17:56:53.609+0000][1][gc,heap     ] GC(0) Archive regions: 2->2
[2021-08-18T17:56:53.609+0000][1][gc,heap     ] GC(0) Humongous regions: 1->1
[2021-08-18T17:56:53.609+0000][1][gc,metaspace] GC(0) Metaspace: 14349K(14592K)->14349K(14592K) NonClass: 12712K(12800K)->12712K(12800K) Class: 1636K(1792K)->1636K(1792K)
[2021-08-18T17:56:53.609+0000][1][gc          ] GC(0) Pause Young (Normal) (G1 Evacuation Pause) 103M->11M(2048M) 5.155ms
[2021-08-18T17:56:53.609+0000][1][gc,cpu      ] GC(0) User=0.02s Sys=0.00s Real=0.00s
[2021-08-18T17:56:53.609+0000][1][safepoint   ] Safepoint "G1CollectForAllocation", Time since last: 155727632 ns, Reaching safepoint: 79080 ns, At safepoint: 5218942 ns, Total: 5298022 ns
[2021-08-18T17:56:53.695+0000][1][gc,start    ] GC(1) Pause Young (Normal) (G1 Evacuation Pause)
[2021-08-18T17:56:53.695+0000][1][gc,task     ] GC(1) Using 10 workers of 10 for evacuation
[2021-08-18T17:56:53.695+0000][1][gc,age      ] GC(1) Desired survivor size 7340032 bytes, new threshold 1 (max threshold 15)
[2021-08-18T17:56:53.698+0000][1][gc,age      ] GC(1) Age table with threshold 1 (max threshold 15)
[2021-08-18T17:56:53.698+0000][1][gc,age      ] GC(1) - age   1:    2312864 bytes,    2312864 total
[2021-08-18T17:56:53.698+0000][1][gc,phases   ] GC(1)   Pre Evacuate Collection Set: 0.1ms
[2021-08-18T17:56:53.698+0000][1][gc,phases   ] GC(1)   Merge Heap Roots: 0.0ms
[2021-08-18T17:56:53.698+0000][1][gc,phases   ] GC(1)   Evacuate Collection Set: 3.0ms
[2021-08-18T17:56:53.698+0000][1][gc,phases   ] GC(1)   Post Evacuate Collection Set: 0.3ms
[2021-08-18T17:56:53.698+0000][1][gc,phases   ] GC(1)   Other: 0.1ms
[2021-08-18T17:56:53.698+0000][1][gc,heap     ] GC(1) Eden regions: 99->0(122)
[2021-08-18T17:56:53.698+0000][1][gc,heap     ] GC(1) Survivor regions: 10->3(14)
[2021-08-18T17:56:53.698+0000][1][gc,heap     ] GC(1) Old regions: 0->9
[2021-08-18T17:56:53.698+0000][1][gc,heap     ] GC(1) Archive regions: 2->2
[2021-08-18T17:56:53.698+0000][1][gc,heap     ] GC(1) Humongous regions: 1->1
[2021-08-18T17:56:53.698+0000][1][gc,metaspace] GC(1) Metaspace: 14535K(14848K)->14535K(14848K) NonClass: 12890K(13056K)->12890K(13056K) Class: 1644K(1792K)->1644K(1792K)
[2021-08-18T17:56:53.698+0000][1][gc          ] GC(1) Pause Young (Normal) (G1 Evacuation Pause) 110M->13M(2048M) 3.546ms
[2021-08-18T17:56:53.698+0000][1][gc,cpu      ] GC(1) User=0.03s Sys=0.00s Real=0.01s
[2021-08-18T17:56:53.698+0000][1][safepoint   ] Safepoint "G1CollectForAllocation", Time since last: 85432763 ns, Reaching safepoint: 42632 ns, At safepoint: 3587469 ns, Total: 3630101 ns
[2021-08-18T17:56:53.944+0000][1][gc,start    ] GC(2) Pause Young (Concurrent Start) (Metadata GC Threshold)
[2021-08-18T17:56:53.944+0000][1][gc,task     ] GC(2) Using 10 workers of 10 for evacuation
[2021-08-18T17:56:53.944+0000][1][gc,age      ] GC(2) Desired survivor size 8388608 bytes, new threshold 15 (max threshold 15)
[2021-08-18T17:56:53.945+0000][1][gc,age      ] GC(2) Age table with threshold 15 (max threshold 15)
[2021-08-18T17:56:53.945+0000][1][gc,age      ] GC(2) - age   1:    1689744 bytes,    1689744 total
[2021-08-18T17:56:53.945+0000][1][gc,age      ] GC(2) - age   2:      27416 bytes,    1717160 total
[2021-08-18T17:56:53.945+0000][1][gc,phases   ] GC(2)   Pre Evacuate Collection Set: 0.1ms
[2021-08-18T17:56:53.945+0000][1][gc,phases   ] GC(2)   Merge Heap Roots: 0.0ms
[2021-08-18T17:56:53.945+0000][1][gc,phases   ] GC(2)   Evacuate Collection Set: 0.8ms
[2021-08-18T17:56:53.945+0000][1][gc,phases   ] GC(2)   Post Evacuate Collection Set: 0.3ms
[2021-08-18T17:56:53.945+0000][1][gc,phases   ] GC(2)   Other: 0.2ms
[2021-08-18T17:56:53.945+0000][1][gc,heap     ] GC(2) Eden regions: 36->0(168)
[2021-08-18T17:56:53.945+0000][1][gc,heap     ] GC(2) Survivor regions: 3->2(16)
[2021-08-18T17:56:53.945+0000][1][gc,heap     ] GC(2) Old regions: 9->9
[2021-08-18T17:56:53.945+0000][1][gc,heap     ] GC(2) Archive regions: 2->2
[2021-08-18T17:56:53.945+0000][1][gc,heap     ] GC(2) Humongous regions: 1->1
[2021-08-18T17:56:53.945+0000][1][gc,metaspace] GC(2) Metaspace: 20969K(21248K)->20969K(21248K) NonClass: 18415K(18560K)->18415K(18560K) Class: 2554K(2688K)->2554K(2688K)
[2021-08-18T17:56:53.945+0000][1][gc          ] GC(2) Pause Young (Concurrent Start) (Metadata GC Threshold) 48M->12M(2048M) 1.397ms
[2021-08-18T17:56:53.945+0000][1][gc,cpu      ] GC(2) User=0.01s Sys=0.00s Real=0.00s
[2021-08-18T17:56:53.945+0000][1][safepoint   ] Safepoint "CollectForMetadataAllocation", Time since last: 245394214 ns, Reaching safepoint: 106917 ns, At safepoint: 1440462 ns, Total: 1547379 ns
[2021-08-18T17:56:53.945+0000][1][gc          ] GC(3) Concurrent Mark Cycle
[2021-08-18T17:56:53.945+0000][1][gc,marking  ] GC(3) Concurrent Clear Claimed Marks
[2021-08-18T17:56:53.945+0000][1][gc,marking  ] GC(3) Concurrent Clear Claimed Marks 0.010ms
[2021-08-18T17:56:53.945+0000][1][gc,marking  ] GC(3) Concurrent Scan Root Regions
[2021-08-18T17:56:53.946+0000][1][gc,marking  ] GC(3) Concurrent Scan Root Regions 0.691ms
[2021-08-18T17:56:53.946+0000][1][gc,marking  ] GC(3) Concurrent Mark
[2021-08-18T17:56:53.946+0000][1][gc,marking  ] GC(3) Concurrent Mark From Roots
[2021-08-18T17:56:53.946+0000][1][gc,task     ] GC(3) Using 3 workers of 3 for marking
[2021-08-18T17:56:53.949+0000][1][gc,marking  ] GC(3) Concurrent Mark From Roots 2.699ms
[2021-08-18T17:56:53.949+0000][1][gc,marking  ] GC(3) Concurrent Preclean
[2021-08-18T17:56:53.949+0000][1][gc,marking  ] GC(3) Concurrent Preclean 0.073ms
[2021-08-18T17:56:53.949+0000][1][gc,start    ] GC(3) Pause Remark
[2021-08-18T17:56:53.950+0000][1][gc          ] GC(3) Pause Remark 13M->13M(2048M) 0.923ms
[2021-08-18T17:56:53.950+0000][1][gc,cpu      ] GC(3) User=0.00s Sys=0.00s Real=0.00s
[2021-08-18T17:56:53.950+0000][1][safepoint   ] Safepoint "G1Concurrent", Time since last: 3552424 ns, Reaching safepoint: 90780 ns, At safepoint: 949991 ns, Total: 1040771 ns
[2021-08-18T17:56:53.950+0000][1][gc,marking  ] GC(3) Concurrent Mark 3.874ms
[2021-08-18T17:56:53.950+0000][1][gc,marking  ] GC(3) Concurrent Rebuild Remembered Sets
[2021-08-18T17:56:53.951+0000][1][gc,marking  ] GC(3) Concurrent Rebuild Remembered Sets 1.398ms
[2021-08-18T17:56:53.951+0000][1][gc,start    ] GC(3) Pause Cleanup
[2021-08-18T17:56:53.951+0000][1][gc          ] GC(3) Pause Cleanup 13M->13M(2048M) 0.123ms
[2021-08-18T17:56:53.951+0000][1][gc,cpu      ] GC(3) User=0.00s Sys=0.00s Real=0.00s
[2021-08-18T17:56:53.951+0000][1][safepoint   ] Safepoint "G1Concurrent", Time since last: 1445468 ns, Reaching safepoint: 19664 ns, At safepoint: 148777 ns, Total: 168441 ns
[2021-08-18T17:56:53.951+0000][1][gc,marking  ] GC(3) Concurrent Cleanup for Next Mark
[2021-08-18T17:56:53.954+0000][1][gc,marking  ] GC(3) Concurrent Cleanup for Next Mark 2.846ms
[2021-08-18T17:56:53.954+0000][1][gc          ] GC(3) Concurrent Mark Cycle 9.095ms
[2021-08-18T17:56:54.135+0000][1][safepoint   ] Safepoint "ICBufferFull", Time since last: 183266164 ns, Reaching safepoint: 75787 ns, At safepoint: 1717 ns, Total: 77504 ns
[2021-08-18T17:56:54.137+0000][1][safepoint   ] Safepoint "ICBufferFull", Time since last: 2015732 ns, Reaching safepoint: 36448 ns, At safepoint: 1739 ns, Total: 38187 ns
[2021-08-18T17:56:54.139+0000][1][safepoint   ] Safepoint "ICBufferFull", Time since last: 1844740 ns, Reaching safepoint: 26535 ns, At safepoint: 1441 ns, Total: 27976 ns
[2021-08-18T17:56:54.140+0000][1][safepoint   ] Safepoint "ICBufferFull", Time since last: 1600646 ns, Reaching safepoint: 25152 ns, At safepoint: 1743 ns, Total: 26895 ns
[2021-08-18T17:56:54.142+0000][1][safepoint   ] Safepoint "ICBufferFull", Time since last: 1847442 ns, Reaching safepoint: 26477 ns, At safepoint: 1442 ns, Total: 27919 ns
[2021-08-18T17:56:54.144+0000][1][safepoint   ] Safepoint "ICBufferFull", Time since last: 1282822 ns, Reaching safepoint: 22554 ns, At safepoint: 1506 ns, Total: 24060 ns
[2021-08-18T17:56:54.146+0000][1][safepoint   ] Safepoint "ICBufferFull", Time since last: 2681465 ns, Reaching safepoint: 29289 ns, At safepoint: 1515 ns, Total: 30804 ns
[2021-08-18T17:56:54.148+0000][1][safepoint   ] Safepoint "ICBufferFull", Time since last: 2171746 ns, Reaching safepoint: 29905 ns, At safepoint: 14102 ns, Total: 44007 ns
[2021-08-18T17:56:54.151+0000][1][safepoint   ] Safepoint "ICBufferFull", Time since last: 2003142 ns, Reaching safepoint: 33475 ns, At safepoint: 1643 ns, Total: 35118 ns
[2021-08-18T17:56:54.154+0000][1][safepoint   ] Safepoint "ICBufferFull", Time since last: 3370035 ns, Reaching safepoint: 27987 ns, At safepoint: 1576 ns, Total: 29563 ns
[2021-08-18T17:56:54.156+0000][1][safepoint   ] Safepoint "ICBufferFull", Time since last: 2143444 ns, Reaching safepoint: 38259 ns, At safepoint: 2017 ns, Total: 40276 ns
[2021-08-18T17:56:54.158+0000][1][safepoint   ] Safepoint "ICBufferFull", Time since last: 2135794 ns, Reaching safepoint: 25713 ns, At safepoint: 1599 ns, Total: 27312 ns
[2021-08-18T17:56:54.160+0000][1][safepoint   ] Safepoint "ICBufferFull", Time since last: 1854893 ns, Reaching safepoint: 15575 ns, At safepoint: 1389 ns, Total: 16964 ns
[2021-08-18T17:56:54.163+0000][1][safepoint   ] Safepoint "ICBufferFull", Time since last: 2919729 ns, Reaching safepoint: 24561 ns, At safepoint: 1839 ns, Total: 26400 ns
[2021-08-18T17:56:54.165+0000][1][safepoint   ] Safepoint "ICBufferFull", Time since last: 1784625 ns, Reaching safepoint: 25994 ns, At safepoint: 1433 ns, Total: 27427 ns
[2021-08-18T17:56:54.167+0000][1][safepoint   ] Safepoint "ICBufferFull", Time since last: 1872891 ns, Reaching safepoint: 26794 ns, At safepoint: 1569 ns, Total: 28363 ns
[2021-08-18T17:56:54.169+0000][1][safepoint   ] Safepoint "ICBufferFull", Time since last: 1735518 ns, Reaching safepoint: 25114 ns, At safepoint: 1169 ns, Total: 26283 ns
[2021-08-18T17:56:54.171+0000][1][safepoint   ] Safepoint "ICBufferFull", Time since last: 2202167 ns, Reaching safepoint: 20372 ns, At safepoint: 1372 ns, Total: 21744 ns
[2021-08-18T17:56:54.480+0000][1][safepoint   ] Safepoint "ICBufferFull", Time since last: 309419427 ns, Reaching safepoint: 108305 ns, At safepoint: 4421 ns, Total: 112726 ns
[2021-08-18T17:56:54.680+0000][1][gc,start    ] GC(4) Pause Young (Concurrent Start) (Metadata GC Threshold)
[2021-08-18T17:56:54.680+0000][1][gc,task     ] GC(4) Using 10 workers of 10 for evacuation
[2021-08-18T17:56:54.680+0000][1][gc,age      ] GC(4) Desired survivor size 12058624 bytes, new threshold 15 (max threshold 15)
[2021-08-18T17:56:54.683+0000][1][gc,age      ] GC(4) Age table with threshold 15 (max threshold 15)
[2021-08-18T17:56:54.683+0000][1][gc,age      ] GC(4) - age   1:    5535920 bytes,    5535920 total
[2021-08-18T17:56:54.683+0000][1][gc,age      ] GC(4) - age   2:    1626656 bytes,    7162576 total
[2021-08-18T17:56:54.683+0000][1][gc,age      ] GC(4) - age   3:      27096 bytes,    7189672 total
[2021-08-18T17:56:54.683+0000][1][gc,phases   ] GC(4)   Pre Evacuate Collection Set: 0.2ms
[2021-08-18T17:56:54.683+0000][1][gc,phases   ] GC(4)   Merge Heap Roots: 0.1ms
[2021-08-18T17:56:54.684+0000][1][gc,phases   ] GC(4)   Evacuate Collection Set: 2.3ms
[2021-08-18T17:56:54.684+0000][1][gc,phases   ] GC(4)   Post Evacuate Collection Set: 0.4ms
[2021-08-18T17:56:54.684+0000][1][gc,phases   ] GC(4)   Other: 0.2ms
[2021-08-18T17:56:54.684+0000][1][gc,heap     ] GC(4) Eden regions: 119->0(641)
[2021-08-18T17:56:54.684+0000][1][gc,heap     ] GC(4) Survivor regions: 2->8(23)
[2021-08-18T17:56:54.684+0000][1][gc,heap     ] GC(4) Old regions: 9->9
[2021-08-18T17:56:54.684+0000][1][gc,heap     ] GC(4) Archive regions: 2->2
[2021-08-18T17:56:54.684+0000][1][gc,heap     ] GC(4) Humongous regions: 2->1
[2021-08-18T17:56:54.684+0000][1][gc,metaspace] GC(4) Metaspace: 35323K(35648K)->35323K(35648K) NonClass: 30736K(30912K)->30736K(30912K) Class: 4587K(4736K)->4587K(4736K)
[2021-08-18T17:56:54.684+0000][1][gc          ] GC(4) Pause Young (Concurrent Start) (Metadata GC Threshold) 131M->17M(2048M) 3.179ms
[2021-08-18T17:56:54.684+0000][1][gc,cpu      ] GC(4) User=0.02s Sys=0.01s Real=0.01s
[2021-08-18T17:56:54.684+0000][1][gc          ] GC(5) Concurrent Mark Cycle
[2021-08-18T17:56:54.684+0000][1][gc,marking  ] GC(5) Concurrent Clear Claimed Marks
[2021-08-18T17:56:54.684+0000][1][safepoint   ] Safepoint "CollectForMetadataAllocation", Time since last: 199913213 ns, Reaching safepoint: 111291 ns, At safepoint: 3231298 ns, Total: 3342589 ns
[2021-08-18T17:56:54.684+0000][1][gc,marking  ] GC(5) Concurrent Clear Claimed Marks 0.022ms
[2021-08-18T17:56:54.684+0000][1][gc,marking  ] GC(5) Concurrent Scan Root Regions
[2021-08-18T17:56:54.685+0000][1][gc,marking  ] GC(5) Concurrent Scan Root Regions 1.082ms
[2021-08-18T17:56:54.685+0000][1][gc,marking  ] GC(5) Concurrent Mark
[2021-08-18T17:56:54.685+0000][1][gc,marking  ] GC(5) Concurrent Mark From Roots
[2021-08-18T17:56:54.685+0000][1][gc,task     ] GC(5) Using 3 workers of 3 for marking
[2021-08-18T17:56:54.688+0000][1][gc,marking  ] GC(5) Concurrent Mark From Roots 2.838ms
[2021-08-18T17:56:54.688+0000][1][gc,marking  ] GC(5) Concurrent Preclean
[2021-08-18T17:56:54.688+0000][1][gc,marking  ] GC(5) Concurrent Preclean 0.059ms
[2021-08-18T17:56:54.688+0000][1][gc,start    ] GC(5) Pause Remark
[2021-08-18T17:56:54.688+0000][1][gc          ] GC(5) Pause Remark 18M->18M(2048M) 0.734ms
[2021-08-18T17:56:54.688+0000][1][gc,cpu      ] GC(5) User=0.00s Sys=0.00s Real=0.00s
[2021-08-18T17:56:54.689+0000][1][safepoint   ] Safepoint "G1Concurrent", Time since last: 4073250 ns, Reaching safepoint: 85411 ns, At safepoint: 768828 ns, Total: 854239 ns
[2021-08-18T17:56:54.689+0000][1][gc,marking  ] GC(5) Concurrent Mark 3.821ms
[2021-08-18T17:56:54.689+0000][1][gc,marking  ] GC(5) Concurrent Rebuild Remembered Sets
[2021-08-18T17:56:54.690+0000][1][gc,marking  ] GC(5) Concurrent Rebuild Remembered Sets 1.397ms
[2021-08-18T17:56:54.690+0000][1][gc,start    ] GC(5) Pause Cleanup
[2021-08-18T17:56:54.690+0000][1][gc          ] GC(5) Pause Cleanup 18M->18M(2048M) 0.099ms
[2021-08-18T17:56:54.690+0000][1][gc,cpu      ] GC(5) User=0.00s Sys=0.00s Real=0.00s
[2021-08-18T17:56:54.690+0000][1][safepoint   ] Safepoint "G1Concurrent", Time since last: 1436315 ns, Reaching safepoint: 144778 ns, At safepoint: 123832 ns, Total: 268610 ns
[2021-08-18T17:56:54.690+0000][1][gc,marking  ] GC(5) Concurrent Cleanup for Next Mark
[2021-08-18T17:56:54.694+0000][1][gc,marking  ] GC(5) Concurrent Cleanup for Next Mark 3.302ms
[2021-08-18T17:56:54.694+0000][1][gc          ] GC(5) Concurrent Mark Cycle 9.977ms
[2021-08-18T17:56:54.953+0000][1][safepoint   ] Safepoint "ICBufferFull", Time since last: 262432171 ns, Reaching safepoint: 617601 ns, At safepoint: 4272 ns, Total: 621873 ns
[2021-08-18T17:56:55.298+0000][1][safepoint   ] Safepoint "ICBufferFull", Time since last: 344854442 ns, Reaching safepoint: 118807 ns, At safepoint: 1588 ns, Total: 120395 ns
[2021-08-18T17:56:55.606+0000][1][safepoint   ] Safepoint "ICBufferFull", Time since last: 308056075 ns, Reaching safepoint: 94368 ns, At safepoint: 2952 ns, Total: 97320 ns
[2021-08-18T17:56:55.945+0000][1][gc,start    ] GC(6) Pause Young (Concurrent Start) (Metadata GC Threshold)
[2021-08-18T17:56:55.945+0000][1][gc,task     ] GC(6) Using 10 workers of 10 for evacuation
[2021-08-18T17:56:55.945+0000][1][gc,age      ] GC(6) Desired survivor size 47185920 bytes, new threshold 15 (max threshold 15)
[2021-08-18T17:56:55.951+0000][1][gc,age      ] GC(6) Age table with threshold 15 (max threshold 15)
[2021-08-18T17:56:55.951+0000][1][gc,age      ] GC(6) - age   1:    8500328 bytes,    8500328 total
[2021-08-18T17:56:55.951+0000][1][gc,age      ] GC(6) - age   2:    5315640 bytes,   13815968 total
[2021-08-18T17:56:55.951+0000][1][gc,age      ] GC(6) - age   3:    1606552 bytes,   15422520 total
[2021-08-18T17:56:55.951+0000][1][gc,age      ] GC(6) - age   4:      26744 bytes,   15449264 total
[2021-08-18T17:56:55.951+0000][1][gc,phases   ] GC(6)   Pre Evacuate Collection Set: 0.1ms
[2021-08-18T17:56:55.951+0000][1][gc,phases   ] GC(6)   Merge Heap Roots: 0.0ms
[2021-08-18T17:56:55.951+0000][1][gc,phases   ] GC(6)   Evacuate Collection Set: 4.7ms
[2021-08-18T17:56:55.951+0000][1][gc,phases   ] GC(6)   Post Evacuate Collection Set: 0.5ms
[2021-08-18T17:56:55.951+0000][1][gc,phases   ] GC(6)   Other: 0.2ms
[2021-08-18T17:56:55.951+0000][1][gc,heap     ] GC(6) Eden regions: 109->0(793)
[2021-08-18T17:56:55.951+0000][1][gc,heap     ] GC(6) Survivor regions: 8->16(90)
[2021-08-18T17:56:55.951+0000][1][gc,heap     ] GC(6) Old regions: 9->9
[2021-08-18T17:56:55.951+0000][1][gc,heap     ] GC(6) Archive regions: 2->2
[2021-08-18T17:56:55.951+0000][1][gc,heap     ] GC(6) Humongous regions: 1->1
[2021-08-18T17:56:55.951+0000][1][gc,metaspace] GC(6) Metaspace: 58964K(59520K)->58964K(59520K) NonClass: 50961K(51264K)->50961K(51264K) Class: 8002K(8256K)->8002K(8256K)
[2021-08-18T17:56:55.951+0000][1][gc          ] GC(6) Pause Young (Concurrent Start) (Metadata GC Threshold) 126M->25M(2048M) 5.608ms
[2021-08-18T17:56:55.951+0000][1][gc,cpu      ] GC(6) User=0.04s Sys=0.01s Real=0.00s
[2021-08-18T17:56:55.951+0000][1][gc          ] GC(7) Concurrent Mark Cycle
[2021-08-18T17:56:55.951+0000][1][safepoint   ] Safepoint "CollectForMetadataAllocation", Time since last: 338552761 ns, Reaching safepoint: 100143 ns, At safepoint: 5668758 ns, Total: 5768901 ns
[2021-08-18T17:56:55.951+0000][1][gc,marking  ] GC(7) Concurrent Clear Claimed Marks
[2021-08-18T17:56:55.951+0000][1][gc,marking  ] GC(7) Concurrent Clear Claimed Marks 0.056ms
[2021-08-18T17:56:55.951+0000][1][gc,marking  ] GC(7) Concurrent Scan Root Regions
[2021-08-18T17:56:55.953+0000][1][gc,marking  ] GC(7) Concurrent Scan Root Regions 2.577ms
[2021-08-18T17:56:55.953+0000][1][gc,marking  ] GC(7) Concurrent Mark
[2021-08-18T17:56:55.953+0000][1][gc,marking  ] GC(7) Concurrent Mark From Roots
[2021-08-18T17:56:55.953+0000][1][gc,task     ] GC(7) Using 3 workers of 3 for marking
[2021-08-18T17:56:55.957+0000][1][gc,marking  ] GC(7) Concurrent Mark From Roots 3.690ms
[2021-08-18T17:56:55.957+0000][1][gc,marking  ] GC(7) Concurrent Preclean
[2021-08-18T17:56:55.957+0000][1][gc,marking  ] GC(7) Concurrent Preclean 0.054ms
[2021-08-18T17:56:55.957+0000][1][gc,start    ] GC(7) Pause Remark
[2021-08-18T17:56:55.958+0000][1][gc          ] GC(7) Pause Remark 28M->28M(2048M) 1.107ms
[2021-08-18T17:56:55.958+0000][1][gc,cpu      ] GC(7) User=0.01s Sys=0.00s Real=0.00s
[2021-08-18T17:56:55.958+0000][1][safepoint   ] Safepoint "G1Concurrent", Time since last: 6450831 ns, Reaching safepoint: 90139 ns, At safepoint: 1153713 ns, Total: 1243852 ns
[2021-08-18T17:56:55.958+0000][1][gc,marking  ] GC(7) Concurrent Mark 5.042ms
[2021-08-18T17:56:55.958+0000][1][gc,marking  ] GC(7) Concurrent Rebuild Remembered Sets
[2021-08-18T17:56:55.960+0000][1][gc,marking  ] GC(7) Concurrent Rebuild Remembered Sets 1.925ms
[2021-08-18T17:56:55.960+0000][1][gc,start    ] GC(7) Pause Cleanup
[2021-08-18T17:56:55.961+0000][1][gc          ] GC(7) Pause Cleanup 28M->28M(2048M) 0.126ms
[2021-08-18T17:56:55.961+0000][1][gc,cpu      ] GC(7) User=0.00s Sys=0.00s Real=0.00s
[2021-08-18T17:56:55.961+0000][1][safepoint   ] Safepoint "G1Concurrent", Time since last: 1976407 ns, Reaching safepoint: 85983 ns, At safepoint: 151938 ns, Total: 237921 ns
[2021-08-18T17:56:55.961+0000][1][gc,marking  ] GC(7) Concurrent Cleanup for Next Mark
[2021-08-18T17:56:55.963+0000][1][gc,marking  ] GC(7) Concurrent Cleanup for Next Mark 2.411ms
[2021-08-18T17:56:55.963+0000][1][gc          ] GC(7) Concurrent Mark Cycle 12.377ms
[2021-08-18T17:56:56.961+0000][1][safepoint   ] Safepoint "Cleanup", Time since last: 1000101483 ns, Reaching safepoint: 111511 ns, At safepoint: 3646 ns, Total: 115157 ns
[2021-08-18T17:56:58.961+0000][1][safepoint   ] Safepoint "Cleanup", Time since last: 2000200296 ns, Reaching safepoint: 30960 ns, At safepoint: 2722 ns, Total: 33682 ns
[2021-08-18T17:56:59.961+0000][1][safepoint   ] Safepoint "Cleanup", Time since last: 1000171026 ns, Reaching safepoint: 66057 ns, At safepoint: 6428 ns, Total: 72485 ns
[2021-08-18T17:57:00.962+0000][1][safepoint   ] Safepoint "Cleanup", Time since last: 1000142433 ns, Reaching safepoint: 121654 ns, At safepoint: 4126 ns, Total: 125780 ns
[2021-08-18T17:57:01.962+0000][1][safepoint   ] Safepoint "Cleanup", Time since last: 1000088959 ns, Reaching safepoint: 39914 ns, At safepoint: 2548 ns, Total: 42462 ns
[2021-08-18T17:57:03.962+0000][1][safepoint   ] Safepoint "Cleanup", Time since last: 2000252736 ns, Reaching safepoint: 142974 ns, At safepoint: 8892 ns, Total: 151866 ns
[2021-08-18T17:57:04.962+0000][1][safepoint   ] Safepoint "Cleanup", Time since last: 1000206912 ns, Reaching safepoint: 94161 ns, At safepoint: 9065 ns, Total: 103226 ns
[2021-08-18T17:57:12.964+0000][1][safepoint   ] Safepoint "Cleanup", Time since last: 8001101911 ns, Reaching safepoint: 123811 ns, At safepoint: 12934 ns, Total: 136745 ns
[2021-08-18T17:57:15.591+0000][1][safepoint   ] Safepoint "Cleanup", Time since last: 1000158358 ns, Reaching safepoint: 70733 ns, At safepoint: 8124 ns, Total: 78857 ns
[2021-08-18T17:57:21.591+0000][1][safepoint   ] Safepoint "Cleanup", Time since last: 6000842220 ns, Reaching safepoint: 70195 ns, At safepoint: 8203 ns, Total: 78398 ns
[2021-08-18T17:57:27.592+0000][1][safepoint   ] Safepoint "Cleanup", Time since last: 6000854610 ns, Reaching safepoint: 92521 ns, At safepoint: 9192 ns, Total: 101713 ns
[2021-08-18T17:57:40.594+0000][1][safepoint   ] Safepoint "Cleanup", Time since last: 13001823097 ns, Reaching safepoint: 70072 ns, At safepoint: 8278 ns, Total: 78350 ns
[2021-08-18T17:57:42.595+0000][1][safepoint   ] Safepoint "Cleanup", Time since last: 2000332860 ns, Reaching safepoint: 61314 ns, At safepoint: 7867 ns, Total: 69181 ns
[2021-08-18T17:57:56.596+0000][1][safepoint   ] Safepoint "Cleanup", Time since last: 14001373935 ns, Reaching safepoint: 75321 ns, At safepoint: 8279 ns, Total: 83600 ns
[2021-08-18T17:57:57.596+0000][1][safepoint   ] Safepoint "Cleanup", Time since last: 1000131641 ns, Reaching safepoint: 89332 ns, At safepoint: 8152 ns, Total: 97484 ns
[2021-08-18T17:58:01.597+0000][1][safepoint   ] Safepoint "Cleanup", Time since last: 4000475655 ns, Reaching safepoint: 67823 ns, At safepoint: 7798 ns, Total: 75621 ns
[2021-08-18T17:58:09.598+0000][1][safepoint   ] Safepoint "Cleanup", Time since last: 8000978044 ns, Reaching safepoint: 96168 ns, At safepoint: 9418 ns, Total: 105586 ns
[2021-08-18T17:58:11.598+0000][1][safepoint   ] Safepoint "Cleanup", Time since last: 2000316846 ns, Reaching safepoint: 109280 ns, At safepoint: 10538 ns, Total: 119818 ns
[2021-08-18T17:58:22.600+0000][1][safepoint   ] Safepoint "Cleanup", Time since last: 11001349695 ns, Reaching safepoint: 98284 ns, At safepoint: 7889 ns, Total: 106173 ns
[2021-08-18T17:58:34.602+0000][1][safepoint   ] Safepoint "Cleanup", Time since last: 12001552889 ns, Reaching safepoint: 154513 ns, At safepoint: 12620 ns, Total: 167133 ns
[2021-08-18T17:58:37.602+0000][1][safepoint   ] Safepoint "Cleanup", Time since last: 3000448930 ns, Reaching safepoint: 64820 ns, At safepoint: 7839 ns, Total: 72659 ns
[2021-08-18T17:58:39.603+0000][1][safepoint   ] Safepoint "Cleanup", Time since last: 2000333683 ns, Reaching safepoint: 120844 ns, At safepoint: 13077 ns, Total: 133921 ns
[2021-08-18T17:58:42.603+0000][1][safepoint   ] Safepoint "Cleanup", Time since last: 3000461302 ns, Reaching safepoint: 63770 ns, At safepoint: 8148 ns, Total: 71918 ns
[2021-08-18T17:58:51.604+0000][1][safepoint   ] Safepoint "Cleanup", Time since last: 9001221843 ns, Reaching safepoint: 69197 ns, At safepoint: 8302 ns, Total: 77499 ns
[2021-08-18T17:58:57.606+0000][1][safepoint   ] Safepoint "Cleanup", Time since last: 6000945508 ns, Reaching safepoint: 102365 ns, At safepoint: 14529 ns, Total: 116894 ns
[2021-08-18T17:59:01.606+0000][1][safepoint   ] Safepoint "Cleanup", Time since last: 4000669616 ns, Reaching safepoint: 68960 ns, At safepoint: 8090 ns, Total: 77050 ns
[2021-08-18T17:59:04.607+0000][1][safepoint   ] Safepoint "Cleanup", Time since last: 3000499218 ns, Reaching safepoint: 87283 ns, At safepoint: 8131 ns, Total: 95414 ns
[2021-08-18T17:59:06.607+0000][1][safepoint   ] Safepoint "Cleanup", Time since last: 2000346611 ns, Reaching safepoint: 67041 ns, At safepoint: 7718 ns, Total: 74759 ns
[2021-08-18T17:59:07.608+0000][1][safepoint   ] Safepoint "Cleanup", Time since last: 1000210273 ns, Reaching safepoint: 57816 ns, At safepoint: 7390 ns, Total: 65206 ns
[2021-08-18T17:59:10.608+0000][1][safepoint   ] Safepoint "Cleanup", Time since last: 3000410162 ns, Reaching safepoint: 67044 ns, At safepoint: 8020 ns, Total: 75064 ns
[2021-08-18T17:59:19.610+0000][1][safepoint   ] Safepoint "Cleanup", Time since last: 9001373568 ns, Reaching safepoint: 65502 ns, At safepoint: 7734 ns, Total: 73236 ns
[2021-08-18T17:59:23.610+0000][1][safepoint   ] Safepoint "Cleanup", Time since last: 4000608587 ns, Reaching safepoint: 146902 ns, At safepoint: 20512 ns, Total: 167414 ns
[2021-08-18T17:59:27.611+0000][1][safepoint   ] Safepoint "Cleanup", Time since last: 4000516079 ns, Reaching safepoint: 63280 ns, At safepoint: 7765 ns, Total: 71045 ns
[2021-08-18T17:59:29.611+0000][1][safepoint   ] Safepoint "Cleanup", Time since last: 2000366273 ns, Reaching safepoint: 114713 ns, At safepoint: 12541 ns, Total: 127254 ns
[2021-08-18T17:59:30.612+0000][1][safepoint   ] Safepoint "Cleanup", Time since last: 1000208605 ns, Reaching safepoint: 59627 ns, At safepoint: 7492 ns, Total: 67119 ns
[2021-08-18T17:59:34.612+0000][1][safepoint   ] Safepoint "Cleanup", Time since last: 4000648698 ns, Reaching safepoint: 90527 ns, At safepoint: 8048 ns, Total: 98575 ns
[2021-08-18T18:00:06.617+0000][1][safepoint   ] Safepoint "Cleanup", Time since last: 32004501387 ns, Reaching safepoint: 102219 ns, At safepoint: 7688 ns, Total: 109907 ns
[2021-08-18T18:00:27.620+0000][1][safepoint   ] Safepoint "Cleanup", Time since last: 21003106020 ns, Reaching safepoint: 93165 ns, At safepoint: 7738 ns, Total: 100903 ns
[2021-08-18T18:00:31.621+0000][1][safepoint   ] Safepoint "Cleanup", Time since last: 4000697268 ns, Reaching safepoint: 89948 ns, At safepoint: 8971 ns, Total: 98919 ns
[2021-08-18T18:00:32.621+0000][1][safepoint   ] Safepoint "Cleanup", Time since last: 1000240152 ns, Reaching safepoint: 62106 ns, At safepoint: 7375 ns, Total: 69481 ns
[2021-08-18T18:00:38.622+0000][1][safepoint   ] Safepoint "Cleanup", Time since last: 6000925808 ns, Reaching safepoint: 122581 ns, At safepoint: 12651 ns, Total: 135232 ns
[2021-08-18T18:00:45.624+0000][1][safepoint   ] Safepoint "Cleanup", Time since last: 7001075696 ns, Reaching safepoint: 67496 ns, At safepoint: 7945 ns, Total: 75441 ns
[2021-08-18T18:00:51.625+0000][1][safepoint   ] Safepoint "Cleanup", Time since last: 6000924149 ns, Reaching safepoint: 123534 ns, At safepoint: 13084 ns, Total: 136618 ns
[2021-08-18T18:00:57.626+0000][1][safepoint   ] Safepoint "Cleanup", Time since last: 6000902494 ns, Reaching safepoint: 96147 ns, At safepoint: 8234 ns, Total: 104381 ns
[2021-08-18T18:01:02.626+0000][1][safepoint   ] Safepoint "Cleanup", Time since last: 5000672412 ns, Reaching safepoint: 122406 ns, At safepoint: 12847 ns, Total: 135253 ns
[2021-08-18T18:01:03.627+0000][1][safepoint   ] Safepoint "Cleanup", Time since last: 1000210341 ns, Reaching safepoint: 62993 ns, At safepoint: 7524 ns, Total: 70517 ns
[2021-08-18T18:01:06.627+0000][1][safepoint   ] Safepoint "Cleanup", Time since last: 3000445514 ns, Reaching safepoint: 123728 ns, At safepoint: 13370 ns, Total: 137098 ns
[2021-08-18T18:01:14.628+0000][1][safepoint   ] Safepoint "Cleanup", Time since last: 8001086885 ns, Reaching safepoint: 120229 ns, At safepoint: 12928 ns, Total: 133157 ns
[2021-08-18T18:01:27.630+0000][1][safepoint   ] Safepoint "Cleanup", Time since last: 13001698946 ns, Reaching safepoint: 115844 ns, At safepoint: 8637 ns, Total: 124481 ns
[2021-08-18T18:01:38.632+0000][1][safepoint   ] Safepoint "Cleanup", Time since last: 11001453581 ns, Reaching safepoint: 119248 ns, At safepoint: 12932 ns, Total: 132180 ns
[2021-08-18T18:01:53.634+0000][1][safepoint   ] Safepoint "Cleanup", Time since last: 15002016941 ns, Reaching safepoint: 99182 ns, At safepoint: 8160 ns, Total: 107342 ns
[2021-08-18T18:01:57.635+0000][1][safepoint   ] Safepoint "Cleanup", Time since last: 4000595092 ns, Reaching safepoint: 91123 ns, At safepoint: 8156 ns, Total: 99279 ns
[2021-08-18T18:02:01.635+0000][1][safepoint   ] Safepoint "Cleanup", Time since last: 4000546592 ns, Reaching safepoint: 66919 ns, At safepoint: 7872 ns, Total: 74791 ns
[2021-08-18T18:02:24.639+0000][1][safepoint   ] Safepoint "Cleanup", Time since last: 23003138051 ns, Reaching safepoint: 149120 ns, At safepoint: 12906 ns, Total: 162026 ns
[2021-08-18T18:02:34.640+0000][1][safepoint   ] Safepoint "Cleanup", Time since last: 10001448468 ns, Reaching safepoint: 180802 ns, At safepoint: 14802 ns, Total: 195604 ns
[2021-08-18T18:03:09.644+0000][1][safepoint   ] Safepoint "Cleanup", Time since last: 35003696679 ns, Reaching safepoint: 146649 ns, At safepoint: 9280 ns, Total: 155929 ns
[2021-08-18T18:03:11.645+0000][1][safepoint   ] Safepoint "Cleanup", Time since last: 2000344706 ns, Reaching safepoint: 125841 ns, At safepoint: 10957 ns, Total: 136798 ns
[2021-08-18T18:03:19.646+0000][1][safepoint   ] Safepoint "Cleanup", Time since last: 8001083931 ns, Reaching safepoint: 158318 ns, At safepoint: 9016 ns, Total: 167334 ns
[2021-08-18T18:03:20.646+0000][1][safepoint   ] Safepoint "Cleanup", Time since last: 1000203994 ns, Reaching safepoint: 95702 ns, At safepoint: 9434 ns, Total: 105136 ns
[2021-08-18T18:03:27.647+0000][1][safepoint   ] Safepoint "Cleanup", Time since last: 7000798714 ns, Reaching safepoint: 88539 ns, At safepoint: 8577 ns, Total: 97116 ns
[2021-08-18T18:03:32.648+0000][1][safepoint   ] Safepoint "Cleanup", Time since last: 5000679538 ns, Reaching safepoint: 71353 ns, At safepoint: 7950 ns, Total: 79303 ns
[2021-08-18T18:03:47.650+0000][1][safepoint   ] Safepoint "Cleanup", Time since last: 15002089956 ns, Reaching safepoint: 115141 ns, At safepoint: 10862 ns, Total: 126003 ns
[2021-08-18T18:03:48.650+0000][1][safepoint   ] Safepoint "Cleanup", Time since last: 1000225041 ns, Reaching safepoint: 143712 ns, At safepoint: 16069 ns, Total: 159781 ns
[2021-08-18T18:03:58.652+0000][1][safepoint   ] Safepoint "Cleanup", Time since last: 10001232598 ns, Reaching safepoint: 78023 ns, At safepoint: 9216 ns, Total: 87239 ns
[2021-08-18T18:04:27.656+0000][1][safepoint   ] Safepoint "Cleanup", Time since last: 29003835425 ns, Reaching safepoint: 97667 ns, At safepoint: 8386 ns, Total: 106053 ns
[2021-08-18T18:04:30.656+0000][1][safepoint   ] Safepoint "Cleanup", Time since last: 3000487351 ns, Reaching safepoint: 164095 ns, At safepoint: 22138 ns, Total: 186233 ns
[2021-08-18T18:05:12.661+0000][1][safepoint   ] Safepoint "Cleanup", Time since last: 42004786212 ns, Reaching safepoint: 105378 ns, At safepoint: 6260 ns, Total: 111638 ns
[2021-08-18T18:05:17.662+0000][1][safepoint   ] Safepoint "Cleanup", Time since last: 5000734951 ns, Reaching safepoint: 76656 ns, At safepoint: 9074 ns, Total: 85730 ns
[2021-08-18T18:06:20.670+0000][1][safepoint   ] Safepoint "Cleanup", Time since last: 63008191004 ns, Reaching safepoint: 133926 ns, At safepoint: 8963 ns, Total: 142889 ns
[2021-08-18T18:06:21.671+0000][1][safepoint   ] Safepoint "Cleanup", Time since last: 1000204904 ns, Reaching safepoint: 68925 ns, At safepoint: 9037 ns, Total: 77962 ns
[2021-08-18T18:06:57.124+0000][1][safepoint   ] Safepoint "Cleanup", Time since last: 35452797645 ns, Reaching safepoint: 75234 ns, At safepoint: 11568 ns, Total: 86802 ns
[2021-08-18T18:06:58.486+0000][1][safepoint   ] Safepoint "Cleanup", Time since last: 1362375175 ns, Reaching safepoint: 232639 ns, At safepoint: 15426 ns, Total: 248065 ns
[2021-08-18T18:07:01.487+0000][1][safepoint   ] Safepoint "Cleanup", Time since last: 3000464214 ns, Reaching safepoint: 89264 ns, At safepoint: 9481 ns, Total: 98745 ns
[2021-08-18T18:07:27.490+0000][1][safepoint   ] Safepoint "Cleanup", Time since last: 26002983777 ns, Reaching safepoint: 54166 ns, At safepoint: 2728 ns, Total: 56894 ns
[2021-08-18T18:07:47.492+0000][1][safepoint   ] Safepoint "Cleanup", Time since last: 20001643808 ns, Reaching safepoint: 121176 ns, At safepoint: 15389 ns, Total: 136565 ns
[2021-08-18T18:07:53.492+0000][1][safepoint   ] Safepoint "Cleanup", Time since last: 6000734985 ns, Reaching safepoint: 93253 ns, At safepoint: 9299 ns, Total: 102552 ns
[2021-08-18T18:07:57.493+0000][1][safepoint   ] Safepoint "Cleanup", Time since last: 4000542688 ns, Reaching safepoint: 94582 ns, At safepoint: 8044 ns, Total: 102626 ns
[2021-08-18T18:08:27.496+0000][1][safepoint   ] Safepoint "Cleanup", Time since last: 30003221409 ns, Reaching safepoint: 105095 ns, At safepoint: 8154 ns, Total: 113249 ns
[2021-08-18T18:09:24.503+0000][1][safepoint   ] Safepoint "Cleanup", Time since last: 57006909233 ns, Reaching safepoint: 111992 ns, At safepoint: 8662 ns, Total: 120654 ns
[2021-08-18T18:10:24.511+0000][1][safepoint   ] Safepoint "Cleanup", Time since last: 60007335924 ns, Reaching safepoint: 103189 ns, At safepoint: 8346 ns, Total: 111535 ns
[2021-08-18T18:11:57.522+0000][1][safepoint   ] Safepoint "Cleanup", Time since last: 93011277069 ns, Reaching safepoint: 140207 ns, At safepoint: 9283 ns, Total: 149490 ns
[2021-08-18T18:12:24.526+0000][1][safepoint   ] Safepoint "Cleanup", Time since last: 27003257306 ns, Reaching safepoint: 129790 ns, At safepoint: 8842 ns, Total: 138632 ns
[2021-08-18T18:12:27.526+0000][1][safepoint   ] Safepoint "Cleanup", Time since last: 3000428861 ns, Reaching safepoint: 175222 ns, At safepoint: 14755 ns, Total: 189977 ns
[2021-08-18T18:15:11.546+0000][1][safepoint   ] Safepoint "Cleanup", Time since last: 164019472579 ns, Reaching safepoint: 142882 ns, At safepoint: 10400 ns, Total: 153282 ns
[2021-08-18T18:15:42.550+0000][1][safepoint   ] Safepoint "Cleanup", Time since last: 31003426374 ns, Reaching safepoint: 152639 ns, At safepoint: 8288 ns, Total: 160927 ns
[2021-08-18T18:15:57.551+0000][1][safepoint   ] Safepoint "Cleanup", Time since last: 15001641401 ns, Reaching safepoint: 61254 ns, At safepoint: 16684 ns, Total: 77938 ns
[2021-08-18T18:16:56.558+0000][1][safepoint   ] Safepoint "Cleanup", Time since last: 59006978406 ns, Reaching safepoint: 211836 ns, At safepoint: 15653 ns, Total: 227489 ns
[2021-08-18T18:16:57.559+0000][1][safepoint   ] Safepoint "Cleanup", Time since last: 1000170695 ns, Reaching safepoint: 172385 ns, At safepoint: 15747 ns, Total: 188132 ns
[2021-08-18T18:17:27.563+0000][1][safepoint   ] Safepoint "Cleanup", Time since last: 30003760651 ns, Reaching safepoint: 202390 ns, At safepoint: 15043 ns, Total: 217433 ns
[2021-08-18T18:18:21.569+0000][1][safepoint   ] Safepoint "Cleanup", Time since last: 54006412547 ns, Reaching safepoint: 213094 ns, At safepoint: 15557 ns, Total: 228651 ns
[2021-08-18T18:19:22.577+0000][1][safepoint   ] Safepoint "Cleanup", Time since last: 61007384908 ns, Reaching safepoint: 212684 ns, At safepoint: 15307 ns, Total: 227991 ns
[2021-08-18T18:19:57.582+0000][1][safepoint   ] Safepoint "Cleanup", Time since last: 35004501279 ns, Reaching safepoint: 112403 ns, At safepoint: 8387 ns, Total: 120790 ns
[2021-08-18T18:21:27.593+0000][1][safepoint   ] Safepoint "Cleanup", Time since last: 90011180613 ns, Reaching safepoint: 147553 ns, At safepoint: 10062 ns, Total: 157615 ns
[2021-08-18T18:21:31.594+0000][1][safepoint   ] Safepoint "Cleanup", Time since last: 4000559931 ns, Reaching safepoint: 71392 ns, At safepoint: 8511 ns, Total: 79903 ns
[2021-08-18T18:23:27.607+0000][1][safepoint   ] Safepoint "Cleanup", Time since last: 116013497214 ns, Reaching safepoint: 145701 ns, At safepoint: 9411 ns, Total: 155112 ns
[2021-08-18T18:23:46.610+0000][1][safepoint   ] Safepoint "Cleanup", Time since last: 19002471827 ns, Reaching safepoint: 155827 ns, At safepoint: 13093 ns, Total: 168920 ns
[2021-08-18T18:24:56.617+0000][1][safepoint   ] Safepoint "Cleanup", Time since last: 70007427561 ns, Reaching safepoint: 70693 ns, At safepoint: 2699 ns, Total: 73392 ns
[2021-08-18T18:24:57.618+0000][1][safepoint   ] Safepoint "Cleanup", Time since last: 1000099762 ns, Reaching safepoint: 31651 ns, At safepoint: 2826 ns, Total: 34477 ns
[2021-08-18T18:26:27.627+0000][1][safepoint   ] Safepoint "Cleanup", Time since last: 90009673067 ns, Reaching safepoint: 118373 ns, At safepoint: 8394 ns, Total: 126767 ns
[2021-08-18T18:26:50.631+0000][1][safepoint   ] Safepoint "Cleanup", Time since last: 23003338827 ns, Reaching safepoint: 94272 ns, At safepoint: 9454 ns, Total: 103726 ns
[2021-08-18T18:26:57.632+0000][1][safepoint   ] Safepoint "Cleanup", Time since last: 7001298564 ns, Reaching safepoint: 144525 ns, At safepoint: 10704 ns, Total: 155229 ns
[2021-08-18T18:27:27.637+0000][1][safepoint   ] Safepoint "Cleanup", Time since last: 30004432622 ns, Reaching safepoint: 50649 ns, At safepoint: 3333 ns, Total: 53982 ns
[2021-08-18T18:27:31.637+0000][1][safepoint   ] Safepoint "Cleanup", Time since last: 4000663076 ns, Reaching safepoint: 23986 ns, At safepoint: 2529 ns, Total: 26515 ns
[2021-08-18T18:27:32.638+0000][1][safepoint   ] Safepoint "Cleanup", Time since last: 1000187616 ns, Reaching safepoint: 69791 ns, At safepoint: 8575 ns, Total: 78366 ns
[2021-08-18T18:27:57.641+0000][1][safepoint   ] Safepoint "Cleanup", Time since last: 25002921087 ns, Reaching safepoint: 31554 ns, At safepoint: 2011 ns, Total: 33565 ns
[2021-08-18T18:28:27.645+0000][1][safepoint   ] Safepoint "Cleanup", Time since last: 30004085022 ns, Reaching safepoint: 138810 ns, At safepoint: 10610 ns, Total: 149420 ns
[2021-08-18T18:28:57.649+0000][1][safepoint   ] Safepoint "Cleanup", Time since last: 30004187130 ns, Reaching safepoint: 119277 ns, At safepoint: 8676 ns, Total: 127953 ns
[2021-08-18T18:29:01.650+0000][1][safepoint   ] Safepoint "Cleanup", Time since last: 4000690560 ns, Reaching safepoint: 93941 ns, At safepoint: 9286 ns, Total: 103227 ns
[2021-08-18T18:29:27.653+0000][1][safepoint   ] Safepoint "Cleanup", Time since last: 26003186660 ns, Reaching safepoint: 105716 ns, At safepoint: 8055 ns, Total: 113771 ns
[2021-08-18T18:30:51.664+0000][1][safepoint   ] Safepoint "Cleanup", Time since last: 84010884038 ns, Reaching safepoint: 137699 ns, At safepoint: 8212 ns, Total: 145911 ns
[2021-08-18T18:32:31.677+0000][1][safepoint   ] Safepoint "Cleanup", Time since last: 100012695411 ns, Reaching safepoint: 135074 ns, At safepoint: 9243 ns, Total: 144317 ns
[2021-08-18T18:33:02.682+0000][1][safepoint   ] Safepoint "Cleanup", Time since last: 31004311678 ns, Reaching safepoint: 38033 ns, At safepoint: 2326 ns, Total: 40359 ns
[2021-08-18T18:33:06.682+0000][1][safepoint   ] Safepoint "Cleanup", Time since last: 4000449627 ns, Reaching safepoint: 30769 ns, At safepoint: 2055 ns, Total: 32824 ns
[2021-08-18T18:33:13.683+0000][1][safepoint   ] Safepoint "Cleanup", Time since last: 7000952189 ns, Reaching safepoint: 106165 ns, At safepoint: 8581 ns, Total: 114746 ns
[2021-08-18T18:33:27.685+0000][1][safepoint   ] Safepoint "Cleanup", Time since last: 14001906654 ns, Reaching safepoint: 97938 ns, At safepoint: 8465 ns, Total: 106403 ns
[2021-08-18T18:34:26.693+0000][1][safepoint   ] Safepoint "Cleanup", Time since last: 59007469529 ns, Reaching safepoint: 111752 ns, At safepoint: 15528 ns, Total: 127280 ns
[2021-08-18T18:36:57.711+0000][1][safepoint   ] Safepoint "Cleanup", Time since last: 151018333224 ns, Reaching safepoint: 99370 ns, At safepoint: 7828 ns, Total: 107198 ns
[2021-08-18T18:37:27.715+0000][1][safepoint   ] Safepoint "Cleanup", Time since last: 30003847622 ns, Reaching safepoint: 103741 ns, At safepoint: 7980 ns, Total: 111721 ns
[2021-08-18T18:40:27.737+0000][1][safepoint   ] Safepoint "Cleanup", Time since last: 180021907709 ns, Reaching safepoint: 108386 ns, At safepoint: 8146 ns, Total: 116532 ns
[2021-08-18T18:40:57.740+0000][1][safepoint   ] Safepoint "Cleanup", Time since last: 30003069126 ns, Reaching safepoint: 111309 ns, At safepoint: 8015 ns, Total: 119324 ns
[2021-08-18T18:41:42.746+0000][1][safepoint   ] Safepoint "Cleanup", Time since last: 45005417519 ns, Reaching safepoint: 179160 ns, At safepoint: 16961 ns, Total: 196121 ns
[2021-08-18T18:41:57.748+0000][1][safepoint   ] Safepoint "Cleanup", Time since last: 15001682998 ns, Reaching safepoint: 121034 ns, At safepoint: 8202 ns, Total: 129236 ns
[2021-08-18T18:45:57.777+0000][1][safepoint   ] Safepoint "Cleanup", Time since last: 240029044667 ns, Reaching safepoint: 93398 ns, At safepoint: 7841 ns, Total: 101239 ns
[2021-08-18T18:46:57.784+0000][1][safepoint   ] Safepoint "Cleanup", Time since last: 60007260939 ns, Reaching safepoint: 101267 ns, At safepoint: 8032 ns, Total: 109299 ns
[2021-08-18T18:49:27.803+0000][1][safepoint   ] Safepoint "Cleanup", Time since last: 150018425903 ns, Reaching safepoint: 109612 ns, At safepoint: 8207 ns, Total: 117819 ns
[2021-08-18T18:50:57.814+0000][1][safepoint   ] Safepoint "Cleanup", Time since last: 90011434372 ns, Reaching safepoint: 48500 ns, At safepoint: 4035 ns, Total: 52535 ns
[2021-08-18T18:51:57.822+0000][1][safepoint   ] Safepoint "Cleanup", Time since last: 60007440760 ns, Reaching safepoint: 159515 ns, At safepoint: 8189 ns, Total: 167704 ns
[2021-08-18T18:52:01.823+0000][1][safepoint   ] Safepoint "Cleanup", Time since last: 4000630281 ns, Reaching safepoint: 74146 ns, At safepoint: 9292 ns, Total: 83438 ns
[2021-08-18T18:57:27.863+0000][1][safepoint   ] Safepoint "Cleanup", Time since last: 326040603569 ns, Reaching safepoint: 122353 ns, At safepoint: 8458 ns, Total: 130811 ns
[2021-08-18T18:58:27.871+0000][1][safepoint   ] Safepoint "Cleanup", Time since last: 60007551260 ns, Reaching safepoint: 99983 ns, At safepoint: 8807 ns, Total: 108790 ns
[2021-08-18T19:01:07.891+0000][1][safepoint   ] Safepoint "Cleanup", Time since last: 160019686970 ns, Reaching safepoint: 149663 ns, At safepoint: 19248 ns, Total: 168911 ns
[2021-08-18T19:01:27.894+0000][1][safepoint   ] Safepoint "Cleanup", Time since last: 20002543957 ns, Reaching safepoint: 193384 ns, At safepoint: 22658 ns, Total: 216042 ns
[2021-08-18T19:02:57.905+0000][1][safepoint   ] Safepoint "Cleanup", Time since last: 90011224083 ns, Reaching safepoint: 131035 ns, At safepoint: 10040 ns, Total: 141075 ns
[2021-08-18T19:03:27.909+0000][1][safepoint   ] Safepoint "Cleanup", Time since last: 30003737083 ns, Reaching safepoint: 113623 ns, At safepoint: 16121 ns, Total: 129744 ns
[2021-08-18T19:05:57.927+0000][1][safepoint   ] Safepoint "Cleanup", Time since last: 150018477212 ns, Reaching safepoint: 110983 ns, At safepoint: 9671 ns, Total: 120654 ns
[2021-08-18T19:06:11.930+0000][1][safepoint   ] Safepoint "Cleanup", Time since last: 14001956377 ns, Reaching safepoint: 120708 ns, At safepoint: 16729 ns, Total: 137437 ns
[2021-08-18T19:06:27.932+0000][1][safepoint   ] Safepoint "Cleanup", Time since last: 16002212167 ns, Reaching safepoint: 131443 ns, At safepoint: 17473 ns, Total: 148916 ns
[2021-08-18T19:06:57.936+0000][1][safepoint   ] Safepoint "Cleanup", Time since last: 30003692888 ns, Reaching safepoint: 131923 ns, At safepoint: 11091 ns, Total: 143014 ns
[2021-08-18T19:11:56.971+0000][1][safepoint   ] Safepoint "Cleanup", Time since last: 299034918389 ns, Reaching safepoint: 144421 ns, At safepoint: 9366 ns, Total: 153787 ns
[2021-08-18T19:11:57.971+0000][1][safepoint   ] Safepoint "Cleanup", Time since last: 1000220326 ns, Reaching safepoint: 93431 ns, At safepoint: 10080 ns, Total: 103511 ns
[2021-08-18T19:16:58.006+0000][1][safepoint   ] Safepoint "Cleanup", Time since last: 300034869959 ns, Reaching safepoint: 110743 ns, At safepoint: 15499 ns, Total: 126242 ns
[2021-08-18T19:17:58.014+0000][1][safepoint   ] Safepoint "Cleanup", Time since last: 60007311804 ns, Reaching safepoint: 103570 ns, At safepoint: 16985 ns, Total: 120555 ns
[2021-08-18T19:22:28.045+0000][1][safepoint   ] Safepoint "Cleanup", Time since last: 270031733665 ns, Reaching safepoint: 141742 ns, At safepoint: 17365 ns, Total: 159107 ns
[2021-08-18T19:23:27.053+0000][1][safepoint   ] Safepoint "Cleanup", Time since last: 59006893277 ns, Reaching safepoint: 227571 ns, At safepoint: 16271 ns, Total: 243842 ns
[2021-08-18T19:23:28.053+0000][1][safepoint   ] Safepoint "Cleanup", Time since last: 1000239696 ns, Reaching safepoint: 70927 ns, At safepoint: 9283 ns, Total: 80210 ns
[2021-08-18T19:26:58.078+0000][1][safepoint   ] Safepoint "Cleanup", Time since last: 210025005332 ns, Reaching safepoint: 155661 ns, At safepoint: 11446 ns, Total: 167107 ns
[2021-08-18T19:30:28.104+0000][1][safepoint   ] Safepoint "Cleanup", Time since last: 210025581621 ns, Reaching safepoint: 147143 ns, At safepoint: 10110 ns, Total: 157253 ns
[2021-08-18T19:30:58.108+0000][1][safepoint   ] Safepoint "Cleanup", Time since last: 30003816608 ns, Reaching safepoint: 152897 ns, At safepoint: 8786 ns, Total: 161683 ns
[2021-08-18T19:31:28.112+0000][1][safepoint   ] Safepoint "Cleanup", Time since last: 30003633049 ns, Reaching safepoint: 113189 ns, At safepoint: 9621 ns, Total: 122810 ns
[2021-08-18T19:31:58.115+0000][1][safepoint   ] Safepoint "Cleanup", Time since last: 30003680236 ns, Reaching safepoint: 138563 ns, At safepoint: 9767 ns, Total: 148330 ns
[2021-08-18T19:32:28.119+0000][1][safepoint   ] Safepoint "Cleanup", Time since last: 30003846051 ns, Reaching safepoint: 140092 ns, At safepoint: 16846 ns, Total: 156938 ns
[2021-08-18T19:33:28.127+0000][1][safepoint   ] Safepoint "Cleanup", Time since last: 60007295151 ns, Reaching safepoint: 141101 ns, At safepoint: 16332 ns, Total: 157433 ns
[2021-08-18T19:38:58.167+0000][1][safepoint   ] Safepoint "Cleanup", Time since last: 330039753078 ns, Reaching safepoint: 157423 ns, At safepoint: 16513 ns, Total: 173936 ns
[2021-08-18T19:42:18.191+0000][1][safepoint   ] Safepoint "Cleanup", Time since last: 200023605340 ns, Reaching safepoint: 132309 ns, At safepoint: 8819 ns, Total: 141128 ns
[2021-08-18T19:46:32.223+0000][1][safepoint   ] Safepoint "Cleanup", Time since last: 254031914804 ns, Reaching safepoint: 140084 ns, At safepoint: 9013 ns, Total: 149097 ns
[2021-08-18T19:46:52.225+0000][1][safepoint   ] Safepoint "Cleanup", Time since last: 20002701112 ns, Reaching safepoint: 119340 ns, At safepoint: 8536 ns, Total: 127876 ns
[2021-08-18T19:48:58.242+0000][1][safepoint   ] Safepoint "Cleanup", Time since last: 126016166263 ns, Reaching safepoint: 132719 ns, At safepoint: 9935 ns, Total: 142654 ns
[2021-08-18T19:51:42.263+0000][1][safepoint   ] Safepoint "Cleanup", Time since last: 164021130518 ns, Reaching safepoint: 150588 ns, At safepoint: 16219 ns, Total: 166807 ns
[2021-08-18T19:54:22.283+0000][1][safepoint   ] Safepoint "Cleanup", Time since last: 160019862181 ns, Reaching safepoint: 169603 ns, At safepoint: 16825 ns, Total: 186428 ns
[2021-08-18T19:56:28.299+0000][1][safepoint   ] Safepoint "Cleanup", Time since last: 126015928163 ns, Reaching safepoint: 112933 ns, At safepoint: 16184 ns, Total: 129117 ns
[2021-08-18T19:58:28.314+0000][1][safepoint   ] Safepoint "Cleanup", Time since last: 120015089784 ns, Reaching safepoint: 102470 ns, At safepoint: 8102 ns, Total: 110572 ns
[2021-08-18T20:01:28.337+0000][1][safepoint   ] Safepoint "Cleanup", Time since last: 180022316212 ns, Reaching safepoint: 105430 ns, At safepoint: 8603 ns, Total: 114033 ns
[2021-08-18T20:02:58.348+0000][1][safepoint   ] Safepoint "Cleanup", Time since last: 90011023761 ns, Reaching safepoint: 142200 ns, At safepoint: 9355 ns, Total: 151555 ns
[2021-08-18T20:03:28.352+0000][1][safepoint   ] Safepoint "Cleanup", Time since last: 30003653565 ns, Reaching safepoint: 123383 ns, At safepoint: 16024 ns, Total: 139407 ns
[2021-08-18T20:04:28.359+0000][1][safepoint   ] Safepoint "Cleanup", Time since last: 60007370814 ns, Reaching safepoint: 132150 ns, At safepoint: 8532 ns, Total: 140682 ns
[2021-08-18T20:05:28.367+0000][1][safepoint   ] Safepoint "Cleanup", Time since last: 60007576377 ns, Reaching safepoint: 154682 ns, At safepoint: 8839 ns, Total: 163521 ns
[2021-08-18T20:05:58.371+0000][1][safepoint   ] Safepoint "Cleanup", Time since last: 30003806973 ns, Reaching safepoint: 145714 ns, At safepoint: 10233 ns, Total: 155947 ns
[2021-08-18T20:06:58.378+0000][1][safepoint   ] Safepoint "Cleanup", Time since last: 60007321141 ns, Reaching safepoint: 107578 ns, At safepoint: 15255 ns, Total: 122833 ns
[2021-08-18T20:19:58.475+0000][1][safepoint   ] Safepoint "Cleanup", Time since last: 780096760487 ns, Reaching safepoint: 102029 ns, At safepoint: 15510 ns, Total: 117539 ns
[2021-08-18T20:27:58.535+0000][1][safepoint   ] Safepoint "Cleanup", Time since last: 480059601690 ns, Reaching safepoint: 120168 ns, At safepoint: 15744 ns, Total: 135912 ns
[2021-08-18T20:28:28.539+0000][1][safepoint   ] Safepoint "Cleanup", Time since last: 30003721096 ns, Reaching safepoint: 109405 ns, At safepoint: 15982 ns, Total: 125387 ns
[2021-08-18T20:30:58.558+0000][1][safepoint   ] Safepoint "Cleanup", Time since last: 150019019465 ns, Reaching safepoint: 141427 ns, At safepoint: 14941 ns, Total: 156368 ns
[2021-08-18T20:41:57.640+0000][1][safepoint   ] Safepoint "Cleanup", Time since last: 659081382512 ns, Reaching safepoint: 93360 ns, At safepoint: 16076 ns, Total: 109436 ns
[2021-08-18T20:53:58.726+0000][1][safepoint   ] Safepoint "Cleanup", Time since last: 721086327812 ns, Reaching safepoint: 142583 ns, At safepoint: 9308 ns, Total: 151891 ns
[2021-08-18T20:56:57.747+0000][1][safepoint   ] Safepoint "Cleanup", Time since last: 179020968733 ns, Reaching safepoint: 139701 ns, At safepoint: 17291 ns, Total: 156992 ns
[2021-08-18T20:58:28.758+0000][1][safepoint   ] Safepoint "Cleanup", Time since last: 91011117953 ns, Reaching safepoint: 155931 ns, At safepoint: 16414 ns, Total: 172345 ns
[2021-08-18T21:02:28.789+0000][1][safepoint   ] Safepoint "Cleanup", Time since last: 240030522502 ns, Reaching safepoint: 115232 ns, At safepoint: 16345 ns, Total: 131577 ns
[2021-08-18T21:07:28.826+0000][1][safepoint   ] Safepoint "Cleanup", Time since last: 300036869584 ns, Reaching safepoint: 113764 ns, At safepoint: 15128 ns, Total: 128892 ns
[2021-08-18T21:08:28.834+0000][1][safepoint   ] Safepoint "Cleanup", Time since last: 60007275334 ns, Reaching safepoint: 163842 ns, At safepoint: 7930 ns, Total: 171772 ns
[2021-08-18T21:09:28.841+0000][1][safepoint   ] Safepoint "Cleanup", Time since last: 60007703429 ns, Reaching safepoint: 144649 ns, At safepoint: 14784 ns, Total: 159433 ns
[2021-08-18T21:11:57.859+0000][1][safepoint   ] Safepoint "Cleanup", Time since last: 149017437638 ns, Reaching safepoint: 143358 ns, At safepoint: 16543 ns, Total: 159901 ns
[2021-08-18T21:14:28.879+0000][1][safepoint   ] Safepoint "Cleanup", Time since last: 151019508506 ns, Reaching safepoint: 132959 ns, At safepoint: 15305 ns, Total: 148264 ns
[2021-08-18T21:41:29.058+0000][1][safepoint   ] Safepoint "Cleanup", Time since last: 1620179591167 ns, Reaching safepoint: 132097 ns, At safepoint: 8673 ns, Total: 140770 ns
[2021-08-18T22:00:28.185+0000][1][safepoint   ] Safepoint "Cleanup", Time since last: 1139126879396 ns, Reaching safepoint: 160878 ns, At safepoint: 19265 ns, Total: 180143 ns
[2021-08-18T22:11:28.255+0000][1][safepoint   ] Safepoint "Cleanup", Time since last: 660069633491 ns, Reaching safepoint: 155181 ns, At safepoint: 16804 ns, Total: 171985 ns
[2021-08-18T22:12:28.262+0000][1][safepoint   ] Safepoint "Cleanup", Time since last: 60006410446 ns, Reaching safepoint: 184057 ns, At safepoint: 8778 ns, Total: 192835 ns
[2021-08-18T22:13:22.267+0000][1][safepoint   ] Safepoint "Cleanup", Time since last: 54005551301 ns, Reaching safepoint: 96063 ns, At safepoint: 15203 ns, Total: 111266 ns
[2021-08-18T22:13:28.268+0000][1][safepoint   ] Safepoint "Cleanup", Time since last: 6000839800 ns, Reaching safepoint: 74237 ns, At safepoint: 8755 ns, Total: 82992 ns
[2021-08-18T22:14:51.894+0000][1][gc,heap,exit] Heap
[2021-08-18T22:14:51.894+0000][1][gc,heap,exit]  garbage-first heap   total 2097152K, used 414950K [0x0000000080000000, 0x0000000100000000)
[2021-08-18T22:14:51.894+0000][1][gc,heap,exit]   region size 1024K, 396 young (405504K), 16 survivors (16384K)
[2021-08-18T22:14:51.894+0000][1][gc,heap,exit]  Metaspace       used 65798K, committed 66368K, reserved 1114112K
[2021-08-18T22:14:51.894+0000][1][gc,heap,exit]   class space    used 8796K, committed 9088K, reserved 1048576K
